 streamSignalEmulation2_sfun

 Timestamp is 5355427f (Mon Apr 21 18:08:31 2014)

 Preferred load address is 0000000180000000

 Start         Length     Name                   Class
 0001:00000000 00033454H .text                   CODE
 0001:00033460 00000092H .text$x                 CODE
 0002:00000000 000004d8H .idata$5                DATA
 0002:000004d8 00000008H .CRT$XCA                DATA
 0002:000004e0 00000008H .CRT$XCZ                DATA
 0002:000004e8 00000008H .CRT$XIA                DATA
 0002:000004f0 00000008H .CRT$XIAA               DATA
 0002:000004f8 00000008H .CRT$XIZ                DATA
 0002:00000500 00004bf4H .rdata                  DATA
 0002:000050f8 00000008H .rtc$IAA                DATA
 0002:00005100 00000008H .rtc$IZZ                DATA
 0002:00005108 00000008H .rtc$TAA                DATA
 0002:00005110 00000008H .rtc$TZZ                DATA
 0002:00005118 000043acH .xdata                  DATA
 0002:000094c4 0000008cH .idata$2                DATA
 0002:00009550 00000014H .idata$3                DATA
 0002:00009568 000004d8H .idata$4                DATA
 0002:00009a40 00000b84H .idata$6                DATA
 0002:0000a5d0 00000061H .edata                  DATA
 0003:00000000 00001538H .data                   DATA
 0003:00001540 00002438H .bss                    DATA
 0004:00000000 00003330H .pdata                  DATA

  Address         Publics by Value              Rva+Base               Lib:Object

 0000:00000000       ___safe_se_handler_count   0000000000000000     <absolute>
 0000:00000000       ___safe_se_handler_table   0000000000000000     <absolute>
 0000:00000000       __ImageBase                0000000180000000     <linker-defined>
 0001:00000000       streamSignalEmulation2_initializer 0000000180001000 f   streamSignalEmulation2_sfun.obj
 0001:00000010       streamSignalEmulation2_terminator 0000000180001010 f   streamSignalEmulation2_sfun.obj
 0001:00000020       sf_streamSignalEmulation2_method_dispatcher 0000000180001020 f   streamSignalEmulation2_sfun.obj
 0001:00000070       sf_streamSignalEmulation2_process_check_sum_call 0000000180001070 f   streamSignalEmulation2_sfun.obj
 0001:00000480       sf_streamSignalEmulation2_autoinheritance_info 0000000180001480 f   streamSignalEmulation2_sfun.obj
 0001:000005f0       sf_streamSignalEmulation2_get_eml_resolved_functions_info 00000001800015f0 f   streamSignalEmulation2_sfun.obj
 0001:00000720       sf_streamSignalEmulation2_third_party_uses_info 0000000180001720 f   streamSignalEmulation2_sfun.obj
 0001:00000870       sf_streamSignalEmulation2_updateBuildInfo_args_info 0000000180001870 f   streamSignalEmulation2_sfun.obj
 0001:000009c0       streamSignalEmulation2_debug_initialize 00000001800019c0 f   streamSignalEmulation2_sfun.obj
 0001:00000a40       streamSignalEmulation2_register_exported_symbols 0000000180001a40 f   streamSignalEmulation2_sfun.obj
 0001:00000a50       load_streamSignalEmulation2_optimization_info 0000000180001a50 f   streamSignalEmulation2_sfun.obj
 0001:00000aa0       unload_streamSignalEmulation2_optimization_info 0000000180001aa0 f   streamSignalEmulation2_sfun.obj
 0001:00000ad0       sf_c2_streamSignalEmulation2_get_eml_resolved_functions_info 0000000180001ad0 f   c2_streamSignalEmulation2.obj
 0001:00000b50       sf_c2_streamSignalEmulation2_get_check_sum 0000000180001b50 f   c2_streamSignalEmulation2.obj
 0001:00000bd0       sf_c2_streamSignalEmulation2_get_autoinheritance_info 0000000180001bd0 f   c2_streamSignalEmulation2.obj
 0001:00000ff0       sf_c2_streamSignalEmulation2_third_party_uses_info 0000000180001ff0 f   c2_streamSignalEmulation2.obj
 0001:00001020       sf_c2_streamSignalEmulation2_updateBuildInfo_args_info 0000000180002020 f   c2_streamSignalEmulation2.obj
 0001:00001050       sf_internal_get_sim_state_c2_streamSignalEmulation2 0000000180002050 f   c2_streamSignalEmulation2.obj
 0001:000013a0       sf_internal_set_sim_state_c2_streamSignalEmulation2 00000001800023a0 f   c2_streamSignalEmulation2.obj
 0001:000017a0       c2_streamSignalEmulation2_method_dispatcher 00000001800027a0 f   c2_streamSignalEmulation2.obj
 0001:00003260       sf_process_check_sum_call  0000000180004260 f   streamSignalEmulation2_sfun_registry.obj
 0001:000032b0       sf_process_autoinheritance_call 00000001800042b0 f   streamSignalEmulation2_sfun_registry.obj
 0001:00003450       sf_process_get_third_party_uses_info_call 0000000180004450 f   streamSignalEmulation2_sfun_registry.obj
 0001:000035f0       sf_process_get_updateBuildInfo_args_info_call 00000001800045f0 f   streamSignalEmulation2_sfun_registry.obj
 0001:00003790       sf_process_get_eml_resolved_functions_info_call 0000000180004790 f   streamSignalEmulation2_sfun_registry.obj
 0001:00003910       sf_mex_unlock_call         0000000180004910 f   streamSignalEmulation2_sfun_registry.obj
 0001:000039c0       sf_machine_global_initializer_called 00000001800049c0 f   streamSignalEmulation2_sfun_registry.obj
 0001:000039f0       sf_machine_global_method_dispatcher 00000001800049f0 f   streamSignalEmulation2_sfun_registry.obj
 0001:00003a50       sf_machine_global_terminator 0000000180004a50 f   streamSignalEmulation2_sfun_registry.obj
 0001:00003aa0       sf_register_machine_exported_symbols 0000000180004aa0 f   streamSignalEmulation2_sfun_registry.obj
 0001:00003ac0       callCustomFcn              0000000180004ac0 f   streamSignalEmulation2_sfun_registry.obj
 0001:00003ad0       sf_machine_global_initializer 0000000180004ad0 f   streamSignalEmulation2_sfun_registry.obj
 0001:00003b50       _ssSetStateAbsTol          0000000180004b50 f   streamSignalEmulation2_sfun_registry.obj
 0001:00003c30       _ssGetAbsTol               0000000180004c30 f   streamSignalEmulation2_sfun_registry.obj
 0001:00003ca0       _ssSetInputPortMatrixDimensions 0000000180004ca0 f   streamSignalEmulation2_sfun_registry.obj
 0001:00003db0       _ssSetOutputPortMatrixDimensions 0000000180004db0 f   streamSignalEmulation2_sfun_registry.obj
 0001:00003ec0       _ssSetInputPortVectorDimension 0000000180004ec0 f   streamSignalEmulation2_sfun_registry.obj
 0001:00003f90       _ssSetOutputPortVectorDimension 0000000180004f90 f   streamSignalEmulation2_sfun_registry.obj
 0001:00004060       ssIsRunTimeParamTunable    0000000180005060 f   streamSignalEmulation2_sfun_registry.obj
 0001:000040d0       ssGetSFuncBlockHandle      00000001800050d0 f   streamSignalEmulation2_sfun_registry.obj
 0001:00004140       _ssGetCurrentInputPortWidth 0000000180005140 f   streamSignalEmulation2_sfun_registry.obj
 0001:00004260       _ssGetCurrentOutputPortWidth 0000000180005260 f   streamSignalEmulation2_sfun_registry.obj
 0001:00004380       _ssGetCallSystemNumFcnCallDestinations 0000000180005380 f   streamSignalEmulation2_sfun_registry.obj
 0001:000043f0       ssWarning                  00000001800053f0 f   streamSignalEmulation2_sfun_registry.obj
 0001:00004500       ssGetIsZeroCrossControlDisabled 0000000180005500 f   streamSignalEmulation2_sfun_registry.obj
 0001:00004570       ssSetIsInputPortUsedForContZcSignal 0000000180005570 f   streamSignalEmulation2_sfun_registry.obj
 0001:000045e0       ssSetZcSignalIsZcElementDisc 00000001800055e0 f   streamSignalEmulation2_sfun_registry.obj
 0001:00004690       ssSetZcSignalName          0000000180005690 f   streamSignalEmulation2_sfun_registry.obj
 0001:00004700       ssSetZcSignalWidth         0000000180005700 f   streamSignalEmulation2_sfun_registry.obj
 0001:00004770       ssSetZcSignalZcEventType   0000000180005770 f   streamSignalEmulation2_sfun_registry.obj
 0001:000047e0       ssSetZcSignalType          00000001800057e0 f   streamSignalEmulation2_sfun_registry.obj
 0001:00004850       ssSetZcSignalZcTol         0000000180005850 f   streamSignalEmulation2_sfun_registry.obj
 0001:000048c0       ssSetZcSignalNeedsEventNotification 00000001800058c0 f   streamSignalEmulation2_sfun_registry.obj
 0001:00004930       ssCreateAndAddZcSignalInfo 0000000180005930 f   streamSignalEmulation2_sfun_registry.obj
 0001:000049a0       ssCloneAndAddZcSignalInfo  00000001800059a0 f   streamSignalEmulation2_sfun_registry.obj
 0001:00004a10       ssGetNumZcSignals          0000000180005a10 f   streamSignalEmulation2_sfun_registry.obj
 0001:00004a80       ssGetZcSignalVector        0000000180005a80 f   streamSignalEmulation2_sfun_registry.obj
 0001:00004af0       ssGetZcSignalZcEvents      0000000180005af0 f   streamSignalEmulation2_sfun_registry.obj
 0001:00004b60       ssGetZcSignalName          0000000180005b60 f   streamSignalEmulation2_sfun_registry.obj
 0001:00004bd0       ssGetZcSignalWidth         0000000180005bd0 f   streamSignalEmulation2_sfun_registry.obj
 0001:00004c40       ssGetZcSignalZcEventType   0000000180005c40 f   streamSignalEmulation2_sfun_registry.obj
 0001:00004cb0       ssGetZcSignalType          0000000180005cb0 f   streamSignalEmulation2_sfun_registry.obj
 0001:00004d20       ssGetZcSignalZcTol         0000000180005d20 f   streamSignalEmulation2_sfun_registry.obj
 0001:00004da0       ssGetZcSignalNeedsEventNotification 0000000180005da0 f   streamSignalEmulation2_sfun_registry.obj
 0001:00004e10       ssGetZcSignalIsZcElementDisc 0000000180005e10 f   streamSignalEmulation2_sfun_registry.obj
 0001:00004eb0       ssGetIsInputPortElementContinuous 0000000180005eb0 f   streamSignalEmulation2_sfun_registry.obj
 0001:00004f50       _ssGetInputPortSignalPtrsFcn 0000000180005f50 f   streamSignalEmulation2_sfun_registry.obj
 0001:00005210       _ssGetInputPortSignalFcn   0000000180006210 f   streamSignalEmulation2_sfun_registry.obj
 0001:00005430       _ssSetInputPortDirectFeedThroughFcn 0000000180006430 f   streamSignalEmulation2_sfun_registry.obj
 0001:00005590       _ssSetInputPortReusableFcn 0000000180006590 f   streamSignalEmulation2_sfun_registry.obj
 0001:00005680       _ssSetOutputPortReusableFcn 0000000180006680 f   streamSignalEmulation2_sfun_registry.obj
 0001:00005760       ssGetDTypeIdFromMxArray    0000000180006760 f   streamSignalEmulation2_sfun_registry.obj
 0001:00005880       ssWriteRTWStr              0000000180006880 f   streamSignalEmulation2_sfun_registry.obj
 0001:000058e0       ssWriteRTWMxVectParam      00000001800068e0 f   streamSignalEmulation2_sfun_registry.obj
 0001:00005940       ssWriteRTWMx2dMatParam     0000000180006940 f   streamSignalEmulation2_sfun_registry.obj
 0001:000059c0       ssWriteRTWNameValuePair    00000001800069c0 f   streamSignalEmulation2_sfun_registry.obj
 0001:00005eb0       ssWriteRTWParameters       0000000180006eb0 f   streamSignalEmulation2_sfun_registry.obj
 0001:000064b0       ssWriteRTWParamSettings    00000001800074b0 f   streamSignalEmulation2_sfun_registry.obj
 0001:00006b80       ssWriteRTWWorkVect         0000000180007b80 f   streamSignalEmulation2_sfun_registry.obj
 0001:00007080       mexFunction                0000000180008080 f   streamSignalEmulation2_sfun_registry.obj
 0001:00008dd0       ProcessMexSfunctionEveryCall 0000000180009dd0 f   streamSignalEmulation2_sfun_registry.obj
 0001:00009270       sim_mode_is_rtw_gen        000000018000a270 f   sfc_mex:sfc_sf.obj
 0001:000092a0       sim_mode_is_external       000000018000a2a0 f   sfc_mex:sfc_sf.obj
 0001:000092b0       sim_mode_is_modelref_sim   000000018000a2b0 f   sfc_mex:sfc_sf.obj
 0001:000092d0       mdlInitializeSizes         000000018000a2d0 f   sfc_mex:sfc_sf.obj
 0001:000092f0       mdlInitializeSampleTimes   000000018000a2f0 f   sfc_mex:sfc_sf.obj
 0001:00009330       mdlZeroCrossings           000000018000a330 f   sfc_mex:sfc_sf.obj
 0001:00009410       mdlDerivatives             000000018000a410 f   sfc_mex:sfc_sf.obj
 0001:000094c0       mdl_initialize_conditions_processing 000000018000a4c0 f   sfc_mex:sfc_sf.obj
 0001:000094f0       mdlInitializeConditions    000000018000a4f0 f   sfc_mex:sfc_sf.obj
 0001:000095a0       mdlGetSimState             000000018000a5a0 f   sfc_mex:sfc_sf.obj
 0001:000095b0       mdlSetSimState             000000018000a5b0 f   sfc_mex:sfc_sf.obj
 0001:000095c0       mdl_ext_mode_exec_processing 000000018000a5c0 f   sfc_mex:sfc_sf.obj
 0001:000095e0       mdlExtModeExec             000000018000a5e0 f   sfc_mex:sfc_sf.obj
 0001:00009770       mdlTerminate               000000018000a770 f   sfc_mex:sfc_sf.obj
 0001:000097e0       mdlRTW                     000000018000a7e0 f   sfc_mex:sfc_sf.obj
 0001:00009810       mdlSetWorkWidths           000000018000a810 f   sfc_mex:sfc_sf.obj
 0001:00009820       mdlProcessParameters       000000018000a820 f   sfc_mex:sfc_sf.obj
 0001:00009830       mdl_start_processing       000000018000a830 f   sfc_mex:sfc_sf.obj
 0001:00009890       mdlStart                   000000018000a890 f   sfc_mex:sfc_sf.obj
 0001:000099a0       mdlEnable                  000000018000a9a0 f   sfc_mex:sfc_sf.obj
 0001:00009a70       mdlDisable                 000000018000aa70 f   sfc_mex:sfc_sf.obj
 0001:00009b20       sf_get_chart_instance_ptr  000000018000ab20 f   sfc_mex:sfc_sf.obj
 0001:00009b40       sf_load_rtw_optimization_info 000000018000ab40 f   sfc_mex:sfc_sf.obj
 0001:00009c10       sf_update_buildInfo        000000018000ac10 f   sfc_mex:sfc_sf.obj
 0001:00009d10       sf_rtw_info_uint_prop      000000018000ad10 f   sfc_mex:sfc_sf.obj
 0001:00009e50       sf_is_chart_inlinable      000000018000ae50 f   sfc_mex:sfc_sf.obj
 0001:00009e70       sf_mark_output_events_with_multiple_callers 000000018000ae70 f   sfc_mex:sfc_sf.obj
 0001:0000a000       sf_mark_chart_reusable_outputs 000000018000b000 f   sfc_mex:sfc_sf.obj
 0001:0000a260       sf_mark_chart_expressionable_inputs 000000018000b260 f   sfc_mex:sfc_sf.obj
 0001:0000a4c0       sf_get_subchart_simstruct  000000018000b4c0 f   sfc_mex:sfc_sf.obj
 0001:0000a510       sf_get_fixpt_data_type_id  000000018000b510 f   sfc_mex:sfc_sf.obj
 0001:0000a550       sf_get_enum_data_type_id   000000018000b550 f   sfc_mex:sfc_sf.obj
 0001:0000a590       sf_get_param_data_type_id  000000018000b590 f   sfc_mex:sfc_sf.obj
 0001:0000a5c0       sf_mex_listen_for_ctrl_c_force 000000018000b5c0 f   sfc_mex:sfc_sf.obj
 0001:0000a6d0       sf_mex_draw_now            000000018000b6d0 f   sfc_mex:sfc_sf.obj
 0001:0000a710       sf_mex_set_debugger_sim_status_listener_fcn 000000018000b710 f   sfc_mex:sfc_sf.obj
 0001:0000a720       sf_mex_listen_for_ctrl_c   000000018000b720 f   sfc_mex:sfc_sf.obj
 0001:0000a7c0       sf_mex_get_sfun_param      000000018000b7c0 f   sfc_mex:sfc_sf.obj
 0001:0000a810       sf_get_runtime_param_data  000000018000b810 f   sfc_mex:sfc_sf.obj
 0001:0000a850       sf_call_output_fcn_call    000000018000b850 f   sfc_mex:sfc_sf.obj
 0001:0000a990       sf_call_output_fcn_enable  000000018000b990 f   sfc_mex:sfc_sf.obj
 0001:0000aa20       sf_call_output_fcn_disable 000000018000ba20 f   sfc_mex:sfc_sf.obj
 0001:0000aab0       sf_clear_rtw_identifier    000000018000bab0 f   sfc_mex:sfc_sf.obj
 0001:0000b290       sf_set_encoded_dwork_info  000000018000c290 f   sfc_mex:sfc_sf.obj
 0001:0000b2e0       sf_get_dwork_info_from_mat_file 000000018000c2e0 f   sfc_mex:sfc_sf.obj
 0001:0000b4a0       sf_set_rtw_dwork_info      000000018000c4a0 f   sfc_mex:sfc_sf.obj
 0001:0000b610       mdlOutputs                 000000018000c610 f   sfc_mex:sfc_sf.obj
 0001:0000b800       sf_mex_mx_is_numeric       000000018000c800 f   sfc_mex:sfc_mex.obj
 0001:0000b840       strcmp_ignore_ws           000000018000c840 f   sfc_mex:sfc_mex.obj
 0001:0000b980       sf_mex_duplicatearraysafe  000000018000c980 f   sfc_mex:sfc_mex.obj
 0001:0000bae0       sf_set_error_debugger_context_message_fcn 000000018000cae0 f   sfc_mex:sfc_mex.obj
 0001:0000baf0       sf_set_debugger_matlab_error_fcn 000000018000caf0 f   sfc_mex:sfc_mex.obj
 0001:0000bb30       sf_set_error_prefix_string 000000018000cb30 f   sfc_mex:sfc_mex.obj
 0001:0000bb60       sf_get_error_prefix_string 000000018000cb60 f   sfc_mex:sfc_mex.obj
 0001:0000bb70       sf_mex_enter_parallel_region 000000018000cb70 f   sfc_mex:sfc_mex.obj
 0001:0000bb80       sf_mex_exit_parallel_region 000000018000cb80 f   sfc_mex:sfc_mex.obj
 0001:0000bb90       sf_get_current_jmp_buf_ptr 000000018000cb90 f   sfc_mex:sfc_mex.obj
 0001:0000bba0       sf_set_current_jmp_buf_ptr 000000018000cba0 f   sfc_mex:sfc_mex.obj
 0001:0000bbb0       sf_mex_set_halt_simulation 000000018000cbb0 f   sfc_mex:sfc_mex.obj
 0001:0000bbc0       sf_mex_get_halt_simulation 000000018000cbc0 f   sfc_mex:sfc_mex.obj
 0001:0000bbd0       sf_mex_clear_error_message 000000018000cbd0 f   sfc_mex:sfc_mex.obj
 0001:0000bbf0       sf_mex_get_error_message_for_read 000000018000cbf0 f   sfc_mex:sfc_mex.obj
 0001:0000bc00       sf_mex_get_error_message_buffer_length 000000018000cc00 f   sfc_mex:sfc_mex.obj
 0001:0000bcc0       sf_mex_warning_message     000000018000ccc0 f   sfc_mex:sfc_mex.obj
 0001:0000bd10       sf_mex_v_errbuf_createf    000000018000cd10 f   sfc_mex:sfc_mex.obj
 0001:0000bd20       sf_mex_errbuf_createf      000000018000cd20 f   sfc_mex:sfc_mex.obj
 0001:0000bd50       sf_mex_v_errbuf_catf       000000018000cd50 f   sfc_mex:sfc_mex.obj
 0001:0000bd90       sf_mex_errbuf_catf         000000018000cd90 f   sfc_mex:sfc_mex.obj
 0001:0000bde0       sf_mex_errbuf_copy         000000018000cde0 f   sfc_mex:sfc_mex.obj
 0001:0000bdf0       sf_mex_errbuf_clear        000000018000cdf0 f   sfc_mex:sfc_mex.obj
 0001:0000be00       sf_mex_errbuf_isempty      000000018000ce00 f   sfc_mex:sfc_mex.obj
 0001:0000bf00       sf_mex_set_error_status    000000018000cf00 f   sfc_mex:sfc_mex.obj
 0001:0000bf50       sf_mex_error_direct_call   000000018000cf50 f   sfc_mex:sfc_mex.obj
 0001:0000bf70       sf_mex_error_message_no_long_jump 000000018000cf70 f   sfc_mex:sfc_mex.obj
 0001:0000bf90       sf_mex_long_jump_on_error  000000018000cf90 f   sfc_mex:sfc_mex.obj
 0001:0000bfc0       sf_mex_call_matlab         000000018000cfc0 f   sfc_mex:sfc_mex.obj
 0001:0000c0a0       sf_mex_check_builtin       000000018000d0a0 f   sfc_mex:sfc_mex.obj
 0001:0000c140       sf_mex_check_builtin_vs    000000018000d140 f   sfc_mex:sfc_mex.obj
 0001:0000c200       sf_mex_check_enum          000000018000d200 f   sfc_mex:sfc_mex.obj
 0001:0000c280       sf_mex_create_enum         000000018000d280 f   sfc_mex:sfc_mex.obj
 0001:0000c2f0       sf_mex_get_enum_element    000000018000d2f0 f   sfc_mex:sfc_mex.obj
 0001:0000c300       sf_mex_createcellarray     000000018000d300 f   sfc_mex:sfc_mex.obj
 0001:0000c310       sf_mex_setcell             000000018000d310 f   sfc_mex:sfc_mex.obj
 0001:0000c320       sf_mex_getcell             000000018000d320 f   sfc_mex:sfc_mex.obj
 0001:0000c330       sf_mex_dup                 000000018000d330 f   sfc_mex:sfc_mex.obj
 0001:0000c350       sf_mex_assign              000000018000d350 f   sfc_mex:sfc_mex.obj
 0001:0000c3d0       sf_mex_destroy             000000018000d3d0 f   sfc_mex:sfc_mex.obj
 0001:0000c400       mx_array_has_fi_type       000000018000d400 f   sfc_mex:sfc_mex.obj
 0001:0000c430       sf_mex_convert_from_fi     000000018000d430 f   sfc_mex:sfc_mex.obj
 0001:0000c610       sf_mex_convert_to_double   000000018000d610 f   sfc_mex:sfc_mex.obj
 0001:0000c720       sf_mex_import_fi_vs        000000018000d720 f   sfc_mex:sfc_mex.obj
 0001:0000c930       sf_matrix_matrix_index_ok  000000018000d930 f   sfc_mex:sfc_mex.obj
 0001:0000c9c0       sf_vector_vector_index_ok  000000018000d9c0 f   sfc_mex:sfc_mex.obj
 0001:0000c9f0       ssGetCurrentInputPortDimensions_wrapper 000000018000d9f0 f   sfc_mex:sfc_mex.obj
 0001:0000ca10       ssGetCurrentOutputPortDimensions_wrapper 000000018000da10 f   sfc_mex:sfc_mex.obj
 0001:0000ca30       sf_mex_emlrt_context_is_debug_mode 000000018000da30 f   sfc_mex:sfc_mex.obj
 0001:0000ca40       sf_mex_emlrt_context_set_debug_mode 000000018000da40 f   sfc_mex:sfc_mex.obj
 0001:0000ca50       sf_mex_emlrtNameCapturePostProcessR2012a 000000018000da50 f   sfc_mex:sfc_mex.obj
 0001:0000cac0       sf_clear_error_manager_info 000000018000dac0 f   sfc_mex:sfc_mex.obj
 0001:0000cb20       sf_mex_stop_simulation_abruptly_wo_error 000000018000db20 f   sfc_mex:sfc_mex.obj
 0001:0000cb60       sf_mex_error_message       000000018000db60 f   sfc_mex:sfc_mex.obj
 0001:0000cbd0       sf_react_to_error_in_matlab_call 000000018000dbd0 f   sfc_mex:sfc_mex.obj
 0001:0000cc00       sf_mex_addfield            000000018000dc00 f   sfc_mex:sfc_mex.obj
 0001:0000cca0       sf_mex_getfield            000000018000dca0 f   sfc_mex:sfc_mex.obj
 0001:0000d010       sf_mex_check_class         000000018000e010 f   sfc_mex:sfc_mex.obj
 0001:0000d100       sf_mex_is_real             000000018000e100 f   sfc_mex:sfc_mex.obj
 0001:0000d8b0       sf_mex_decode_encoded_mx_cell_array 000000018000e8b0 f   sfc_mex:sfc_mex.obj
 0001:0000db20       sf_mex_decode_encoded_mx_struct_array 000000018000eb20 f   sfc_mex:sfc_mex.obj
 0001:0000ddf0       lw_bounds_error            000000018000edf0 f   sfc_mex:sfc_mex.obj
 0001:0000de00       sf_mex_lw_bounds_check     000000018000ee00 f   sfc_mex:sfc_mex.obj
 0001:0000de30       sf_mex_lw_bounds_check_int64 000000018000ee30 f   sfc_mex:sfc_mex.obj
 0001:0000de70       sf_mex_lw_size_eq_check_1d 000000018000ee70 f   sfc_mex:sfc_mex.obj
 0001:0000de90       sf_mex_lw_size_eq_check_nd 000000018000ee90 f   sfc_mex:sfc_mex.obj
 0001:0000e070       sf_mex_lw_dim_size_eq_check 000000018000f070 f   sfc_mex:sfc_mex.obj
 0001:0000e0a0       sf_mex_lw_dim_size_geq_check 000000018000f0a0 f   sfc_mex:sfc_mex.obj
 0001:0000e0d0       sf_mex_lw_sub_assign_size_check_nd 000000018000f0d0 f   sfc_mex:sfc_mex.obj
 0001:0000e280       sf_mex_lw_runtime_error_msgid 000000018000f280 f   sfc_mex:sfc_mex.obj
 0001:0000e370       sf_mex_lw_matrix_matrix_index_check 000000018000f370 f   sfc_mex:sfc_mex.obj
 0001:0000e390       sf_mex_lw_vector_vector_index_check 000000018000f390 f   sfc_mex:sfc_mex.obj
 0001:0000e3d0       sf_mex_lw_for_loop_vector_check 000000018000f3d0 f   sfc_mex:sfc_mex.obj
 0001:0000e450       sf_mex_lw_non_negative_check 000000018000f450 f   sfc_mex:sfc_mex.obj
 0001:0000e490       sf_mex_overflow_error      000000018000f490 f   sfc_mex:sfc_mex.obj
 0001:0000e4a0       sf_mex_dividebyzero_error  000000018000f4a0 f   sfc_mex:sfc_mex.obj
 0001:0000e4b0       sf_mex_unsafe_enum_error   000000018000f4b0 f   sfc_mex:sfc_mex.obj
 0001:0000e4c0       sf_emlrtErrHandler         000000018000f4c0 f   sfc_mex:sfc_mex.obj
 0001:0000e580       sf_mex_size_one_check      000000018000f580 f   sfc_mex:sfc_mex.obj
 0001:0000e5a0       sf_mex_printf              000000018000f5a0 f   sfc_mex:sfc_mex.obj
 0001:0000e7f0       sf_mex_check_size          000000018000f7f0 f   sfc_mex:sfc_mex.obj
 0001:0000eb30       sf_mex_check_struct        000000018000fb30 f   sfc_mex:sfc_mex.obj
 0001:0000ed50       sf_mex_check_struct_vs     000000018000fd50 f   sfc_mex:sfc_mex.obj
 0001:0000ede0       sf_mex_check_fi            000000018000fde0 f   sfc_mex:sfc_mex.obj
 0001:0000ef70       sf_mex_check_fi_vs         000000018000ff70 f   sfc_mex:sfc_mex.obj
 0001:0000f010       sf_echo_expression         0000000180010010 f   sfc_mex:sfc_mex.obj
 0001:0000f070       sf_assertion_failed        0000000180010070 f   sfc_mex:sfc_mex.obj
 0001:0000f340       sf_mex_evalin              0000000180010340 f   sfc_mex:sfc_mex.obj
 0001:0000f690       sf_mex_export              0000000180010690 f   sfc_mex:sfc_mex.obj
 0001:0000f750       sf_mex_get_ml_var_no_error 0000000180010750 f   sfc_mex:sfc_mex.obj
 0001:0000f990       sf_mex_get_ml_var          0000000180010990 f   sfc_mex:sfc_mex.obj
 0001:0000fe90       ml_set_element_value_in_array 0000000180010e90 f   sfc_mex:sfc_mex.obj
 0001:00011800       sf_mex_call_impl           0000000180012800 f   sfc_mex:sfc_mex.obj
 0001:00011c20       sf_mex_call_debug          0000000180012c20 f   sfc_mex:sfc_mex.obj
 0001:00011c50       sf_mex_call                0000000180012c50 f   sfc_mex:sfc_mex.obj
 0001:00012360       sf_mex_createstruct        0000000180013360 f   sfc_mex:sfc_mex.obj
 0001:00012450       sf_mex_createstructarray   0000000180013450 f   sfc_mex:sfc_mex.obj
 0001:000124d0       sf_mex_get_mx_datatype_from_sf_datatype 00000001800134d0 f   sfc_mex:sfc_mex.obj
 0001:000127e0       sf_mex_ml_var_sub          00000001800137e0 f   sfc_mex:sfc_mex.obj
 0001:000129f0       sf_mex_ml_var_subsasgn     00000001800139f0 f   sfc_mex:sfc_mex.obj
 0001:00012db0       sf_mex_sub                 0000000180013db0 f   sfc_mex:sfc_mex.obj
 0001:00012ff0       sf_mex_subsasgn            0000000180013ff0 f   sfc_mex:sfc_mex.obj
 0001:00013460       sf_mex_create              0000000180014460 f   sfc_mex:sfc_mex.obj
 0001:00013dd0       sf_mex_import_named        0000000180014dd0 f   sfc_mex:sfc_mex.obj
 0001:00013e30       sf_mex_import              0000000180014e30 f   sfc_mex:sfc_mex.obj
 0001:00013e80       sf_mex_import_vs           0000000180014e80 f   sfc_mex:sfc_mex.obj
 0001:00013f90       sf_mex_lower_fixpt_mx_array 0000000180014f90 f   sfc_mex:sfc_mex.obj
 0001:000142c0       sf_debug_chart_instance_initialized_quick 00000001800152c0 f   sfc_debug:sfcdebug.obj
 0001:00014340       sf_debug_disp              0000000180015340 f   sfc_debug:sfcdebug.obj
 0001:000145d0       sf_debug_data_runtime_size_mismatch_error_check 00000001800155d0 f   sfc_debug:sfcdebug.obj
 0001:00014680       sf_debug_try_loading_machine 0000000180015680 f   sfc_debug:sfcdebug.obj
 0001:00014780       sf_debug_reset_current_state_configuration 0000000180015780 f   sfc_debug:sfcdebug.obj
 0001:00014800       sf_debug_store_current_state_configuration 0000000180015800 f   sfc_debug:sfcdebug.obj
 0001:00014880       sf_debug_restore_previous_state_configuration 0000000180015880 f   sfc_debug:sfcdebug.obj
 0001:00014900       sf_debug_restore_previous_state_configuration2 0000000180015900 f   sfc_debug:sfcdebug.obj
 0001:00014980       sf_debug_get_event_scope   0000000180015980 f   sfc_debug:sfcdebug.obj
 0001:00014af0       use_debugger_step_animation 0000000180015af0 f   sfc_debug:sfcdebug.obj
 0001:00014b10       sf_debug_get_script_id     0000000180015b10 f   sfc_debug:sfcdebug.obj
 0001:00014ba0       sf_debug_set_script_translation 0000000180015ba0 f   sfc_debug:sfcdebug.obj
 0001:00014d30       sf_debug_extract_message_post_receive_info 0000000180015d30 f   sfc_debug:sfcdebug.obj
 0001:00014f80       sf_debug_get_current_machine_id 0000000180015f80 f   sfc_debug:sfcdebug.obj
 0001:00014fa0       sf_debug_get_current_optional_integer 0000000180015fa0 f   sfc_debug:sfcdebug.obj
 0001:00014fb0       sf_debug_get_current_machine_number 0000000180015fb0 f   sfc_debug:sfcdebug.obj
 0001:00014fd0       sf_debug_get_current_machine_name 0000000180015fd0 f   sfc_debug:sfcdebug.obj
 0001:00014ff0       sf_debug_get_current_chart_id 0000000180015ff0 f   sfc_debug:sfcdebug.obj
 0001:00015030       sf_debug_get_current_chart_number 0000000180016030 f   sfc_debug:sfcdebug.obj
 0001:00015040       sf_debug_get_current_instance_number 0000000180016040 f   sfc_debug:sfcdebug.obj
 0001:00015050       sf_debug_get_current_is_minor_time_step 0000000180016050 f   sfc_debug:sfcdebug.obj
 0001:000150d0       sf_debug_get_current_object_type 00000001800160d0 f   sfc_debug:sfcdebug.obj
 0001:000150e0       sf_debug_get_current_instance_handle 00000001800160e0 f   sfc_debug:sfcdebug.obj
 0001:00015140       sf_debug_get_current_event_type 0000000180016140 f   sfc_debug:sfcdebug.obj
 0001:00015150       sf_debug_get_current_object_id 0000000180016150 f   sfc_debug:sfcdebug.obj
 0001:00015190       sf_debug_get_current_active_event_type 0000000180016190 f   sfc_debug:sfcdebug.obj
 0001:000151a0       sf_debug_get_current_active_event_id 00000001800161a0 f   sfc_debug:sfcdebug.obj
 0001:000151e0       sf_debug_get_current_tag_type 00000001800161e0 f   sfc_debug:sfcdebug.obj
 0001:000151f0       sf_debug_get_current_simulation_time 00000001800161f0 f   sfc_debug:sfcdebug.obj
 0001:00015200       sf_debug_current_statement_context 0000000180016200 f   sfc_debug:sfcdebug.obj
 0001:000154e0       sf_debug_assertion_failed  00000001800164e0 f   sfc_debug:sfcdebug.obj
 0001:00015690       sf_debug_create_debug_instance_struct 0000000180016690 f   sfc_debug:sfcdebug.obj
 0001:000156e0       sf_debug_set_number_of_data_with_change_event_for_machine 00000001800166e0 f   sfc_debug:sfcdebug.obj
 0001:00015730       sf_debug_set_machine_event_thresholds 0000000180016730 f   sfc_debug:sfcdebug.obj
 0001:00015750       sf_debug_set_machine_event_scope 0000000180016750 f   sfc_debug:sfcdebug.obj
 0001:000157a0       sf_debug_set_machine_data_thresholds 00000001800167a0 f   sfc_debug:sfcdebug.obj
 0001:000157f0       sf_debug_set_machine_data_scope 00000001800167f0 f   sfc_debug:sfcdebug.obj
 0001:00015890       sf_debug_set_machine_data_name 0000000180016890 f   sfc_debug:sfcdebug.obj
 0001:00015940       sf_debug_set_machine_data_size 0000000180016940 f   sfc_debug:sfcdebug.obj
 0001:00015a90       sf_debug_set_machine_data_type 0000000180016a90 f   sfc_debug:sfcdebug.obj
 0001:00015c00       sf_debug_get_chart_data_number 0000000180016c00 f   sfc_debug:sfcdebug.obj
 0001:00015c20       sf_debug_get_chart_event_number 0000000180016c20 f   sfc_debug:sfcdebug.obj
 0001:00015c40       sf_debug_set_chart_state_info 0000000180016c40 f   sfc_debug:sfcdebug.obj
 0001:00015cd0       sf_debug_set_chart_decomposition 0000000180016cd0 f   sfc_debug:sfcdebug.obj
 0001:00015d40       sf_debug_set_chart_substate_count 0000000180016d40 f   sfc_debug:sfcdebug.obj
 0001:00015e20       sf_debug_set_chart_substate_index 0000000180016e20 f   sfc_debug:sfcdebug.obj
 0001:00015ea0       sf_debug_set_chart_state_substate_count 0000000180016ea0 f   sfc_debug:sfcdebug.obj
 0001:00015fc0       sf_debug_set_chart_state_substate_index 0000000180016fc0 f   sfc_debug:sfcdebug.obj
 0001:00016050       sf_debug_set_number_of_data_with_change_event_for_chart 0000000180017050 f   sfc_debug:sfcdebug.obj
 0001:000160e0       sf_debug_set_number_of_states_with_entry_event_for_chart 00000001800170e0 f   sfc_debug:sfcdebug.obj
 0001:00016160       sf_debug_set_number_of_states_with_exit_event_for_chart 0000000180017160 f   sfc_debug:sfcdebug.obj
 0001:000161e0       sf_debug_set_chart_disable_implicit_casting 00000001800171e0 f   sfc_debug:sfcdebug.obj
 0001:00016250       sf_debug_set_chart_event_thresholds 0000000180017250 f   sfc_debug:sfcdebug.obj
 0001:000162d0       sf_debug_set_chart_data_compiled_props 00000001800172d0 f   sfc_debug:sfcdebug.obj
 0001:00016610       sf_debug_set_chart_data_props 0000000180017610 f   sfc_debug:sfcdebug.obj
 0001:00016930       sf_debug_check_fi_license  0000000180017930 f   sfc_debug:sfcdebug.obj
 0001:00016ae0       sf_debug_symbol_scope_push 0000000180017ae0 f   sfc_debug:sfcdebug.obj
 0001:00016b20       sf_debug_symbol_scope_push_eml 0000000180017b20 f   sfc_debug:sfcdebug.obj
 0001:00016b70       sf_debug_symbol_scope_pop  0000000180017b70 f   sfc_debug:sfcdebug.obj
 0001:00016bb0       sf_debug_symbol_scope_add_importable 0000000180017bb0 f   sfc_debug:sfcdebug.obj
 0001:00016c30       sf_debug_symbol_scope_add  0000000180017c30 f   sfc_debug:sfcdebug.obj
 0001:00016cb0       sf_debug_symbol_scope_add_dyn_importable 0000000180017cb0 f   sfc_debug:sfcdebug.obj
 0001:00016d70       sf_debug_symbol_scope_add_dyn 0000000180017d70 f   sfc_debug:sfcdebug.obj
 0001:00016db0       sf_debug_symbol_scope_add_eml_importable 0000000180017db0 f   sfc_debug:sfcdebug.obj
 0001:00016df0       sf_debug_symbol_scope_add_eml 0000000180017df0 f   sfc_debug:sfcdebug.obj
 0001:00016e30       sf_debug_symbol_scope_add_eml_dyn_importable 0000000180017e30 f   sfc_debug:sfcdebug.obj
 0001:00016e90       sf_debug_symbol_scope_add_eml_dyn 0000000180017e90 f   sfc_debug:sfcdebug.obj
 0001:00016ef0       sf_debug_symbol_switch     0000000180017ef0 f   sfc_debug:sfcdebug.obj
 0001:00016f10       sf_debug_symbol_scope_add_verbose 0000000180017f10 f   sfc_debug:sfcdebug.obj
 0001:00016fe0       sf_debug_set_machine_data_value_ptr 0000000180017fe0 f   sfc_debug:sfcdebug.obj
 0001:00017020       sf_debug_set_instance_data_value_ptr 0000000180018020 f   sfc_debug:sfcdebug.obj
 0001:000170f0       sf_debug_unset_instance_data_value_ptr 00000001800180f0 f   sfc_debug:sfcdebug.obj
 0001:000171a0       sf_debug_set_chart_event_scope 00000001800181a0 f   sfc_debug:sfcdebug.obj
 0001:000173c0       sf_debug_unload_machine    00000001800183c0 f   sfc_debug:sfcdebug.obj
 0001:00017410       sf_debug_load_machine      0000000180018410 f   sfc_debug:sfcdebug.obj
 0001:00017520       sf_debug_set_active_instance_in_data_dictionary 0000000180018520 f   sfc_debug:sfcdebug.obj
 0001:00017700       sf_debug_set_active_instance 0000000180018700 f   sfc_debug:sfcdebug.obj
 0001:00017860       sf_debug_chart_visiblity_change 0000000180018860 f   sfc_debug:sfcdebug.obj
 0001:00017950       sf_debug_select_chart      0000000180018950 f   sfc_debug:sfcdebug.obj
 0001:00017ab0       sf_debug_set_instance_cv_ids 0000000180018ab0 f   sfc_debug:sfcdebug.obj
 0001:00017d70       sf_debug_select_charts     0000000180018d70 f   sfc_debug:sfcdebug.obj
 0001:00017f20       sf_debug_initialized       0000000180018f20 f   sfc_debug:sfcdebug.obj
 0001:00017f40       sf_debug_initialize_debugger_gui 0000000180018f40 f   sfc_debug:sfcdebug.obj
 0001:00018320       sf_debug_resume            0000000180019320 f   sfc_debug:sfcdebug.obj
 0001:00018340       sf_debug_go                0000000180019340 f   sfc_debug:sfcdebug.obj
 0001:00018350       sf_debug_break             0000000180019350 f   sfc_debug:sfcdebug.obj
 0001:00018360       sf_debug_step_over         0000000180019360 f   sfc_debug:sfcdebug.obj
 0001:00018370       sf_debug_step_out          0000000180019370 f   sfc_debug:sfcdebug.obj
 0001:00018380       sf_debug_set_disable_all_breakpoints 0000000180019380 f   sfc_debug:sfcdebug.obj
 0001:00018390       sf_debug_disable_all_breakpoints_and_go 0000000180019390 f   sfc_debug:sfcdebug.obj
 0001:000183a0       sf_debug_break_on_chart_entry 00000001800193a0 f   sfc_debug:sfcdebug.obj
 0001:000183b0       sf_debug_break_on_event_broadcast 00000001800193b0 f   sfc_debug:sfcdebug.obj
 0001:000183c0       sf_debug_break_on_state_entry 00000001800193c0 f   sfc_debug:sfcdebug.obj
 0001:000183d0       sf_debug_break_between_times 00000001800193d0 f   sfc_debug:sfcdebug.obj
 0001:000183f0       sf_debug_browse_data       00000001800193f0 f   sfc_debug:sfcdebug.obj
 0001:00018400       sf_debug_watch_data        0000000180019400 f   sfc_debug:sfcdebug.obj
 0001:00018430       sf_debug_assign_data       0000000180019430 f   sfc_debug:sfcdebug.obj
 0001:00018440       sf_debug_whos              0000000180019440 f   sfc_debug:sfcdebug.obj
 0001:00018460       sf_debug_get_consistency_info 0000000180019460 f   sfc_debug:sfcdebug.obj
 0001:00018470       sf_debug_browse_trace      0000000180019470 f   sfc_debug:sfcdebug.obj
 0001:00018480       sf_debug_set_breakpoints   0000000180019480 f   sfc_debug:sfcdebug.obj
 0001:000185e0       sf_debug_set_eml_breakpoints 00000001800195e0 f   sfc_debug:sfcdebug.obj
 0001:00018740       sf_debug_set_script_breakpoints 0000000180019740 f   sfc_debug:sfcdebug.obj
 0001:000187c0       sf_debug_add_script_breakpoints 00000001800197c0 f   sfc_debug:sfcdebug.obj
 0001:00018830       sf_debug_clear_script_breakpoints 0000000180019830 f   sfc_debug:sfcdebug.obj
 0001:000188a0       sf_debug_query_script_breakpoints 00000001800198a0 f   sfc_debug:sfcdebug.obj
 0001:00018950       sf_debug_get_eml_script_id 0000000180019950 f   sfc_debug:sfcdebug.obj
 0001:000189a0       sf_debug_set_watch         00000001800199a0 f   sfc_debug:sfcdebug.obj
 0001:00018bc0       sf_debug_get_instance_handle 0000000180019bc0 f   sfc_debug:sfcdebug.obj
 0001:00018c50       sf_debug_get_active_states 0000000180019c50 f   sfc_debug:sfcdebug.obj
 0001:00018c60       sf_debug_set_honor_breakpoints 0000000180019c60 f   sfc_debug:sfcdebug.obj
 0001:00018c70       sf_debug_get_animation     0000000180019c70 f   sfc_debug:sfcdebug.obj
 0001:00018c80       sf_debug_set_animation     0000000180019c80 f   sfc_debug:sfcdebug.obj
 0001:00018c90       sf_debug_animate           0000000180019c90 f   sfc_debug:sfcdebug.obj
 0001:00018cb0       sf_debug_cycle_detection_check 0000000180019cb0 f   sfc_debug:sfcdebug.obj
 0001:00018cc0       sf_debug_data_range_check  0000000180019cc0 f   sfc_debug:sfcdebug.obj
 0001:00018cd0       sf_debug_transition_conflict_check 0000000180019cd0 f   sfc_debug:sfcdebug.obj
 0001:00018ce0       sf_debug_state_consistency_check 0000000180019ce0 f   sfc_debug:sfcdebug.obj
 0001:00018cf0       sf_debug_data_range_check_enabled 0000000180019cf0 f   sfc_debug:sfcdebug.obj
 0001:00018d10       sf_debug_transition_conflict_check_enabled 0000000180019d10 f   sfc_debug:sfcdebug.obj
 0001:00018d30       sf_debug_transition_conflict_check_begin 0000000180019d30 f   sfc_debug:sfcdebug.obj
 0001:00018d50       sf_debug_transition_conflict_check_end 0000000180019d50 f   sfc_debug:sfcdebug.obj
 0001:00018d70       sf_debug_stop_debugging    0000000180019d70 f   sfc_debug:sfcdebug.obj
 0001:00018da0       sf_debug_is_cycle_detected 0000000180019da0 f   sfc_debug:sfcdebug.obj
 0001:00018db0       sf_debug_is_array_bounds_detected 0000000180019db0 f   sfc_debug:sfcdebug.obj
 0001:00018f50       sf_debug_get_script_index  0000000180019f50 f   sfc_debug:sfcdebug.obj
 0001:000190e0       sf_debug_add_script        000000018001a0e0 f   sfc_debug:sfcdebug.obj
 0001:00019270       cv_eval_point              000000018001a270 f   sfc_debug:sfcdebug.obj
 0001:000193d0       cv_eval_testobjective      000000018001a3d0 f   sfc_debug:sfcdebug.obj
 0001:000194e0       sf_debug_cv_init_state     000000018001a4e0 f   sfc_debug:sfcdebug.obj
 0001:00019610       sf_debug_cv_init_chart     000000018001a610 f   sfc_debug:sfcdebug.obj
 0001:00019700       sf_debug_cv_init_trans     000000018001a700 f   sfc_debug:sfcdebug.obj
 0001:00019810       sf_debug_cv_init_saturation 000000018001a810 f   sfc_debug:sfcdebug.obj
 0001:00019910       sf_debug_cv_init_relationalop 000000018001a910 f   sfc_debug:sfcdebug.obj
 0001:00019a30       sf_debug_cv_init_testobjectives 000000018001aa30 f   sfc_debug:sfcdebug.obj
 0001:00019c10       cv_eml_init_script         000000018001ac10 f   sfc_debug:sfcdebug.obj
 0001:00019d30       cv_eml_init_fcn            000000018001ad30 f   sfc_debug:sfcdebug.obj
 0001:00019e40       cv_eml_init_testobjective  000000018001ae40 f   sfc_debug:sfcdebug.obj
 0001:00019f20       cv_eml_init_saturation     000000018001af20 f   sfc_debug:sfcdebug.obj
 0001:00019ff0       cv_eml_init_if             000000018001aff0 f   sfc_debug:sfcdebug.obj
 0001:0001a0d0       cv_eml_init_for            000000018001b0d0 f   sfc_debug:sfcdebug.obj
 0001:0001a1a0       cv_eml_init_while          000000018001b1a0 f   sfc_debug:sfcdebug.obj
 0001:0001a270       cv_eml_init_mcdc           000000018001b270 f   sfc_debug:sfcdebug.obj
 0001:0001a390       cv_eml_init_relational     000000018001b390 f   sfc_debug:sfcdebug.obj
 0001:0001a460       cv_eml_init_switch         000000018001b460 f   sfc_debug:sfcdebug.obj
 0001:0001a560       cv_eml_eval                000000018001b560 f   sfc_debug:sfcdebug.obj
 0001:0001a650       sf_debug_bm_is_a_eml_breakpoint 000000018001b650 f   sfc_debug:sfcdebug.obj
 0001:0001a7a0       sf_debug_temporal_threshold 000000018001b7a0 f   sfc_debug:sfcdebug.obj
 0001:0001ab10       sf_debug_transition_conflict_error 000000018001bb10 f   sfc_debug:sfcdebug.obj
 0001:0001ae70       sf_debug_state_inconsistency_error 000000018001be70 f   sfc_debug:sfcdebug.obj
 0001:0001af90       sf_debug_check_for_state_inconsistency 000000018001bf90 f   sfc_debug:sfcdebug.obj
 0001:0001afd0       sf_debug_cycle_detecton_error 000000018001bfd0 f   sfc_debug:sfcdebug.obj
 0001:0001b700       sf_debug_size_eq_check_1d  000000018001c700 f   sfc_debug:sfcdebug.obj
 0001:0001b720       sf_debug_size_eq_check_nd  000000018001c720 f   sfc_debug:sfcdebug.obj
 0001:0001b900       sf_debug_dim_size_eq_check 000000018001c900 f   sfc_debug:sfcdebug.obj
 0001:0001b930       sf_debug_dim_size_geq_check 000000018001c930 f   sfc_debug:sfcdebug.obj
 0001:0001b960       sf_debug_sub_assign_size_check_nd 000000018001c960 f   sfc_debug:sfcdebug.obj
 0001:0001bb30       sf_debug_matrix_matrix_index_check 000000018001cb30 f   sfc_debug:sfcdebug.obj
 0001:0001bb80       sf_debug_vector_vector_index_check 000000018001cb80 f   sfc_debug:sfcdebug.obj
 0001:0001bbd0       sf_debug_for_loop_vector_check 000000018001cbd0 f   sfc_debug:sfcdebug.obj
 0001:0001bc60       sf_debug_runtime_error_msgid 000000018001cc60 f   sfc_debug:sfcdebug.obj
 0001:0001bce0       sf_debug_data_array_bounds_error_check 000000018001cce0 f   sfc_debug:sfcdebug.obj
 0001:0001be10       sf_debug_eml_data_array_bounds_error_check_int64 000000018001ce10 f   sfc_debug:sfcdebug.obj
 0001:0001bfa0       sf_debug_eml_data_array_bounds_error_check 000000018001cfa0 f   sfc_debug:sfcdebug.obj
 0001:0001c470       sf_debug_integer_check     000000018001d470 f   sfc_debug:sfcdebug.obj
 0001:0001c560       sf_debug_not_nan_check     000000018001d560 f   sfc_debug:sfcdebug.obj
 0001:0001c630       sf_debug_non_negative_check 000000018001d630 f   sfc_debug:sfcdebug.obj
 0001:0001c700       sf_debug_overflow_detection 000000018001d700 f   sfc_debug:sfcdebug.obj
 0001:0001cd60       sf_debug_cast_to_real32_T  000000018001dd60 f   sfc_debug:sfcdebug.obj
 0001:0001ce30       sf_debug_cast_to_int8_T    000000018001de30 f   sfc_debug:sfcdebug.obj
 0001:0001cf00       sf_debug_cast_to_uint8_T   000000018001df00 f   sfc_debug:sfcdebug.obj
 0001:0001cfd0       sf_debug_cast_to_int16_T   000000018001dfd0 f   sfc_debug:sfcdebug.obj
 0001:0001d0a0       sf_debug_cast_to_uint16_T  000000018001e0a0 f   sfc_debug:sfcdebug.obj
 0001:0001d170       sf_debug_cast_to_int32_T   000000018001e170 f   sfc_debug:sfcdebug.obj
 0001:0001d240       sf_debug_cast_to_uint32_T  000000018001e240 f   sfc_debug:sfcdebug.obj
 0001:0001d310       sf_debug_data_range_error  000000018001e310 f   sfc_debug:sfcdebug.obj
 0001:0001d620       sf_debug_read_before_write_check 000000018001e620 f   sfc_debug:sfcdebug.obj
 0001:0001da50       sf_debug_data_range_error_wrapper_min_max 000000018001ea50 f   sfc_debug:sfcdebug.obj
 0001:0001db70       sf_debug_data_range_error_wrapper_min 000000018001eb70 f   sfc_debug:sfcdebug.obj
 0001:0001dc80       sf_debug_data_range_error_wrapper_max 000000018001ec80 f   sfc_debug:sfcdebug.obj
 0001:0001dd90       sf_debug_data_range_wrapper 000000018001ed90 f   sfc_debug:sfcdebug.obj
 0001:0001de50       sf_debug_set_current_status_info 000000018001ee50 f   sfc_debug:sfcdebug.obj
 0001:0001e070       sf_debug_register_message_post_receive_info 000000018001f070 f   sfc_debug:sfcdebug.obj
 0001:0001e2c0       sf_debug_call              000000018001f2c0 f   sfc_debug:sfcdebug.obj
 0001:0001ebb0       sf_debug_initialize_machine 000000018001fbb0 f   sfc_debug:sfcdebug.obj
 0001:0001ee50       sf_debug_initialize_chart  000000018001fe50 f   sfc_debug:sfcdebug.obj
 0001:0001f390       sf_debug_ensure_script     0000000180020390 f   sfc_debug:sfcdebug.obj
 0001:0001f440       cv_eval_saturation         0000000180020440 f   sfc_debug:sfcdebug.obj
 0001:0001f5e0       cv_saturation_accum        00000001800205e0 f   sfc_debug:sfcdebug.obj
 0001:0001f720       cv_eval_relational         0000000180020720 f   sfc_debug:sfcdebug.obj
 0001:0001f890       cv_script_init_script      0000000180020890 f   sfc_debug:sfcdebug.obj
 0001:0001f980       cv_script_init_fcn         0000000180020980 f   sfc_debug:sfcdebug.obj
 0001:0001fa40       cv_script_init_testobjective 0000000180020a40 f   sfc_debug:sfcdebug.obj
 0001:0001fb00       cv_script_init_saturation  0000000180020b00 f   sfc_debug:sfcdebug.obj
 0001:0001fbb0       cv_script_init_if          0000000180020bb0 f   sfc_debug:sfcdebug.obj
 0001:0001fc70       cv_script_init_for         0000000180020c70 f   sfc_debug:sfcdebug.obj
 0001:0001fd20       cv_script_init_while       0000000180020d20 f   sfc_debug:sfcdebug.obj
 0001:0001fdd0       cv_script_init_mcdc        0000000180020dd0 f   sfc_debug:sfcdebug.obj
 0001:0001fed0       cv_script_init_relational  0000000180020ed0 f   sfc_debug:sfcdebug.obj
 0001:0001ff90       cv_script_init_switch      0000000180020f90 f   sfc_debug:sfcdebug.obj
 0001:00020070       cv_script_eval             0000000180021070 f   sfc_debug:sfcdebug.obj
 0001:00020140       eml_debug_line_call        0000000180021140 f   sfc_debug:sfcdebug.obj
 0001:00020310       sf_debug_terminate         0000000180021310 f   sfc_debug:sfcdebug.obj
 0001:00020520       sf_debug_set_script_cv_ids 0000000180021520 f   sfc_debug:sfcdebug.obj
 0001:00020650       sf_debug_api               0000000180021650 f   sfc_debug:sfc_api.obj
 0001:00021e10       sf_debug_sm_terminate      0000000180022e10 f   sfc_debug:sfdb_animation.obj
 0001:00021fc0       sf_debug_reset_path_objects 0000000180022fc0 f   sfc_debug:sfdb_animation.obj
 0001:00022040       sf_debug_sm_reset_object_selection_status 0000000180023040 f   sfc_debug:sfdb_animation.obj
 0001:000220e0       sf_debug_sm_reset_state_buffer 00000001800230e0 f   sfc_debug:sfdb_animation.obj
 0001:000221b0       sf_debug_sm_store_state_buffer 00000001800231b0 f   sfc_debug:sfdb_animation.obj
 0001:00022230       sf_debug_sm_restore_state_buffer1 0000000180023230 f   sfc_debug:sfdb_animation.obj
 0001:000222a0       sf_debug_sm_restore_state_buffer2 00000001800232a0 f   sfc_debug:sfdb_animation.obj
 0001:00022310       sf_debug_sm_chart_active   0000000180023310 f   sfc_debug:sfdb_animation.obj
 0001:00022360       sf_debug_sm_select_active_objects 0000000180023360 f   sfc_debug:sfdb_animation.obj
 0001:00022830       sf_debug_sm_is_chart_active 0000000180023830 f   sfc_debug:sfdb_animation.obj
 0001:00022870       sf_debug_sm_is_state_active 0000000180023870 f   sfc_debug:sfdb_animation.obj
 0001:00022ab0       sf_debug_sm_get_active_states 0000000180023ab0 f   sfc_debug:sfdb_animation.obj
 0001:00023060       sf_debug_sm_initialize_instance 0000000180024060 f   sfc_debug:sfdb_animation.obj
 0001:00023270       sf_debug_sm_change_object_selection_status 0000000180024270 f   sfc_debug:sfdb_animation.obj
 0001:00023540       cv_create_interface        0000000180024540 f   sfc_debug:cv_sfinterface.obj
 0001:00023850       cv_init_trans              0000000180024850 f   sfc_debug:cv_sfinterface.obj
 0001:000238a0       cv_init_saturation         00000001800248a0 f   sfc_debug:cv_sfinterface.obj
 0001:000238e0       cv_init_relationalop       00000001800248e0 f   sfc_debug:cv_sfinterface.obj
 0001:00023930       cv_init_testobjective      0000000180024930 f   sfc_debug:cv_sfinterface.obj
 0001:00023970       cv_init_state              0000000180024970 f   sfc_debug:cv_sfinterface.obj
 0001:000239e0       cv_init_chart              00000001800249e0 f   sfc_debug:cv_sfinterface.obj
 0001:00023a30       cv_dec_update_call         0000000180024a30 f   sfc_debug:cv_sfinterface.obj
 0001:00023a70       cv_cond_update_call        0000000180024a70 f   sfc_debug:cv_sfinterface.obj
 0001:00023ab0       cv_saturation_update_call  0000000180024ab0 f   sfc_debug:cv_sfinterface.obj
 0001:00023af0       cv_saturation_update_accum 0000000180024af0 f   sfc_debug:cv_sfinterface.obj
 0001:00023b30       cv_testobjective_update_call 0000000180024b30 f   sfc_debug:cv_sfinterface.obj
 0001:00023b70       cv_sigrange_update         0000000180024b70 f   sfc_debug:cv_sfinterface.obj
 0001:00023bb0       cvsf_eml_eval              0000000180024bb0 f   sfc_debug:cv_sfinterface.obj
 0001:00023c90       cvsf_eval_relational       0000000180024c90 f   sfc_debug:cv_sfinterface.obj
 0001:00023ce0       cvsf_eml_init_script       0000000180024ce0 f   sfc_debug:cv_sfinterface.obj
 0001:00023d70       cvsf_eml_init_fcn          0000000180024d70 f   sfc_debug:cv_sfinterface.obj
 0001:00023dd0       cvsf_eml_init_testobjective 0000000180024dd0 f   sfc_debug:cv_sfinterface.obj
 0001:00023e30       cvsf_eml_init_saturation   0000000180024e30 f   sfc_debug:cv_sfinterface.obj
 0001:00023e80       cvsf_eml_init_if           0000000180024e80 f   sfc_debug:cv_sfinterface.obj
 0001:00023ee0       cvsf_eml_init_for          0000000180024ee0 f   sfc_debug:cv_sfinterface.obj
 0001:00023f30       cvsf_eml_init_while        0000000180024f30 f   sfc_debug:cv_sfinterface.obj
 0001:00023f80       cvsf_eml_init_mcdc         0000000180024f80 f   sfc_debug:cv_sfinterface.obj
 0001:00024010       cvsf_eml_init_relational   0000000180025010 f   sfc_debug:cv_sfinterface.obj
 0001:00024060       cvsf_eml_init_switch       0000000180025060 f   sfc_debug:cv_sfinterface.obj
 0001:000240d0       cvsf_script_eval           00000001800250d0 f   sfc_debug:cv_sfinterface.obj
 0001:000241b0       cvsf_script_init_script    00000001800251b0 f   sfc_debug:cv_sfinterface.obj
 0001:00024240       cvsf_script_init_fcn       0000000180025240 f   sfc_debug:cv_sfinterface.obj
 0001:000242a0       cvsf_script_init_testobjective 00000001800252a0 f   sfc_debug:cv_sfinterface.obj
 0001:00024300       cvsf_script_init_saturation 0000000180025300 f   sfc_debug:cv_sfinterface.obj
 0001:00024350       cvsf_script_init_if        0000000180025350 f   sfc_debug:cv_sfinterface.obj
 0001:000243b0       cvsf_script_init_for       00000001800253b0 f   sfc_debug:cv_sfinterface.obj
 0001:00024400       cvsf_script_init_while     0000000180025400 f   sfc_debug:cv_sfinterface.obj
 0001:00024450       cvsf_script_init_mcdc      0000000180025450 f   sfc_debug:cv_sfinterface.obj
 0001:000244e0       cvsf_script_init_relational 00000001800254e0 f   sfc_debug:cv_sfinterface.obj
 0001:00024530       cvsf_script_init_switch    0000000180025530 f   sfc_debug:cv_sfinterface.obj
 0001:000245a0       cv_destroy_interface       00000001800255a0 f   sfc_debug:cv_sfinterface.obj
 0001:000245c0       cv_create_instance_objects 00000001800255c0 f   sfc_debug:cv_sfinterface.obj
 0001:00024a30       cv_is_enabled              0000000180025a30 f   sfc_debug:cv_sfinterface.obj
 0001:00024a40       sf_debug_cv_initialize_script 0000000180025a40 f   sfc_debug:cv_sfinterface.obj
 0001:00024bd0       sf_debug_cv_initialize_instance 0000000180025bd0 f   sfc_debug:cv_sfinterface.obj
 0001:00024f60       sf_debug_cv_terminate_chart 0000000180025f60 f   sfc_debug:cv_sfinterface.obj
 0001:00025080       sf_debug_st_initialize_machine 0000000180026080 f   sfc_debug:sfdb_data_browse.obj
 0001:00025130       sf_debug_st_initialize_instance 0000000180026130 f   sfc_debug:sfdb_data_browse.obj
 0001:00025340       sf_debug_st_terminate      0000000180026340 f   sfc_debug:sfdb_data_browse.obj
 0001:000256e0       sf_debug_st_set_data_value_ptr_in_machine 00000001800266e0 f   sfc_debug:sfdb_data_browse.obj
 0001:00025770       sf_debug_st_set_data_value_ptr_in_instance 0000000180026770 f   sfc_debug:sfdb_data_browse.obj
 0001:00025850       sf_debug_st_unset_data_value_ptr_in_machine 0000000180026850 f   sfc_debug:sfdb_data_browse.obj
 0001:000258c0       sf_debug_st_unset_data_value_ptr_in_instance 00000001800268c0 f   sfc_debug:sfdb_data_browse.obj
 0001:00025b80       sf_debug_mx_value          0000000180026b80 f   sfc_debug:sfdb_data_browse.obj
 0001:00025be0       sf_debug_mx_packed_vector  0000000180026be0 f   sfc_debug:sfdb_data_browse.obj
 0001:00025cc0       sf_debug_mx_uint_vector    0000000180026cc0 f   sfc_debug:sfdb_data_browse.obj
 0001:00025d70       sf_debug_st_get_double_value_from_void_ptr_vector 0000000180026d70 f   sfc_debug:sfdb_data_browse.obj
 0001:00026840       sf_debug_st_browse_data    0000000180027840 f   sfc_debug:sfdb_data_browse.obj
 0001:00027060       sf_debug_hm_initialize_instance 0000000180028060 f   sfc_debug:sfdb_handle_management.obj
 0001:00027540       sf_debug_hm_get_object_id  0000000180028540 f   sfc_debug:sfdb_handle_management.obj
 0001:000280f0       sf_debug_hm_update_chart_visibility 00000001800290f0 f   sfc_debug:sfdb_handle_management.obj
 0001:00029270       sf_debug_object_is_eml_function 000000018002a270 f   sfc_debug:sfdb_handle_management.obj
 0001:000292e0       sf_debug_hm_initialize_ids_in_machine 000000018002a2e0 f   sfc_debug:sfdb_handle_management.obj
 0001:00029450       sf_debug_hm_initialize_ids_in_chart 000000018002a450 f   sfc_debug:sfdb_handle_management.obj
 0001:00029550       sf_debug_hm_initialize_chart 000000018002a550 f   sfc_debug:sfdb_handle_management.obj
 0001:00029b80       sf_debug_hm_terminate      000000018002ab80 f   sfc_debug:sfdb_handle_management.obj
 0001:00029be0       sf_debug_hm_initialize_machine 000000018002abe0 f   sfc_debug:sfdb_handle_management.obj
 0001:0002a300       sf_debug_ss_initialize     000000018002b300 f   sfc_debug:sfdb_symbol_scope.obj
 0001:0002a320       sf_debug_ss_terminate      000000018002b320 f   sfc_debug:sfdb_symbol_scope.obj
 0001:0002a3b0       sf_debug_ss_push_symbol_scope 000000018002b3b0 f   sfc_debug:sfdb_symbol_scope.obj
 0001:0002a4b0       sf_debug_ss_push_symbol_scope_eml 000000018002b4b0 f   sfc_debug:sfdb_symbol_scope.obj
 0001:0002a510       sf_debug_ss_pop_symbol_scope 000000018002b510 f   sfc_debug:sfdb_symbol_scope.obj
 0001:0002a5c0       sf_debug_ss_add_symbol     000000018002b5c0 f   sfc_debug:sfdb_symbol_scope.obj
 0001:0002a730       sf_debug_ss_add_symbol_eml 000000018002b730 f   sfc_debug:sfdb_symbol_scope.obj
 0001:0002b630       sf_debug_ss_set_data_value 000000018002c630 f   sfc_debug:sfdb_symbol_scope.obj
 0001:0002bb40       sf_debug_ss_watch_data     000000018002cb40 f   sfc_debug:sfdb_symbol_scope.obj
 0001:0002bd20       sf_debug_ss_assign_data    000000018002cd20 f   sfc_debug:sfdb_symbol_scope.obj
 0001:0002c6f0       get_data_entry_name        000000018002d6f0 f   sfc_debug:sfdb_symbol_scope.obj
 0001:0002c740       sf_debug_ss_whos           000000018002d740 f   sfc_debug:sfdb_symbol_scope.obj
 0001:0002cda0       sf_debug_bm_clear_script_breakpoints 000000018002dda0 f   sfc_debug:sfdb_breakpoints.obj
 0001:0002cdd0       sf_debug_bm_set_script_breakpoint 000000018002ddd0 f   sfc_debug:sfdb_breakpoints.obj
 0001:0002ce50       sf_debug_bm_clear_single_script_breakpoint 000000018002de50 f   sfc_debug:sfdb_breakpoints.obj
 0001:0002ced0       sf_debug_bm_query_script_breakpoint 000000018002ded0 f   sfc_debug:sfdb_breakpoints.obj
 0001:0002cf20       sf_debug_bm_initialize_scripts 000000018002df20 f   sfc_debug:sfdb_breakpoints.obj
 0001:0002d5b0       sf_debug_bm_terminate      000000018002e5b0 f   sfc_debug:sfdb_breakpoints.obj
 0001:0002d890       sf_debug_bm_remove_all_breakpoints_in_machine 000000018002e890 f   sfc_debug:sfdb_breakpoints.obj
 0001:0002d8f0       sf_debug_bm_remove_all_breakpoints_in_chart 000000018002e8f0 f   sfc_debug:sfdb_breakpoints.obj
 0001:0002da40       sf_debug_bm_initialize_global_breakpoints 000000018002ea40 f   sfc_debug:sfdb_breakpoints.obj
 0001:0002dbc0       sf_debug_bm_set_breakpoint 000000018002ebc0 f   sfc_debug:sfdb_breakpoints.obj
 0001:0002e1b0       sf_debug_bm_set_eml_breakpoint 000000018002f1b0 f   sfc_debug:sfdb_breakpoints.obj
 0001:0002e240       sf_debug_bm_initialize_machine_breakpoint_map 000000018002f240 f   sfc_debug:sfdb_breakpoints.obj
 0001:0002e660       sf_debug_bm_is_a_breakpoint 000000018002f660 f   sfc_debug:sfdb_breakpoints.obj
 0001:0002eb90       sf_debug_bm_get_all_breakpoints_in_machine 000000018002fb90 f   sfc_debug:sfdb_breakpoints.obj
 0001:0002ee90       sf_debug_bm_get_all_breakpoints_in_chart 000000018002fe90 f   sfc_debug:sfdb_breakpoints.obj
 0001:0002fa10       sf_debug_bm_initialize_machine 0000000180030a10 f   sfc_debug:sfdb_breakpoints.obj
 0001:0002fae0       sf_debug_bm_initialize_chart 0000000180030ae0 f   sfc_debug:sfdb_breakpoints.obj
 0001:0002fed0       sf_debug_sc_terminate      0000000180030ed0 f   sfc_debug:sfdb_state_consistency.obj
 0001:000301f0       sf_debug_sc_is_chart_consistent 00000001800311f0 f   sfc_debug:sfdb_state_consistency.obj
 0001:000304a0       sf_debug_sc_get_consistency_error_info 00000001800314a0 f   sfc_debug:sfdb_state_consistency.obj
 0001:000308d0       sf_debug_tm_terminate      00000001800318d0 f   sfc_debug:sfdb_call_stack.obj
 0001:00030980       sf_debug_tm_push_chart_instance 0000000180031980 f   sfc_debug:sfdb_call_stack.obj
 0001:00030ac0       sf_debug_tm_pop_chart_instance 0000000180031ac0 f   sfc_debug:sfdb_call_stack.obj
 0001:00030b20       sf_debug_tm_push_trace_node 0000000180031b20 f   sfc_debug:sfdb_call_stack.obj
 0001:00030ca0       sf_debug_tm_pop_trace_node 0000000180031ca0 f   sfc_debug:sfdb_call_stack.obj
 0001:00030d20       sf_debug_tm_get_current_global_trace_index 0000000180031d20 f   sfc_debug:sfdb_call_stack.obj
 0001:00030d30       sf_debug_tm_get_current_local_trace_index 0000000180031d30 f   sfc_debug:sfdb_call_stack.obj
 0001:00030d60       sf_debug_tm_set_cycle_detected_flag 0000000180031d60 f   sfc_debug:sfdb_call_stack.obj
 0001:00030da0       sf_debug_tm_set_cycle_started_flag 0000000180031da0 f   sfc_debug:sfdb_call_stack.obj
 0001:00030de0       sf_debug_tm_get_chart_number_from_stack 0000000180031de0 f   sfc_debug:sfdb_call_stack.obj
 0001:00031000       sf_debug_tm_browse_trace   0000000180032000 f   sfc_debug:sfdb_call_stack.obj
 0001:00031350       sf_debug_cd_initialize_instance 0000000180032350 f   sfc_debug:sfdb_cycle_detection.obj
 0001:00031600       sf_debug_cd_mark_processed_transition_in_instance 0000000180032600 f   sfc_debug:sfdb_cycle_detection.obj
 0001:000316a0       sf_debug_cd_checksum_push  00000001800326a0 f   sfc_debug:sfdb_cycle_detection.obj
 0001:00031950       sf_debug_cd_checksum_pop   0000000180032950 f   sfc_debug:sfdb_cycle_detection.obj
 0001:000319c0       sf_debug_cd_turn_off_cycle_detection 00000001800329c0 f   sfc_debug:sfdb_cycle_detection.obj
 0001:00031a10       sf_debug_cd_terminate      0000000180032a10 f   sfc_debug:sfdb_cycle_detection.obj
 0001:00031c40       md5_initialize_state       0000000180032c40 f   sfc_debug:ckmd5.obj
 0001:00032690       md5_update_state           0000000180033690 f   sfc_debug:ckmd5.obj
 0001:000326b0       md5_get_hash               00000001800336b0 f   sfc_debug:ckmd5.obj
 0001:000326e0       md5_get_hash_for_a_single_string 00000001800336e0 f   sfc_debug:ckmd5.obj
 0001:00032740       mxGetScalar                0000000180033740 f   libmx:libmx.dll
 0001:00032746       mxGetPr                    0000000180033746 f   libmx:libmx.dll
 0001:0003274c       mxCreateDoubleMatrix_730   000000018003374c f   libmx:libmx.dll
 0001:00032752       mxGetString_730            0000000180033752 f   libmx:libmx.dll
 0001:00032758       mxIsChar                   0000000180033758 f   libmx:libmx.dll
 0001:0003275e       mxDestroyArray             000000018003375e f   libmx:libmx.dll
 0001:00032764       mxDuplicateArray           0000000180033764 f   libmx:libmx.dll
 0001:0003276a       mxCreateDoubleScalar       000000018003376a f   libmx:libmx.dll
 0001:00032770       mxSetField_730             0000000180033770 f   libmx:libmx.dll
 0001:00032776       mxCreateString             0000000180033776 f   libmx:libmx.dll
 0001:0003277c       mxCreateStructMatrix_730   000000018003377c f   libmx:libmx.dll
 0001:00032782       mxCreateCellMatrix_730     0000000180033782 f   libmx:libmx.dll
 0001:00032788       mxGetClassID               0000000180033788 f   libmx:libmx.dll
 0001:0003278e       mxIsNumeric                000000018003378e f   libmx:libmx.dll
 0001:00032794       mxIsComplex                0000000180033794 f   libmx:libmx.dll
 0001:0003279a       mxGetN                     000000018003379a f   libmx:libmx.dll
 0001:000327a0       mxGetM                     00000001800337a0 f   libmx:libmx.dll
 0001:000327a6       mxCalloc                   00000001800337a6 f   libmx:libmx.dll
 0001:000327ac       mxGetString_700            00000001800337ac f   libmx:libmx.dll
 0001:000327b2       mxFree                     00000001800337b2 f   libmx:libmx.dll
 0001:000327b8       mxArrayToString            00000001800337b8 f   libmx:libmx.dll
 0001:000327be       mxGetNumberOfElements      00000001800337be f   libmx:libmx.dll
 0001:000327c4       mxGetField_700             00000001800337c4 f   libmx:libmx.dll
 0001:000327ca       mxSetFieldByNumber_700     00000001800337ca f   libmx:libmx.dll
 0001:000327d0       mxCreateStructArray_700    00000001800337d0 f   libmx:libmx.dll
 0001:000327d6       mxGetData                  00000001800337d6 f   libmx:libmx.dll
 0001:000327dc       mxCreateNumericArray_700   00000001800337dc f   libmx:libmx.dll
 0001:000327e2       mxIsLogical                00000001800337e2 f   libmx:libmx.dll
 0001:000327e8       mxCreateDoubleMatrix_700   00000001800337e8 f   libmx:libmx.dll
 0001:000327ee       mxGetProperty_700          00000001800337ee f   libmx:libmx.dll
 0001:000327f4       mxCreateCellMatrix_700     00000001800337f4 f   libmx:libmx.dll
 0001:000327fa       mxSetCell_700              00000001800337fa f   libmx:libmx.dll
 0001:00032800       mxGetCell_700              0000000180033800 f   libmx:libmx.dll
 0001:00032806       mxGetClassName             0000000180033806 f   libmx:libmx.dll
 0001:0003280c       mxSetField_700             000000018003380c f   libmx:libmx.dll
 0001:00032812       mxAddField                 0000000180033812 f   libmx:libmx.dll
 0001:00032818       mxIsStruct                 0000000180033818 f   libmx:libmx.dll
 0001:0003281e       mxIsA                      000000018003381e f   libmx:libmx.dll
 0001:00032824       mxIsClass                  0000000180033824 f   libmx:libmx.dll
 0001:0003282a       mxGetLogicals              000000018003382a f   libmx:libmx.dll
 0001:00032830       mxIsSparse                 0000000180033830 f   libmx:libmx.dll
 0001:00032836       mxIsCell                   0000000180033836 f   libmx:libmx.dll
 0001:0003283c       mxGetFieldByNumber_700     000000018003383c f   libmx:libmx.dll
 0001:00032842       mxGetFieldNameByNumber     0000000180033842 f   libmx:libmx.dll
 0001:00032848       mxGetNumberOfFields        0000000180033848 f   libmx:libmx.dll
 0001:0003284e       mxCreateStructMatrix_700   000000018003384e f   libmx:libmx.dll
 0001:00032854       mxGetFieldNumber           0000000180033854 f   libmx:libmx.dll
 0001:0003285a       mxIsNaN                    000000018003385a f   libmx:libmx.dll
 0001:00032860       mxIsEmpty                  0000000180033860 f   libmx:libmx.dll
 0001:00032866       mxGetImagData              0000000180033866 f   libmx:libmx.dll
 0001:0003286c       mxArrayClassIDName         000000018003386c f   libmx:libmx.dll
 0001:00032872       mxCreateNumericMatrix_700  0000000180033872 f   libmx:libmx.dll
 0001:00032878       mxCalcSingleSubscript_700  0000000180033878 f   libmx:libmx.dll
 0001:0003287e       mxGetDimensions_700        000000018003387e f   libmx:libmx.dll
 0001:00032884       mxGetNumberOfDimensions_700 0000000180033884 f   libmx:libmx.dll
 0001:0003288a       mxGetElementSize           000000018003388a f   libmx:libmx.dll
 0001:00032890       mxCreateStringFromNChars_700 0000000180033890 f   libmx:libmx.dll
 0001:00032896       mxSetFieldByNumber_730     0000000180033896 f   libmx:libmx.dll
 0001:0003289c       mxIsLogicalScalarTrue      000000018003389c f   libmx:libmx.dll
 0001:000328a2       mxCreateNumericArray_730   00000001800338a2 f   libmx:libmx.dll
 0001:000328a8       mxCreateLogicalScalar      00000001800338a8 f   libmx:libmx.dll
 0001:000328ae       mxGetDimensions_730        00000001800338ae f   libmx:libmx.dll
 0001:000328b4       mxGetNumberOfDimensions_730 00000001800338b4 f   libmx:libmx.dll
 0001:000328ba       mxGetFieldByNumber_730     00000001800338ba f   libmx:libmx.dll
 0001:000328c0       mxSetCell_730              00000001800338c0 f   libmx:libmx.dll
 0001:000328c6       mxGetCell_730              00000001800338c6 f   libmx:libmx.dll
 0001:000328cc       mexMakeArrayPersistent     00000001800338cc f   libmex:libmex.dll
 0001:000328d2       mexUnlock                  00000001800338d2 f   libmex:libmex.dll
 0001:000328d8       mexIsLocked                00000001800338d8 f   libmex:libmex.dll
 0001:000328de       mexWarnMsgTxt              00000001800338de f   libmex:libmex.dll
 0001:000328e4       mexCallMATLAB              00000001800338e4 f   libmex:libmex.dll
 0001:000328ea       mexErrMsgTxt               00000001800338ea f   libmex:libmex.dll
 0001:000328f0       mexLock                    00000001800338f0 f   libmex:libmex.dll
 0001:000328f6       mexMakeMemoryPersistent    00000001800338f6 f   libmex:libmex.dll
 0001:000328fc       mexCallMATLABWithTrap      00000001800338fc f   libmex:libmex.dll
 0001:00032902       mexPutVariable             0000000180033902 f   libmex:libmex.dll
 0001:00032908       mexGetVariable             0000000180033908 f   libmex:libmex.dll
 0001:0003290e       mexFunctionName            000000018003390e f   libmex:libmex.dll
 0001:00032914       ssRegisterDataTypeFxpFSlopeFixExpBias 0000000180033914 f   libfixedpoint:libfixedpoint.dll
 0001:0003291a       ssRegisterDataTypeFxpScaledDouble 000000018003391a f   libfixedpoint:libfixedpoint.dll
 0001:00032920       utMalloc                   0000000180033920 f   libut:libut.dll
 0001:00032926       utFree                     0000000180033926 f   libut:libut.dll
 0001:0003292c       utCPUtime                  000000018003392c f   libut:libut.dll
 0001:00032932       utVSNprintf                0000000180033932 f   libut:libut.dll
 0001:00032938       utCalloc                   0000000180033938 f   libut:libut.dll
 0001:0003293e       utRealloc                  000000018003393e f   libut:libut.dll
 0001:00032944       emlrtCreateRootTLS         0000000180033944 f   libemlrt:libemlrt.dll
 0001:0003294a       emlrtDestroyRootTLS        000000018003394a f   libemlrt:libemlrt.dll
 0001:00032950       emlrtCheckBuiltInR2012b    0000000180033950 f   libemlrt:libemlrt.dll
 0001:00032956       emlrtCheckVsBuiltInR2012b  0000000180033956 f   libemlrt:libemlrt.dll
 0001:0003295c       emlrtCheckEnumR2012b       000000018003395c f   libemlrt:libemlrt.dll
 0001:00032962       emlrtCreateEnumR2012b      0000000180033962 f   libemlrt:libemlrt.dll
 0001:00032968       emlrtGetEnumElementR2009a  0000000180033968 f   libemlrt:libemlrt.dll
 0001:0003296e       emlrtCreateReference       000000018003396e f   libemlrt:libemlrt.dll
 0001:00032974       emlrtImportVsFiArrayR2009b 0000000180033974 f   libemlrt:libemlrt.dll
 0001:0003297a       emlrtNameCapturePostProcessR2012a 000000018003397a f   libemlrt:libemlrt.dll
 0001:00032980       emlrtExtractMessageId      0000000180033980 f   libemlrt:libemlrt.dll
 0001:00032986       emlrtTranslateMessageIDtoLCPstring 0000000180033986 f   libemlrt:libemlrt.dll
 0001:0003298c       emlrtForLoopVectorIsValidR2011b 000000018003398c f   libemlrt:libemlrt.dll
 0001:00032992       emlrtTranslateUTF16MessagetoLCPstring 0000000180033992 f   libemlrt:libemlrt.dll
 0001:00032998       emlrtGetEnumUnderlyingArrayR2009a 0000000180033998 f   libemlrt:libemlrt.dll
 0001:0003299e       emlrtIsEnumR2009a          000000018003399e f   libemlrt:libemlrt.dll
 0001:000329a4       emlrtInitCharArrayR2013a   00000001800339a4 f   libemlrt:libemlrt.dll
 0001:000329ac       __GSHandlerCheckCommon     00000001800339ac f   MSVCRT:gshandler.obj
 0001:00032a10       __GSHandlerCheck           0000000180033a10 f   MSVCRT:gshandler.obj
 0001:00032a2e       strcmp                     0000000180033a2e f   MSVCRT:MSVCR100.dll
 0001:00032a50       __security_check_cookie    0000000180033a50 f   MSVCRT:amdsecgs.obj
 0001:00032a70       memset                     0000000180033a70 f   MSVCRT:MSVCR100.dll
 0001:00032a76       free                       0000000180033a76 f   MSVCRT:MSVCR100.dll
 0001:00032a7c       sprintf                    0000000180033a7c f   MSVCRT:MSVCR100.dll
 0001:00032a82       malloc                     0000000180033a82 f   MSVCRT:MSVCR100.dll
 0001:00032a88       strlen                     0000000180033a88 f   MSVCRT:MSVCR100.dll
 0001:00032a8e       strcat                     0000000180033a8e f   MSVCRT:MSVCR100.dll
 0001:00032a94       memcpy                     0000000180033a94 f   MSVCRT:MSVCR100.dll
 0001:00032a9c       NtCurrentTeb               0000000180033a9c f i MSVCRT:crtdll.obj
 0001:00032b08       _CRT_INIT                  0000000180033b08 f   MSVCRT:crtdll.obj
 0001:00032ea0       _DllMainCRTStartup         0000000180033ea0 f   MSVCRT:crtdll.obj
 0001:00032ede       _setjmp                    0000000180033ede f   MSVCRT:MSVCR100.dll
 0001:00032ee4       strncpy                    0000000180033ee4 f   MSVCRT:MSVCR100.dll
 0001:00032f00       _alloca_probe              0000000180033f00     MSVCRT:chkstk.obj
 0001:00032f00       __chkstk                   0000000180033f00 f   MSVCRT:chkstk.obj
 0001:00032f4e       longjmp                    0000000180033f4e f   MSVCRT:MSVCR100.dll
 0001:00032f54       strncmp                    0000000180033f54 f   MSVCRT:MSVCR100.dll
 0001:00032f5a       ceil                       0000000180033f5a f   MSVCRT:MSVCR100.dll
 0001:00032f60       strrchr                    0000000180033f60 f   MSVCRT:MSVCR100.dll
 0001:00032f66       ldexp                      0000000180033f66 f   MSVCRT:MSVCR100.dll
 0001:00032f6c       __report_gsfailure         0000000180033f6c f   MSVCRT:gs_report.obj
 0001:000330b8       __clean_type_info_names    00000001800340b8 f   MSVCRT:tncleanup.obj
 0001:000330c4       _onexit                    00000001800340c4 f   MSVCRT:atonexit.obj
 0001:00033174       atexit                     0000000180034174 f   MSVCRT:atonexit.obj
 0001:0003318c       _RTC_Initialize            000000018003418c f   MSVCRT:_initsect_.obj
 0001:000331c4       _RTC_Terminate             00000001800341c4 f   MSVCRT:_initsect_.obj
 0001:000331fc       _malloc_crt                00000001800341fc f   MSVCRT:MSVCR100.dll
 0001:00033210       _ValidateImageBase         0000000180034210 f   MSVCRT:pesect.obj
 0001:00033240       _FindPESection             0000000180034240 f   MSVCRT:pesect.obj
 0001:00033290       _IsNonwritableInCurrentImage 0000000180034290 f   MSVCRT:pesect.obj
 0001:000332d2       _initterm                  00000001800342d2 f   MSVCRT:MSVCR100.dll
 0001:000332d8       _initterm_e                00000001800342d8 f   MSVCRT:MSVCR100.dll
 0001:000332de       _encoded_null              00000001800342de f   MSVCRT:MSVCR100.dll
 0001:000332e4       _amsg_exit                 00000001800342e4 f   MSVCRT:MSVCR100.dll
 0001:000332ea       __C_specific_handler       00000001800342ea f   MSVCRT:MSVCR100.dll
 0001:000332f0       __CppXcptFilter            00000001800342f0 f   MSVCRT:MSVCR100.dll
 0001:000332f8       DllMain                    00000001800342f8 f   MSVCRT:dllmain.obj
 0001:0003331c       __security_init_cookie     000000018003431c f   MSVCRT:gs_support.obj
 0001:000333d0       __crt_debugger_hook        00000001800343d0 f   MSVCRT:MSVCR100.dll
 0001:000333d6       __clean_type_info_names_internal 00000001800343d6 f   MSVCRT:MSVCR100.dll
 0001:000333dc       _unlock                    00000001800343dc f   MSVCRT:MSVCR100.dll
 0001:000333e2       __dllonexit                00000001800343e2 f   MSVCRT:MSVCR100.dll
 0001:000333e8       _lock                      00000001800343e8 f   MSVCRT:MSVCR100.dll
 0001:000333ee       EncodePointer              00000001800343ee f   kernel32:KERNEL32.dll
 0001:000333f4       DecodePointer              00000001800343f4 f   kernel32:KERNEL32.dll
 0001:000333fa       Sleep                      00000001800343fa f   kernel32:KERNEL32.dll
 0001:00033400       TerminateProcess           0000000180034400 f   kernel32:KERNEL32.dll
 0001:00033406       GetCurrentProcess          0000000180034406 f   kernel32:KERNEL32.dll
 0001:0003340c       UnhandledExceptionFilter   000000018003440c f   kernel32:KERNEL32.dll
 0001:00033412       SetUnhandledExceptionFilter 0000000180034412 f   kernel32:KERNEL32.dll
 0001:00033418       IsDebuggerPresent          0000000180034418 f   kernel32:KERNEL32.dll
 0001:0003341e       RtlVirtualUnwind           000000018003441e f   kernel32:KERNEL32.dll
 0001:00033424       RtlLookupFunctionEntry     0000000180034424 f   kernel32:KERNEL32.dll
 0001:0003342a       RtlCaptureContext          000000018003442a f   kernel32:KERNEL32.dll
 0001:00033430       DisableThreadLibraryCalls  0000000180034430 f   kernel32:KERNEL32.dll
 0001:00033436       QueryPerformanceCounter    0000000180034436 f   kernel32:KERNEL32.dll
 0001:0003343c       GetTickCount               000000018003443c f   kernel32:KERNEL32.dll
 0001:00033442       GetCurrentThreadId         0000000180034442 f   kernel32:KERNEL32.dll
 0001:00033448       GetCurrentProcessId        0000000180034448 f   kernel32:KERNEL32.dll
 0001:0003344e       GetSystemTimeAsFileTime    000000018003444e f   kernel32:KERNEL32.dll
 0002:00000000       __imp_GetSystemTimeAsFileTime 0000000180035000     kernel32:KERNEL32.dll
 0002:00000008       __imp_GetCurrentProcessId  0000000180035008     kernel32:KERNEL32.dll
 0002:00000010       __imp_GetCurrentThreadId   0000000180035010     kernel32:KERNEL32.dll
 0002:00000018       __imp_GetTickCount         0000000180035018     kernel32:KERNEL32.dll
 0002:00000020       __imp_QueryPerformanceCounter 0000000180035020     kernel32:KERNEL32.dll
 0002:00000028       __imp_DisableThreadLibraryCalls 0000000180035028     kernel32:KERNEL32.dll
 0002:00000030       __imp_RtlCaptureContext    0000000180035030     kernel32:KERNEL32.dll
 0002:00000038       __imp_RtlLookupFunctionEntry 0000000180035038     kernel32:KERNEL32.dll
 0002:00000040       __imp_RtlVirtualUnwind     0000000180035040     kernel32:KERNEL32.dll
 0002:00000048       __imp_IsDebuggerPresent    0000000180035048     kernel32:KERNEL32.dll
 0002:00000050       __imp_SetUnhandledExceptionFilter 0000000180035050     kernel32:KERNEL32.dll
 0002:00000058       __imp_UnhandledExceptionFilter 0000000180035058     kernel32:KERNEL32.dll
 0002:00000060       __imp_GetCurrentProcess    0000000180035060     kernel32:KERNEL32.dll
 0002:00000068       __imp_TerminateProcess     0000000180035068     kernel32:KERNEL32.dll
 0002:00000070       __imp_Sleep                0000000180035070     kernel32:KERNEL32.dll
 0002:00000078       __imp_DecodePointer        0000000180035078     kernel32:KERNEL32.dll
 0002:00000080       __imp_EncodePointer        0000000180035080     kernel32:KERNEL32.dll
 0002:00000088       \177KERNEL32_NULL_THUNK_DATA 0000000180035088     kernel32:KERNEL32.dll
 0002:00000090       __imp__onexit              0000000180035090     MSVCRT:MSVCR100.dll
 0002:00000098       __imp__lock                0000000180035098     MSVCRT:MSVCR100.dll
 0002:000000a0       __imp___dllonexit          00000001800350a0     MSVCRT:MSVCR100.dll
 0002:000000a8       __imp__unlock              00000001800350a8     MSVCRT:MSVCR100.dll
 0002:000000b0       __imp___clean_type_info_names_internal 00000001800350b0     MSVCRT:MSVCR100.dll
 0002:000000b8       __imp___crt_debugger_hook  00000001800350b8     MSVCRT:MSVCR100.dll
 0002:000000c0       __imp___CppXcptFilter      00000001800350c0     MSVCRT:MSVCR100.dll
 0002:000000c8       __imp___C_specific_handler 00000001800350c8     MSVCRT:MSVCR100.dll
 0002:000000d0       __imp__amsg_exit           00000001800350d0     MSVCRT:MSVCR100.dll
 0002:000000d8       __imp__encoded_null        00000001800350d8     MSVCRT:MSVCR100.dll
 0002:000000e0       __imp__initterm_e          00000001800350e0     MSVCRT:MSVCR100.dll
 0002:000000e8       __imp__initterm            00000001800350e8     MSVCRT:MSVCR100.dll
 0002:000000f0       __imp__malloc_crt          00000001800350f0     MSVCRT:MSVCR100.dll
 0002:000000f8       __imp_ldexp                00000001800350f8     MSVCRT:MSVCR100.dll
 0002:00000100       __imp_strrchr              0000000180035100     MSVCRT:MSVCR100.dll
 0002:00000108       __imp_ceil                 0000000180035108     MSVCRT:MSVCR100.dll
 0002:00000110       __imp_strncmp              0000000180035110     MSVCRT:MSVCR100.dll
 0002:00000118       __imp_longjmp              0000000180035118     MSVCRT:MSVCR100.dll
 0002:00000120       __imp_strncpy              0000000180035120     MSVCRT:MSVCR100.dll
 0002:00000128       __imp__setjmp              0000000180035128     MSVCRT:MSVCR100.dll
 0002:00000130       __imp_memcpy               0000000180035130     MSVCRT:MSVCR100.dll
 0002:00000138       __imp_strcat               0000000180035138     MSVCRT:MSVCR100.dll
 0002:00000140       __imp_strlen               0000000180035140     MSVCRT:MSVCR100.dll
 0002:00000148       __imp_malloc               0000000180035148     MSVCRT:MSVCR100.dll
 0002:00000150       __imp_sprintf              0000000180035150     MSVCRT:MSVCR100.dll
 0002:00000158       __imp_free                 0000000180035158     MSVCRT:MSVCR100.dll
 0002:00000160       __imp_memset               0000000180035160     MSVCRT:MSVCR100.dll
 0002:00000168       __imp_strcmp               0000000180035168     MSVCRT:MSVCR100.dll
 0002:00000170       \177MSVCR100_NULL_THUNK_DATA 0000000180035170     MSVCRT:MSVCR100.dll
 0002:00000178       __imp_emlrtInitCharArrayR2013a 0000000180035178     libemlrt:libemlrt.dll
 0002:00000180       __imp_emlrtIsEnumR2009a    0000000180035180     libemlrt:libemlrt.dll
 0002:00000188       __imp_emlrtGetEnumUnderlyingArrayR2009a 0000000180035188     libemlrt:libemlrt.dll
 0002:00000190       __imp_emlrtTranslateUTF16MessagetoLCPstring 0000000180035190     libemlrt:libemlrt.dll
 0002:00000198       __imp_emlrtForLoopVectorIsValidR2011b 0000000180035198     libemlrt:libemlrt.dll
 0002:000001a0       __imp_emlrtTranslateMessageIDtoLCPstring 00000001800351a0     libemlrt:libemlrt.dll
 0002:000001a8       __imp_emlrtExtractMessageId 00000001800351a8     libemlrt:libemlrt.dll
 0002:000001b0       __imp_emlrtNameCapturePostProcessR2012a 00000001800351b0     libemlrt:libemlrt.dll
 0002:000001b8       __imp_emlrtImportVsFiArrayR2009b 00000001800351b8     libemlrt:libemlrt.dll
 0002:000001c0       __imp_emlrtCreateReference 00000001800351c0     libemlrt:libemlrt.dll
 0002:000001c8       __imp_emlrtGetEnumElementR2009a 00000001800351c8     libemlrt:libemlrt.dll
 0002:000001d0       __imp_emlrtCreateEnumR2012b 00000001800351d0     libemlrt:libemlrt.dll
 0002:000001d8       __imp_emlrtCheckEnumR2012b 00000001800351d8     libemlrt:libemlrt.dll
 0002:000001e0       __imp_emlrtCheckVsBuiltInR2012b 00000001800351e0     libemlrt:libemlrt.dll
 0002:000001e8       __imp_emlrtCheckBuiltInR2012b 00000001800351e8     libemlrt:libemlrt.dll
 0002:000001f0       __imp_emlrtDestroyRootTLS  00000001800351f0     libemlrt:libemlrt.dll
 0002:000001f8       __imp_emlrtCreateRootTLS   00000001800351f8     libemlrt:libemlrt.dll
 0002:00000200       \177libemlrt_NULL_THUNK_DATA 0000000180035200     libemlrt:libemlrt.dll
 0002:00000208       __imp_ssRegisterDataTypeFxpScaledDouble 0000000180035208     libfixedpoint:libfixedpoint.dll
[...]
 0001:0000bc10       replace_single_quotes_by_doubled_quotes 000000018000cc10 f   sfc_mex:sfc_mex.obj
 0001:0000be10       sf_mex_get_formatted_error_string 000000018000ce10 f   sfc_mex:sfc_mex.obj
 0001:0000c340       sf_mex_destroy_array       000000018000d340 f   sfc_mex:sfc_mex.obj
 0001:0000c770       sfrtAddSize                000000018000d770 f   sfc_mex:sfc_mex.obj
 0001:0000c810       sfrtGenSizeString          000000018000d810 f   sfc_mex:sfc_mex.obj
 0001:0000c8f0       sfIsProperVector           000000018000d8f0 f   sfc_mex:sfc_mex.obj
 0001:0000c920       sfIsRowVector              000000018000d920 f   sfc_mex:sfc_mex.obj
 0001:0000ca60       sf_ExtractMessageId        000000018000da60 f   sfc_mex:sfc_mex.obj
 0001:0000cd50       sf_mex_err                 000000018000dd50 f   sfc_mex:sfc_mex.obj
 0001:0000cdd0       sf_error_dimension_out_of_bound 000000018000ddd0 f   sfc_mex:sfc_mex.obj
 0001:0000ce70       sf_mex_check_and_set_actual_dimensions 000000018000de70 f   sfc_mex:sfc_mex.obj
 0001:0000d200       sf_mex_check_complex       000000018000e200 f   sfc_mex:sfc_mex.obj
 0001:0000d2b0       sf_mex_check_sparse        000000018000e2b0 f   sfc_mex:sfc_mex.obj
 0001:0000d370       sf_mex_check_numerictype   000000018000e370 f   sfc_mex:sfc_mex.obj
 0001:0000d610       sf_mex_check_fimath        000000018000e610 f   sfc_mex:sfc_mex.obj
 0001:0000e4f0       size_mismatch_error        000000018000f4f0 f   sfc_mex:sfc_mex.obj
 0001:0000f0b0       check_array_dimensions     00000001800100b0 f   sfc_mex:sfc_mex.obj
 0001:0000f120       check_input_mxarray        0000000180010120 f   sfc_mex:sfc_mex.obj
 0001:0000f9d0       sf_numeric_value_to_double 00000001800109d0 f   sfc_mex:sfc_mex.obj
 0001:0000fa50       ml_generic_out_of_bounds_check 0000000180010a50 f   sfc_mex:sfc_mex.obj
 0001:0000fc30       ml_get_element_value_from_array 0000000180010c30 f   sfc_mex:sfc_mex.obj
 0001:00010040       _ml_generic_castability_check 0000000180011040 f   sfc_mex:sfc_mex.obj
 0001:00010ec0       ml_generic_castability_check 0000000180011ec0 f   sfc_mex:sfc_mex.obj
 0001:00010f60       ml_check_mx_array_for_single_castability 0000000180011f60 f   sfc_mex:sfc_mex.obj
 0001:00011000       ml_check_mx_array_for_logical_castability 0000000180012000 f   sfc_mex:sfc_mex.obj
 0001:000110a0       ml_check_mx_array_for_int8_castability 00000001800120a0 f   sfc_mex:sfc_mex.obj
 0001:00011150       ml_check_mx_array_for_uint8_castability 0000000180012150 f   sfc_mex:sfc_mex.obj
 0001:000111b0       ml_check_mx_array_for_int16_castability 00000001800121b0 f   sfc_mex:sfc_mex.obj
 0001:00011210       ml_check_mx_array_for_uint16_castability 0000000180012210 f   sfc_mex:sfc_mex.obj
 0001:00011270       ml_check_mx_array_for_int32_castability 0000000180012270 f   sfc_mex:sfc_mex.obj
 0001:000112d0       ml_check_mx_array_for_uint32_castability 00000001800122d0 f   sfc_mex:sfc_mex.obj
 0001:00011330       ml_check_mx_array_for_int64_castability 0000000180012330 f   sfc_mex:sfc_mex.obj
 0001:00011390       ml_check_mx_array_for_uint64_castability 0000000180012390 f   sfc_mex:sfc_mex.obj
 0001:000113e0       ml_check_mx_array_for_castability 00000001800123e0 f   sfc_mex:sfc_mex.obj
 0001:00011c80       set_data_value             0000000180012c80 f   sfc_mex:sfc_mex.obj
 0001:000121e0       get_next_element_address   00000001800131e0 f   sfc_mex:sfc_mex.obj
 0001:000122b0       sf_normalize_index         00000001800132b0 f   sfc_mex:sfc_mex.obj
 0001:00012620       ml_array_index_bound_check 0000000180013620 f   sfc_mex:sfc_mex.obj
 0001:00013190       mx_value                   0000000180014190 f   sfc_mex:sfc_mex.obj
 0001:000131e0       sf_create_numeric_array    00000001800141e0 f   sfc_mex:sfc_mex.obj
 0001:00013280       sf_mex_assign_to_mx_array  0000000180014280 f   sfc_mex:sfc_mex.obj
 0001:00013560       assign_from_mx_array       0000000180014560 f   sfc_mex:sfc_mex.obj
 0001:00013cb0       sf_mex_import_v            0000000180014cb0 f   sfc_mex:sfc_mex.obj
 0001:000142a0       SNPRINTF_WRAPPER           00000001800152a0 f   sfc_debug:sfcdebug.obj
 0001:000142d0       sf_debug_chart_instance_initialized 00000001800152d0 f   sfc_debug:sfcdebug.obj
 0001:00014450       sfrtAddSize                0000000180015450 f   sfc_debug:sfcdebug.obj
 0001:000144f0       sfrtGenSizeString          00000001800154f0 f   sfc_debug:sfcdebug.obj
 0001:00014c40       fill_single_message_info   0000000180015c40 f   sfc_debug:sfcdebug.obj
 0001:00014ef0       sf_debug_cv_transition_guard 0000000180015ef0 f   sfc_debug:sfcdebug.obj
 0001:00014f60       sf_debug_sim_status_listener 0000000180015f60 f   sfc_debug:sfcdebug.obj
 0001:00015280       sf_debug_form_mask_bits    0000000180016280 f   sfc_debug:sfcdebug.obj
 0001:000152a0       sf_debug_form_sf_data_type_offsets 00000001800162a0 f   sfc_debug:sfcdebug.obj
 0001:00015360       sf_debug_free_all          0000000180016360 f   sfc_debug:sfcdebug.obj
 0001:000154f0       sf_debug_append_debugger_context 00000001800164f0 f   sfc_debug:sfcdebug.obj
 0001:00015840       local_strdup               0000000180016840 f   sfc_debug:sfcdebug.obj
 0001:000167c0       sf_debug_em_terminate      00000001800177c0 f   sfc_debug:sfcdebug.obj
 0001:00016800       sf_debug_push_eml_function 0000000180017800 f   sfc_debug:sfcdebug.obj
 0001:000168a0       sf_debug_pop_eml_function  00000001800178a0 f   sfc_debug:sfcdebug.obj
 0001:00017220       sf_debug_get_machine_number_from_id_or_name 0000000180018220 f   sfc_debug:sfcdebug.obj
 0001:00017370       sf_debug_get_chart_number_from_id 0000000180018370 f   sfc_debug:sfcdebug.obj
 0001:000180b0       sf_debug_transfer_control_to_debugger_GUI 00000001800190b0 f   sfc_debug:sfcdebug.obj
 0001:00018dc0       sf_debug_scripts_rehash    0000000180019dc0 f   sfc_debug:sfcdebug.obj
 0001:00018fd0       sf_debug_get_script_line_count 0000000180019fd0 f   sfc_debug:sfcdebug.obj
 0001:00019b30       cv_eml_state_cvId          000000018001ab30 f   sfc_debug:sfcdebug.obj
 0001:00019ba0       cv_eml_trans_cvId          000000018001aba0 f   sfc_debug:sfcdebug.obj
 0001:0001b0f0       sf_debug_data_array_bounds_error 000000018001c0f0 f   sfc_debug:sfcdebug.obj
 0001:0001b4a0       eml_debug_runtime_error_doclink 000000018001c4a0 f   sfc_debug:sfcdebug.obj
 0001:0001b610       sf_debug_runtime_error     000000018001c610 f   sfc_debug:sfcdebug.obj
 0001:0001b660       sf_debug_matlab_error      000000018001c660 f   sfc_debug:sfcdebug.obj
 0001:0001c130       sf_debug_data_value_error  000000018001d130 f   sfc_debug:sfcdebug.obj
 0001:0001ca00       sf_debug_data_loss_error   000000018001da00 f   sfc_debug:sfcdebug.obj
 0001:0001d920       call_cv_range_check        000000018001e920 f   sfc_debug:sfcdebug.obj
 0001:0001e000       sf_debug_invoke_cycle_detection_code 000000018001f000 f   sfc_debug:sfcdebug.obj
 0001:0001eb10       sf_reset_debug_info_struct 000000018001fb10 f   sfc_debug:sfcdebug.obj
 0001:0001f3d0       cv_script_cvId             00000001800203d0 f   sfc_debug:sfcdebug.obj
 0001:000207e0       sfc_api_chart_visible      00000001800217e0 f   sfc_debug:sfc_api.obj
 0001:00020870       sfc_api_active_instance    0000000180021870 f   sfc_debug:sfc_api.obj
 0001:00020900       sfc_api_machine_load       0000000180021900 f   sfc_debug:sfc_api.obj
 0001:000209e0       sfc_api_debugger_alive     00000001800219e0 f   sfc_debug:sfc_api.obj
 0001:000209f0       sfc_api_go                 00000001800219f0 f   sfc_debug:sfc_api.obj
 0001:00020a00       sfc_api_step_over          0000000180021a00 f   sfc_debug:sfc_api.obj
 0001:00020a10       sfc_api_step_out           0000000180021a10 f   sfc_debug:sfc_api.obj
 0001:00020a20       sfc_api_resume             0000000180021a20 f   sfc_debug:sfc_api.obj
 0001:00020a30       sfc_api_break              0000000180021a30 f   sfc_debug:sfc_api.obj
 0001:00020a40       sfc_api_stop_debugging     0000000180021a40 f   sfc_debug:sfc_api.obj
 0001:00020aa0       sfc_api_is_cycle_detected  0000000180021aa0 f   sfc_debug:sfc_api.obj
 0001:00020b00       sfc_api_is_array_bounds_detected 0000000180021b00 f   sfc_debug:sfc_api.obj
 0001:00020b60       sfc_api_set_disable_all_breakpoints 0000000180021b60 f   sfc_debug:sfc_api.obj
 0001:00020be0       sfc_api_disable_all_breakpoints_and_go 0000000180021be0 f   sfc_debug:sfc_api.obj
 0001:00020bf0       sfc_api_close              0000000180021bf0 f   sfc_debug:sfc_api.obj
 0001:00020c00       sfc_api_browse_data        0000000180021c00 f   sfc_debug:sfc_api.obj
 0001:00020c80       sfc_api_watch_data         0000000180021c80 f   sfc_debug:sfc_api.obj
 0001:00020d90       sfc_api_extract_message_post_receive_info 0000000180021d90 f   sfc_debug:sfc_api.obj
 0001:00020db0       sfc_api_assign_data        0000000180021db0 f   sfc_debug:sfc_api.obj
 0001:00020e40       sfc_api_whos               0000000180021e40 f   sfc_debug:sfc_api.obj
 0001:00020ed0       sfc_api_get_consistency_info 0000000180021ed0 f   sfc_debug:sfc_api.obj
 0001:00020ee0       sfc_api_browse_trace       0000000180021ee0 f   sfc_debug:sfc_api.obj
 0001:00020ef0       sfc_api_break_on_chart_entry 0000000180021ef0 f   sfc_debug:sfc_api.obj
 0001:00020f20       sfc_api_break_on_event_broadcast 0000000180021f20 f   sfc_debug:sfc_api.obj
 0001:00020f50       sfc_api_break_on_state_entry 0000000180021f50 f   sfc_debug:sfc_api.obj
 0001:00020f80       sfc_api_set_watch          0000000180021f80 f   sfc_debug:sfc_api.obj
 0001:00021030       sfc_api_set_breakpoints    0000000180022030 f   sfc_debug:sfc_api.obj
 0001:000210f0       sfc_api_set_eml_breakpoints 00000001800220f0 f   sfc_debug:sfc_api.obj
 0001:00021190       sfc_api_set_script_breakpoints 0000000180022190 f   sfc_debug:sfc_api.obj
 0001:000211f0       sfc_api_add_script_breakpoints 00000001800221f0 f   sfc_debug:sfc_api.obj
 0001:00021250       sfc_api_clear_script_breakpoints 0000000180022250 f   sfc_debug:sfc_api.obj
 0001:000212b0       sfc_api_query_script_breakpoints 00000001800222b0 f   sfc_debug:sfc_api.obj
 0001:00021320       sfc_api_get_script_id      0000000180022320 f   sfc_debug:sfc_api.obj
 0001:000213c0       sfc_api_get_active_states  00000001800223c0 f   sfc_debug:sfc_api.obj
 0001:00021450       sfc_api_break_between_times 0000000180022450 f   sfc_debug:sfc_api.obj
 0001:000214c0       sfc_api_get_instance_handle 00000001800224c0 f   sfc_debug:sfc_api.obj
 0001:00021590       sfc_api_set_animation      0000000180022590 f   sfc_debug:sfc_api.obj
 0001:000215e0       sfc_api_select_chart       00000001800225e0 f   sfc_debug:sfc_api.obj
 0001:00021650       sfc_api_select_charts      0000000180022650 f   sfc_debug:sfc_api.obj
 0001:00021680       sfc_api_cycle_detection_check 0000000180022680 f   sfc_debug:sfc_api.obj
 0001:000216d0       sfc_api_data_range_check   00000001800226d0 f   sfc_debug:sfc_api.obj
 0001:00021720       sfc_api_transition_conflict_check 0000000180022720 f   sfc_debug:sfc_api.obj
 0001:00021770       sfc_api_state_consistency_check 0000000180022770 f   sfc_debug:sfc_api.obj
 0001:000217c0       sfc_api_set_instance_cv_ids 00000001800227c0 f   sfc_debug:sfc_api.obj
 0001:000218f0       sfc_api_set_script_cv_ids  00000001800228f0 f   sfc_debug:sfc_api.obj
 0001:000219c0       sfc_api_get_current_machine_id 00000001800229c0 f   sfc_debug:sfc_api.obj
 0001:000219f0       sfc_api_get_current_machine_number 00000001800229f0 f   sfc_debug:sfc_api.obj
 0001:00021a20       sfc_api_get_current_chart_number 0000000180022a20 f   sfc_debug:sfc_api.obj
 0001:00021a50       sfc_api_get_current_instance_number 0000000180022a50 f   sfc_debug:sfc_api.obj
 0001:00021a80       sfc_api_get_current_instance_handle 0000000180022a80 f   sfc_debug:sfc_api.obj
 0001:00021aa0       sfc_api_get_current_is_minor_time_step 0000000180022aa0 f   sfc_debug:sfc_api.obj
 0001:00021ad0       sfc_api_get_current_machine_name 0000000180022ad0 f   sfc_debug:sfc_api.obj
 0001:00021af0       sfc_api_get_current_chart_id 0000000180022af0 f   sfc_debug:sfc_api.obj
 0001:00021b20       sfc_api_get_current_object_type 0000000180022b20 f   sfc_debug:sfc_api.obj
 0001:00021b50       sfc_api_get_current_event_type 0000000180022b50 f   sfc_debug:sfc_api.obj
 0001:00021b80       sfc_api_get_current_object_id 0000000180022b80 f   sfc_debug:sfc_api.obj
 0001:00021bb0       sfc_get_current_active_event_type 0000000180022bb0 f   sfc_debug:sfc_api.obj
 0001:00021be0       sfc_api_get_current_active_event_id 0000000180022be0 f   sfc_debug:sfc_api.obj
 0001:00021c10       sfc_api_get_current_simulation_time 0000000180022c10 f   sfc_debug:sfc_api.obj
 0001:00021c30       sfc_get_current_tag_type   0000000180022c30 f   sfc_debug:sfc_api.obj
 0001:00021c60       sfc_get_current_statement_context 0000000180022c60 f   sfc_debug:sfc_api.obj
 0001:00021c80       sfc_get_current_optional_integer 0000000180022c80 f   sfc_debug:sfc_api.obj
 0001:00021cb0       sfc_api_get                0000000180022cb0 f   sfc_debug:sfc_api.obj
 0001:000228f0       sf_debug_sm_fill_state_activity_data 00000001800238f0 f   sfc_debug:sfdb_animation.obj
 0001:00025220       void_ptr_stack_vector_free_total 0000000180026220 f   sfc_debug:sfdb_data_browse.obj
 0001:000252a0       sf_debug_st_terminate_machine 00000001800262a0 f   sfc_debug:sfdb_data_browse.obj
 0001:000252e0       sf_debug_st_terminate_instance 00000001800262e0 f   sfc_debug:sfdb_data_browse.obj
 0001:00025690       push_on_to_void_ptr_stack  0000000180026690 f   sfc_debug:sfdb_data_browse.obj
 0001:00025820       pop_from_void_ptr_stack    0000000180026820 f   sfc_debug:sfdb_data_browse.obj
 0001:00025950       sf_debug_st_get_data_value 0000000180026950 f   sfc_debug:sfdb_data_browse.obj
 0001:00025e80       mx_value                   0000000180026e80 f   sfc_debug:sfdb_data_browse.obj
 0001:00025ec0       sf_debug_st_fill_data_struct 0000000180026ec0 f   sfc_debug:sfdb_data_browse.obj
 0001:00026200       data_type_format_strings   0000000180027200 f   sfc_debug:sfdb_data_browse.obj
 0001:000262b0       sf_debug_st_fill_data      00000001800272b0 f   sfc_debug:sfdb_data_browse.obj
 0001:00026f70       sf_debug_hm_get_simulink_handle 0000000180027f70 f   sfc_debug:sfdb_handle_management.obj
 0001:00027a20       sf_debug_hm_initialize_globals 0000000180028a20 f   sfc_debug:sfdb_handle_management.obj
 0001:00027b20       sf_debug_hm_get_machine_debug_flag 0000000180028b20 f   sfc_debug:sfdb_handle_management.obj
 0001:00027c90       sf_debug_hm_get_machine_id 0000000180028c90 f   sfc_debug:sfdb_handle_management.obj
 0001:00027db0       sf_debug_hm_get_chart_id   0000000180028db0 f   sfc_debug:sfdb_handle_management.obj
 0001:00027f50       sf_debug_hm_register_executing_SFunction 0000000180028f50 f   sfc_debug:sfdb_handle_management.obj
 0001:000282e0       sf_debug_hm_form_object_boolean_properties 00000001800292e0 f   sfc_debug:sfdb_handle_management.obj
 0001:000285b0       sf_debug_hm_form_object_properties 00000001800295b0 f   sfc_debug:sfdb_handle_management.obj
 0001:000287f0       sf_debug_hm_terminate_charts 00000001800297f0 f   sfc_debug:sfdb_handle_management.obj
 0001:00028e60       sf_debug_hm_terminate_machines 0000000180029e60 f   sfc_debug:sfdb_handle_management.obj
 0001:0002a800       sf_debug_ss_copy_dimension 000000018002b800 f   sfc_debug:sfdb_symbol_scope.obj
 0001:0002a8c0       sf_debug_ss_get_number_elements 000000018002b8c0 f   sfc_debug:sfdb_symbol_scope.obj
 0001:0002a8e0       sf_debug_ss_fill_data_struct 000000018002b8e0 f   sfc_debug:sfdb_symbol_scope.obj
 0001:0002ac30       sf_debug_ss_reset_data_info 000000018002bc30 f   sfc_debug:sfdb_symbol_scope.obj
 0001:0002ac90       sf_debug_fill_data_info_by_symbol_scope_entry 000000018002bc90 f   sfc_debug:sfdb_symbol_scope.obj
 0001:0002ad50       sf_debug_fill_data_info_by_data_vector 000000018002bd50 f   sfc_debug:sfdb_symbol_scope.obj
 0001:0002afa0       get_data_info_helper       000000018002bfa0 f   sfc_debug:sfdb_symbol_scope.obj
 0001:0002b290       sf_debug_ss_get_data_info  000000018002c290 f   sfc_debug:sfdb_symbol_scope.obj
 0001:0002b4b0       sf_debug_select_mex_function 000000018002c4b0 f   sfc_debug:sfdb_symbol_scope.obj
 0001:0002b4e0       sf_debug_is_dyn_matrix_initialized 000000018002c4e0 f   sfc_debug:sfdb_symbol_scope.obj
 0001:0002b500       sf_debug_ss_set_data_value_try 000000018002c500 f   sfc_debug:sfdb_symbol_scope.obj
 0001:0002b6d0       sf_debug_ss_get_data_value 000000018002c6d0 f   sfc_debug:sfdb_symbol_scope.obj
 0001:0002ba60       getInstanceNumber          000000018002ca60 f   sfc_debug:sfdb_symbol_scope.obj
 0001:0002be30       sf_debug_ss_data_bytes_string 000000018002ce30 f   sfc_debug:sfdb_symbol_scope.obj
 0001:0002bec0       sf_debug_ss_data_class_string 000000018002cec0 f   sfc_debug:sfdb_symbol_scope.obj
 0001:0002c230       sf_debug_ss_data_size_string 000000018002d230 f   sfc_debug:sfdb_symbol_scope.obj
 0001:0002c310       sf_debug_ss_data_create_data_info_struct 000000018002d310 f   sfc_debug:sfdb_symbol_scope.obj
 0001:0002c5a0       sf_debug_ss_data_create_name_value_pair 000000018002d5a0 f   sfc_debug:sfdb_symbol_scope.obj
 0001:0002c640       sf_debug_ss_data_get_whos_info 000000018002d640 f   sfc_debug:sfdb_symbol_scope.obj
 0001:0002c650       same_named_data_in_data_array 000000018002d650 f   sfc_debug:sfdb_symbol_scope.obj
 0001:0002d260       sf_debug_bm_initialize_eml 000000018002e260 f   sfc_debug:sfdb_breakpoints.obj
 0001:0002e350       sf_debug_bm_map_debug_tag_to_breakpoint_tag 000000018002f350 f   sfc_debug:sfdb_breakpoints.obj
 0001:0002e430       sf_debug_bm_is_a_eml_breakpoint_impl 000000018002f430 f   sfc_debug:sfdb_breakpoints.obj
 0001:0002fd60       sf_debug_sc_push_on_error_stack 0000000180030d60 f   sfc_debug:sfdb_state_consistency.obj
 0001:0002fe80       sf_debug_sc_reset_error_stack 0000000180030e80 f   sfc_debug:sfdb_state_consistency.obj
 0001:00030010       sf_debug_sc_is_state_inconsistent 0000000180031010 f   sfc_debug:sfdb_state_consistency.obj
 0001:00030300       sf_debug_sc_fill_consistency_info 0000000180031300 f   sfc_debug:sfdb_state_consistency.obj
 0001:000308c0       void_assertion_fcn         00000001800318c0 f   sfc_debug:sfdb_call_stack.obj
 0001:00030e10       sf_debug_tm_fill_local_trace 0000000180031e10 f   sfc_debug:sfdb_call_stack.obj
 0001:00031410       sf_debug_cd_terminate_instance 0000000180032410 f   sfc_debug:sfdb_cycle_detection.obj
 0001:00031470       sf_debug_cd_free_checksum_stack 0000000180032470 f   sfc_debug:sfdb_cycle_detection.obj
 0001:000314c0       sf_debug_cd_reset_pack_strings 00000001800324c0 f   sfc_debug:sfdb_cycle_detection.obj
 0001:00031b60       md5file_clear              0000000180032b60 f   sfc_debug:ckmd5.obj
 0001:00031b90       Encode                     0000000180032b90 f   sfc_debug:ckmd5.obj
 0001:00031be0       Decode                     0000000180032be0 f   sfc_debug:ckmd5.obj
 0001:00031c80       MD5Transform               0000000180032c80 f   sfc_debug:ckmd5.obj
 0001:000324c0       md5file_addn               00000001800334c0 f   sfc_debug:ckmd5.obj
 0001:00032590       md5file_hash               0000000180033590 f   sfc_debug:ckmd5.obj
 0001:00032aa8       pre_c_init                 0000000180033aa8 f   MSVCRT:crtdll.obj
 0001:00032d64       __DllMainCRTStartup        0000000180033d64 f   MSVCRT:crtdll.obj
 0001:00033460       __DllMainCRTStartup$filt$0 0000000180034460 f   MSVCRT:crtdll.obj
 0001:00033490       __DllMainCRTStartup$fin$1  0000000180034490 f   MSVCRT:crtdll.obj
 0001:000334aa       _onexit$fin$0              00000001800344aa f   MSVCRT:atonexit.obj
 0001:000334d0       _IsNonwritableInCurrentImage$filt$0 00000001800344d0 f   MSVCRT:pesect.obj
