 spiBitbang_complete_v1_1_sfun

 Timestamp is 535809ee (Wed Apr 23 20:43:58 2014)

 Preferred load address is 0000000180000000

 Start         Length     Name                   Class
 0001:00000000 00037794H .text                   CODE
 0001:000377a0 00000092H .text$x                 CODE
 0002:00000000 000004e8H .idata$5                DATA
 0002:000004e8 00000008H .CRT$XCA                DATA
 0002:000004f0 00000008H .CRT$XCZ                DATA
 0002:000004f8 00000008H .CRT$XIA                DATA
 0002:00000500 00000008H .CRT$XIAA               DATA
 0002:00000508 00000008H .CRT$XIZ                DATA
 0002:00000510 00004c44H .rdata                  DATA
 0002:00005158 00000008H .rtc$IAA                DATA
 0002:00005160 00000008H .rtc$IZZ                DATA
 0002:00005168 00000008H .rtc$TAA                DATA
 0002:00005170 00000008H .rtc$TZZ                DATA
 0002:00005178 00004414H .xdata                  DATA
 0002:0000958c 000000a0H .idata$2                DATA
 0002:0000962c 00000014H .idata$3                DATA
 0002:00009640 000004e8H .idata$4                DATA
 0002:00009b28 00000bacH .idata$6                DATA
 0002:0000a6e0 00000063H .edata                  DATA
 0003:00000000 000034a8H .data                   DATA
 0003:000034c0 00002458H .bss                    DATA
 0004:00000000 0000339cH .pdata                  DATA

  Address         Publics by Value              Rva+Base               Lib:Object

 0000:00000000       ___safe_se_handler_table   0000000000000000     <absolute>
 0000:00000000       ___safe_se_handler_count   0000000000000000     <absolute>
 0000:00000000       __ImageBase                0000000180000000     <linker-defined>
 0001:00000000       spiBitbang_complete_v1_1_initializer 0000000180001000 f   spiBitbang_complete_v1_1_sfun.obj
 0001:00000010       spiBitbang_complete_v1_1_terminator 0000000180001010 f   spiBitbang_complete_v1_1_sfun.obj
 0001:00000020       sf_spiBitbang_complete_v1_1_method_dispatcher 0000000180001020 f   spiBitbang_complete_v1_1_sfun.obj
 0001:00000070       sf_spiBitbang_complete_v1_1_process_check_sum_call 0000000180001070 f   spiBitbang_complete_v1_1_sfun.obj
 0001:00000480       sf_spiBitbang_complete_v1_1_autoinheritance_info 0000000180001480 f   spiBitbang_complete_v1_1_sfun.obj
 0001:000005f0       sf_spiBitbang_complete_v1_1_get_eml_resolved_functions_info 00000001800015f0 f   spiBitbang_complete_v1_1_sfun.obj
 0001:00000720       sf_spiBitbang_complete_v1_1_third_party_uses_info 0000000180001720 f   spiBitbang_complete_v1_1_sfun.obj
 0001:00000870       sf_spiBitbang_complete_v1_1_updateBuildInfo_args_info 0000000180001870 f   spiBitbang_complete_v1_1_sfun.obj
 0001:000009c0       spiBitbang_complete_v1_1_debug_initialize 00000001800019c0 f   spiBitbang_complete_v1_1_sfun.obj
 0001:00000a40       spiBitbang_complete_v1_1_register_exported_symbols 0000000180001a40 f   spiBitbang_complete_v1_1_sfun.obj
 0001:00000a50       load_spiBitbang_complete_v1_1_optimization_info 0000000180001a50 f   spiBitbang_complete_v1_1_sfun.obj
 0001:00000aa0       unload_spiBitbang_complete_v1_1_optimization_info 0000000180001aa0 f   spiBitbang_complete_v1_1_sfun.obj
 0001:00000ad0       sf_c2_spiBitbang_complete_v1_1_get_eml_resolved_functions_info 0000000180001ad0 f   c2_spiBitbang_complete_v1_1.obj
 0001:000039b0       sf_c2_spiBitbang_complete_v1_1_get_check_sum 00000001800049b0 f   c2_spiBitbang_complete_v1_1.obj
 0001:00003a30       sf_c2_spiBitbang_complete_v1_1_get_autoinheritance_info 0000000180004a30 f   c2_spiBitbang_complete_v1_1.obj
 0001:00003fa0       sf_c2_spiBitbang_complete_v1_1_third_party_uses_info 0000000180004fa0 f   c2_spiBitbang_complete_v1_1.obj
 0001:00003fd0       sf_c2_spiBitbang_complete_v1_1_updateBuildInfo_args_info 0000000180004fd0 f   c2_spiBitbang_complete_v1_1.obj
 0001:00004000       sf_internal_get_sim_state_c2_spiBitbang_complete_v1_1 0000000180005000 f   c2_spiBitbang_complete_v1_1.obj
 0001:00004350       sf_internal_set_sim_state_c2_spiBitbang_complete_v1_1 0000000180005350 f   c2_spiBitbang_complete_v1_1.obj
 0001:00004750       c2_spiBitbang_complete_v1_1_method_dispatcher 0000000180005750 f   c2_spiBitbang_complete_v1_1.obj
 0001:000075a0       sf_process_check_sum_call  00000001800085a0 f   spiBitbang_complete_v1_1_sfun_registry.obj
 0001:000075f0       sf_process_autoinheritance_call 00000001800085f0 f   spiBitbang_complete_v1_1_sfun_registry.obj
 0001:00007790       sf_process_get_third_party_uses_info_call 0000000180008790 f   spiBitbang_complete_v1_1_sfun_registry.obj
 0001:00007930       sf_process_get_updateBuildInfo_args_info_call 0000000180008930 f   spiBitbang_complete_v1_1_sfun_registry.obj
 0001:00007ad0       sf_process_get_eml_resolved_functions_info_call 0000000180008ad0 f   spiBitbang_complete_v1_1_sfun_registry.obj
 0001:00007c50       sf_mex_unlock_call         0000000180008c50 f   spiBitbang_complete_v1_1_sfun_registry.obj
 0001:00007d00       sf_machine_global_initializer_called 0000000180008d00 f   spiBitbang_complete_v1_1_sfun_registry.obj
 0001:00007d30       sf_machine_global_method_dispatcher 0000000180008d30 f   spiBitbang_complete_v1_1_sfun_registry.obj
 0001:00007d90       sf_machine_global_terminator 0000000180008d90 f   spiBitbang_complete_v1_1_sfun_registry.obj
 0001:00007de0       sf_register_machine_exported_symbols 0000000180008de0 f   spiBitbang_complete_v1_1_sfun_registry.obj
 0001:00007e00       callCustomFcn              0000000180008e00 f   spiBitbang_complete_v1_1_sfun_registry.obj
 0001:00007e10       sf_machine_global_initializer 0000000180008e10 f   spiBitbang_complete_v1_1_sfun_registry.obj
 0001:00007e90       _ssSetStateAbsTol          0000000180008e90 f   spiBitbang_complete_v1_1_sfun_registry.obj
 0001:00007f70       _ssGetAbsTol               0000000180008f70 f   spiBitbang_complete_v1_1_sfun_registry.obj
 0001:00007fe0       _ssSetInputPortMatrixDimensions 0000000180008fe0 f   spiBitbang_complete_v1_1_sfun_registry.obj
 0001:000080f0       _ssSetOutputPortMatrixDimensions 00000001800090f0 f   spiBitbang_complete_v1_1_sfun_registry.obj
 0001:00008200       _ssSetInputPortVectorDimension 0000000180009200 f   spiBitbang_complete_v1_1_sfun_registry.obj
 0001:000082d0       _ssSetOutputPortVectorDimension 00000001800092d0 f   spiBitbang_complete_v1_1_sfun_registry.obj
 0001:000083a0       ssIsRunTimeParamTunable    00000001800093a0 f   spiBitbang_complete_v1_1_sfun_registry.obj
 0001:00008410       ssGetSFuncBlockHandle      0000000180009410 f   spiBitbang_complete_v1_1_sfun_registry.obj
 0001:00008480       _ssGetCurrentInputPortWidth 0000000180009480 f   spiBitbang_complete_v1_1_sfun_registry.obj
 0001:000085a0       _ssGetCurrentOutputPortWidth 00000001800095a0 f   spiBitbang_complete_v1_1_sfun_registry.obj
 0001:000086c0       _ssGetCallSystemNumFcnCallDestinations 00000001800096c0 f   spiBitbang_complete_v1_1_sfun_registry.obj
 0001:00008730       ssWarning                  0000000180009730 f   spiBitbang_complete_v1_1_sfun_registry.obj
 0001:00008840       ssGetIsZeroCrossControlDisabled 0000000180009840 f   spiBitbang_complete_v1_1_sfun_registry.obj
 0001:000088b0       ssSetIsInputPortUsedForContZcSignal 00000001800098b0 f   spiBitbang_complete_v1_1_sfun_registry.obj
 0001:00008920       ssSetZcSignalIsZcElementDisc 0000000180009920 f   spiBitbang_complete_v1_1_sfun_registry.obj
 0001:000089d0       ssSetZcSignalName          00000001800099d0 f   spiBitbang_complete_v1_1_sfun_registry.obj
 0001:00008a40       ssSetZcSignalWidth         0000000180009a40 f   spiBitbang_complete_v1_1_sfun_registry.obj
 0001:00008ab0       ssSetZcSignalZcEventType   0000000180009ab0 f   spiBitbang_complete_v1_1_sfun_registry.obj
 0001:00008b20       ssSetZcSignalType          0000000180009b20 f   spiBitbang_complete_v1_1_sfun_registry.obj
 0001:00008b90       ssSetZcSignalZcTol         0000000180009b90 f   spiBitbang_complete_v1_1_sfun_registry.obj
 0001:00008c00       ssSetZcSignalNeedsEventNotification 0000000180009c00 f   spiBitbang_complete_v1_1_sfun_registry.obj
 0001:00008c70       ssCreateAndAddZcSignalInfo 0000000180009c70 f   spiBitbang_complete_v1_1_sfun_registry.obj
 0001:00008ce0       ssCloneAndAddZcSignalInfo  0000000180009ce0 f   spiBitbang_complete_v1_1_sfun_registry.obj
 0001:00008d50       ssGetNumZcSignals          0000000180009d50 f   spiBitbang_complete_v1_1_sfun_registry.obj
 0001:00008dc0       ssGetZcSignalVector        0000000180009dc0 f   spiBitbang_complete_v1_1_sfun_registry.obj
 0001:00008e30       ssGetZcSignalZcEvents      0000000180009e30 f   spiBitbang_complete_v1_1_sfun_registry.obj
 0001:00008ea0       ssGetZcSignalName          0000000180009ea0 f   spiBitbang_complete_v1_1_sfun_registry.obj
 0001:00008f10       ssGetZcSignalWidth         0000000180009f10 f   spiBitbang_complete_v1_1_sfun_registry.obj
 0001:00008f80       ssGetZcSignalZcEventType   0000000180009f80 f   spiBitbang_complete_v1_1_sfun_registry.obj
 0001:00008ff0       ssGetZcSignalType          0000000180009ff0 f   spiBitbang_complete_v1_1_sfun_registry.obj
 0001:00009060       ssGetZcSignalZcTol         000000018000a060 f   spiBitbang_complete_v1_1_sfun_registry.obj
 0001:000090e0       ssGetZcSignalNeedsEventNotification 000000018000a0e0 f   spiBitbang_complete_v1_1_sfun_registry.obj
 0001:00009150       ssGetZcSignalIsZcElementDisc 000000018000a150 f   spiBitbang_complete_v1_1_sfun_registry.obj
 0001:000091f0       ssGetIsInputPortElementContinuous 000000018000a1f0 f   spiBitbang_complete_v1_1_sfun_registry.obj
 0001:00009290       _ssGetInputPortSignalPtrsFcn 000000018000a290 f   spiBitbang_complete_v1_1_sfun_registry.obj
 0001:00009550       _ssGetInputPortSignalFcn   000000018000a550 f   spiBitbang_complete_v1_1_sfun_registry.obj
 0001:00009770       _ssSetInputPortDirectFeedThroughFcn 000000018000a770 f   spiBitbang_complete_v1_1_sfun_registry.obj
 0001:000098d0       _ssSetInputPortReusableFcn 000000018000a8d0 f   spiBitbang_complete_v1_1_sfun_registry.obj
 0001:000099c0       _ssSetOutputPortReusableFcn 000000018000a9c0 f   spiBitbang_complete_v1_1_sfun_registry.obj
 0001:00009aa0       ssGetDTypeIdFromMxArray    000000018000aaa0 f   spiBitbang_complete_v1_1_sfun_registry.obj
 0001:00009bc0       ssWriteRTWStr              000000018000abc0 f   spiBitbang_complete_v1_1_sfun_registry.obj
 0001:00009c20       ssWriteRTWMxVectParam      000000018000ac20 f   spiBitbang_complete_v1_1_sfun_registry.obj
 0001:00009c80       ssWriteRTWMx2dMatParam     000000018000ac80 f   spiBitbang_complete_v1_1_sfun_registry.obj
 0001:00009d00       ssWriteRTWNameValuePair    000000018000ad00 f   spiBitbang_complete_v1_1_sfun_registry.obj
 0001:0000a1f0       ssWriteRTWParameters       000000018000b1f0 f   spiBitbang_complete_v1_1_sfun_registry.obj
 0001:0000a7f0       ssWriteRTWParamSettings    000000018000b7f0 f   spiBitbang_complete_v1_1_sfun_registry.obj
 0001:0000aec0       ssWriteRTWWorkVect         000000018000bec0 f   spiBitbang_complete_v1_1_sfun_registry.obj
 0001:0000b3c0       mexFunction                000000018000c3c0 f   spiBitbang_complete_v1_1_sfun_registry.obj
 0001:0000d110       ProcessMexSfunctionEveryCall 000000018000e110 f   spiBitbang_complete_v1_1_sfun_registry.obj
 0001:0000d5b0       sim_mode_is_rtw_gen        000000018000e5b0 f   sfc_mex:sfc_sf.obj
 0001:0000d5e0       sim_mode_is_external       000000018000e5e0 f   sfc_mex:sfc_sf.obj
 0001:0000d5f0       sim_mode_is_modelref_sim   000000018000e5f0 f   sfc_mex:sfc_sf.obj
 0001:0000d610       mdlInitializeSizes         000000018000e610 f   sfc_mex:sfc_sf.obj
 0001:0000d630       mdlInitializeSampleTimes   000000018000e630 f   sfc_mex:sfc_sf.obj
 0001:0000d670       mdlZeroCrossings           000000018000e670 f   sfc_mex:sfc_sf.obj
 0001:0000d750       mdlDerivatives             000000018000e750 f   sfc_mex:sfc_sf.obj
 0001:0000d800       mdl_initialize_conditions_processing 000000018000e800 f   sfc_mex:sfc_sf.obj
 0001:0000d830       mdlInitializeConditions    000000018000e830 f   sfc_mex:sfc_sf.obj
 0001:0000d8e0       mdlGetSimState             000000018000e8e0 f   sfc_mex:sfc_sf.obj
 0001:0000d8f0       mdlSetSimState             000000018000e8f0 f   sfc_mex:sfc_sf.obj
 0001:0000d900       mdl_ext_mode_exec_processing 000000018000e900 f   sfc_mex:sfc_sf.obj
 0001:0000d920       mdlExtModeExec             000000018000e920 f   sfc_mex:sfc_sf.obj
 0001:0000dab0       mdlTerminate               000000018000eab0 f   sfc_mex:sfc_sf.obj
 0001:0000db20       mdlRTW                     000000018000eb20 f   sfc_mex:sfc_sf.obj
 0001:0000db50       mdlSetWorkWidths           000000018000eb50 f   sfc_mex:sfc_sf.obj
 0001:0000db60       mdlProcessParameters       000000018000eb60 f   sfc_mex:sfc_sf.obj
 0001:0000db70       mdl_start_processing       000000018000eb70 f   sfc_mex:sfc_sf.obj
 0001:0000dbd0       mdlStart                   000000018000ebd0 f   sfc_mex:sfc_sf.obj
 0001:0000dce0       mdlEnable                  000000018000ece0 f   sfc_mex:sfc_sf.obj
 0001:0000ddb0       mdlDisable                 000000018000edb0 f   sfc_mex:sfc_sf.obj
 0001:0000de60       sf_get_chart_instance_ptr  000000018000ee60 f   sfc_mex:sfc_sf.obj
 0001:0000de80       sf_load_rtw_optimization_info 000000018000ee80 f   sfc_mex:sfc_sf.obj
 0001:0000df50       sf_update_buildInfo        000000018000ef50 f   sfc_mex:sfc_sf.obj
 0001:0000e050       sf_rtw_info_uint_prop      000000018000f050 f   sfc_mex:sfc_sf.obj
 0001:0000e190       sf_is_chart_inlinable      000000018000f190 f   sfc_mex:sfc_sf.obj
 0001:0000e1b0       sf_mark_output_events_with_multiple_callers 000000018000f1b0 f   sfc_mex:sfc_sf.obj
 0001:0000e340       sf_mark_chart_reusable_outputs 000000018000f340 f   sfc_mex:sfc_sf.obj
 0001:0000e5a0       sf_mark_chart_expressionable_inputs 000000018000f5a0 f   sfc_mex:sfc_sf.obj
 0001:0000e800       sf_get_subchart_simstruct  000000018000f800 f   sfc_mex:sfc_sf.obj
 0001:0000e850       sf_get_fixpt_data_type_id  000000018000f850 f   sfc_mex:sfc_sf.obj
 0001:0000e890       sf_get_enum_data_type_id   000000018000f890 f   sfc_mex:sfc_sf.obj
 0001:0000e8d0       sf_get_param_data_type_id  000000018000f8d0 f   sfc_mex:sfc_sf.obj
 0001:0000e900       sf_mex_listen_for_ctrl_c_force 000000018000f900 f   sfc_mex:sfc_sf.obj
 0001:0000ea10       sf_mex_draw_now            000000018000fa10 f   sfc_mex:sfc_sf.obj
 0001:0000ea50       sf_mex_set_debugger_sim_status_listener_fcn 000000018000fa50 f   sfc_mex:sfc_sf.obj
 0001:0000ea60       sf_mex_listen_for_ctrl_c   000000018000fa60 f   sfc_mex:sfc_sf.obj
 0001:0000eb00       sf_mex_get_sfun_param      000000018000fb00 f   sfc_mex:sfc_sf.obj
 0001:0000eb50       sf_get_runtime_param_data  000000018000fb50 f   sfc_mex:sfc_sf.obj
 0001:0000eb90       sf_call_output_fcn_call    000000018000fb90 f   sfc_mex:sfc_sf.obj
 0001:0000ecd0       sf_call_output_fcn_enable  000000018000fcd0 f   sfc_mex:sfc_sf.obj
 0001:0000ed60       sf_call_output_fcn_disable 000000018000fd60 f   sfc_mex:sfc_sf.obj
 0001:0000edf0       sf_clear_rtw_identifier    000000018000fdf0 f   sfc_mex:sfc_sf.obj
 0001:0000f5d0       sf_set_encoded_dwork_info  00000001800105d0 f   sfc_mex:sfc_sf.obj
 0001:0000f620       sf_get_dwork_info_from_mat_file 0000000180010620 f   sfc_mex:sfc_sf.obj
 0001:0000f7e0       sf_set_rtw_dwork_info      00000001800107e0 f   sfc_mex:sfc_sf.obj
 0001:0000f950       mdlOutputs                 0000000180010950 f   sfc_mex:sfc_sf.obj
 0001:0000fb40       sf_mex_mx_is_numeric       0000000180010b40 f   sfc_mex:sfc_mex.obj
 0001:0000fb80       strcmp_ignore_ws           0000000180010b80 f   sfc_mex:sfc_mex.obj
 0001:0000fcc0       sf_mex_duplicatearraysafe  0000000180010cc0 f   sfc_mex:sfc_mex.obj
 0001:0000fe20       sf_set_error_debugger_context_message_fcn 0000000180010e20 f   sfc_mex:sfc_mex.obj
 0001:0000fe30       sf_set_debugger_matlab_error_fcn 0000000180010e30 f   sfc_mex:sfc_mex.obj
 0001:0000fe70       sf_set_error_prefix_string 0000000180010e70 f   sfc_mex:sfc_mex.obj
 0001:0000fea0       sf_get_error_prefix_string 0000000180010ea0 f   sfc_mex:sfc_mex.obj
 0001:0000feb0       sf_mex_enter_parallel_region 0000000180010eb0 f   sfc_mex:sfc_mex.obj
 0001:0000fec0       sf_mex_exit_parallel_region 0000000180010ec0 f   sfc_mex:sfc_mex.obj
 0001:0000fed0       sf_get_current_jmp_buf_ptr 0000000180010ed0 f   sfc_mex:sfc_mex.obj
 0001:0000fee0       sf_set_current_jmp_buf_ptr 0000000180010ee0 f   sfc_mex:sfc_mex.obj
 0001:0000fef0       sf_mex_set_halt_simulation 0000000180010ef0 f   sfc_mex:sfc_mex.obj
 0001:0000ff00       sf_mex_get_halt_simulation 0000000180010f00 f   sfc_mex:sfc_mex.obj
 0001:0000ff10       sf_mex_clear_error_message 0000000180010f10 f   sfc_mex:sfc_mex.obj
 0001:0000ff30       sf_mex_get_error_message_for_read 0000000180010f30 f   sfc_mex:sfc_mex.obj
 0001:0000ff40       sf_mex_get_error_message_buffer_length 0000000180010f40 f   sfc_mex:sfc_mex.obj
 0001:00010000       sf_mex_warning_message     0000000180011000 f   sfc_mex:sfc_mex.obj
 0001:00010050       sf_mex_v_errbuf_createf    0000000180011050 f   sfc_mex:sfc_mex.obj
 0001:00010060       sf_mex_errbuf_createf      0000000180011060 f   sfc_mex:sfc_mex.obj
 0001:00010090       sf_mex_v_errbuf_catf       0000000180011090 f   sfc_mex:sfc_mex.obj
 0001:000100d0       sf_mex_errbuf_catf         00000001800110d0 f   sfc_mex:sfc_mex.obj
 0001:00010120       sf_mex_errbuf_copy         0000000180011120 f   sfc_mex:sfc_mex.obj
 0001:00010130       sf_mex_errbuf_clear        0000000180011130 f   sfc_mex:sfc_mex.obj
 0001:00010140       sf_mex_errbuf_isempty      0000000180011140 f   sfc_mex:sfc_mex.obj
 0001:00010240       sf_mex_set_error_status    0000000180011240 f   sfc_mex:sfc_mex.obj
 0001:00010290       sf_mex_error_direct_call   0000000180011290 f   sfc_mex:sfc_mex.obj
 0001:000102b0       sf_mex_error_message_no_long_jump 00000001800112b0 f   sfc_mex:sfc_mex.obj
 0001:000102d0       sf_mex_long_jump_on_error  00000001800112d0 f   sfc_mex:sfc_mex.obj
 0001:00010300       sf_mex_call_matlab         0000000180011300 f   sfc_mex:sfc_mex.obj
 0001:000103e0       sf_mex_check_builtin       00000001800113e0 f   sfc_mex:sfc_mex.obj
 0001:00010480       sf_mex_check_builtin_vs    0000000180011480 f   sfc_mex:sfc_mex.obj
 0001:00010540       sf_mex_check_enum          0000000180011540 f   sfc_mex:sfc_mex.obj
 0001:000105c0       sf_mex_create_enum         00000001800115c0 f   sfc_mex:sfc_mex.obj
 0001:00010630       sf_mex_get_enum_element    0000000180011630 f   sfc_mex:sfc_mex.obj
 0001:00010640       sf_mex_createcellarray     0000000180011640 f   sfc_mex:sfc_mex.obj
 0001:00010650       sf_mex_setcell             0000000180011650 f   sfc_mex:sfc_mex.obj
 0001:00010660       sf_mex_getcell             0000000180011660 f   sfc_mex:sfc_mex.obj
 0001:00010670       sf_mex_dup                 0000000180011670 f   sfc_mex:sfc_mex.obj
 0001:00010690       sf_mex_assign              0000000180011690 f   sfc_mex:sfc_mex.obj
 0001:00010710       sf_mex_destroy             0000000180011710 f   sfc_mex:sfc_mex.obj
 0001:00010740       mx_array_has_fi_type       0000000180011740 f   sfc_mex:sfc_mex.obj
 0001:00010770       sf_mex_convert_from_fi     0000000180011770 f   sfc_mex:sfc_mex.obj
 0001:00010950       sf_mex_convert_to_double   0000000180011950 f   sfc_mex:sfc_mex.obj
 0001:00010a60       sf_mex_import_fi_vs        0000000180011a60 f   sfc_mex:sfc_mex.obj
 0001:00010c70       sf_matrix_matrix_index_ok  0000000180011c70 f   sfc_mex:sfc_mex.obj
 0001:00010d00       sf_vector_vector_index_ok  0000000180011d00 f   sfc_mex:sfc_mex.obj
 0001:00010d30       ssGetCurrentInputPortDimensions_wrapper 0000000180011d30 f   sfc_mex:sfc_mex.obj
 0001:00010d50       ssGetCurrentOutputPortDimensions_wrapper 0000000180011d50 f   sfc_mex:sfc_mex.obj
 0001:00010d70       sf_mex_emlrt_context_is_debug_mode 0000000180011d70 f   sfc_mex:sfc_mex.obj
 0001:00010d80       sf_mex_emlrt_context_set_debug_mode 0000000180011d80 f   sfc_mex:sfc_mex.obj
 0001:00010d90       sf_mex_emlrtNameCapturePostProcessR2012a 0000000180011d90 f   sfc_mex:sfc_mex.obj
 0001:00010e00       sf_clear_error_manager_info 0000000180011e00 f   sfc_mex:sfc_mex.obj
 0001:00010e60       sf_mex_stop_simulation_abruptly_wo_error 0000000180011e60 f   sfc_mex:sfc_mex.obj
 0001:00010ea0       sf_mex_error_message       0000000180011ea0 f   sfc_mex:sfc_mex.obj
 0001:00010f10       sf_react_to_error_in_matlab_call 0000000180011f10 f   sfc_mex:sfc_mex.obj
 0001:00010f40       sf_mex_addfield            0000000180011f40 f   sfc_mex:sfc_mex.obj
 0001:00010fe0       sf_mex_getfield            0000000180011fe0 f   sfc_mex:sfc_mex.obj
 0001:00011350       sf_mex_check_class         0000000180012350 f   sfc_mex:sfc_mex.obj
 0001:00011440       sf_mex_is_real             0000000180012440 f   sfc_mex:sfc_mex.obj
 0001:00011bf0       sf_mex_decode_encoded_mx_cell_array 0000000180012bf0 f   sfc_mex:sfc_mex.obj
 0001:00011e60       sf_mex_decode_encoded_mx_struct_array 0000000180012e60 f   sfc_mex:sfc_mex.obj
 0001:00012130       lw_bounds_error            0000000180013130 f   sfc_mex:sfc_mex.obj
 0001:00012140       sf_mex_lw_bounds_check     0000000180013140 f   sfc_mex:sfc_mex.obj
 0001:00012170       sf_mex_lw_bounds_check_int64 0000000180013170 f   sfc_mex:sfc_mex.obj
 0001:000121b0       sf_mex_lw_size_eq_check_1d 00000001800131b0 f   sfc_mex:sfc_mex.obj
 0001:000121d0       sf_mex_lw_size_eq_check_nd 00000001800131d0 f   sfc_mex:sfc_mex.obj
 0001:000123b0       sf_mex_lw_dim_size_eq_check 00000001800133b0 f   sfc_mex:sfc_mex.obj
 0001:000123e0       sf_mex_lw_dim_size_geq_check 00000001800133e0 f   sfc_mex:sfc_mex.obj
 0001:00012410       sf_mex_lw_sub_assign_size_check_nd 0000000180013410 f   sfc_mex:sfc_mex.obj
 0001:000125c0       sf_mex_lw_runtime_error_msgid 00000001800135c0 f   sfc_mex:sfc_mex.obj
 0001:000126b0       sf_mex_lw_matrix_matrix_index_check 00000001800136b0 f   sfc_mex:sfc_mex.obj
 0001:000126d0       sf_mex_lw_vector_vector_index_check 00000001800136d0 f   sfc_mex:sfc_mex.obj
 0001:00012710       sf_mex_lw_for_loop_vector_check 0000000180013710 f   sfc_mex:sfc_mex.obj
 0001:00012790       sf_mex_lw_non_negative_check 0000000180013790 f   sfc_mex:sfc_mex.obj
 0001:000127d0       sf_mex_overflow_error      00000001800137d0 f   sfc_mex:sfc_mex.obj
 0001:000127e0       sf_mex_dividebyzero_error  00000001800137e0 f   sfc_mex:sfc_mex.obj
 0001:000127f0       sf_mex_unsafe_enum_error   00000001800137f0 f   sfc_mex:sfc_mex.obj
 0001:00012800       sf_emlrtErrHandler         0000000180013800 f   sfc_mex:sfc_mex.obj
 0001:000128c0       sf_mex_size_one_check      00000001800138c0 f   sfc_mex:sfc_mex.obj
 0001:000128e0       sf_mex_printf              00000001800138e0 f   sfc_mex:sfc_mex.obj
 0001:00012b30       sf_mex_check_size          0000000180013b30 f   sfc_mex:sfc_mex.obj
 0001:00012e70       sf_mex_check_struct        0000000180013e70 f   sfc_mex:sfc_mex.obj
 0001:00013090       sf_mex_check_struct_vs     0000000180014090 f   sfc_mex:sfc_mex.obj
 0001:00013120       sf_mex_check_fi            0000000180014120 f   sfc_mex:sfc_mex.obj
 0001:000132b0       sf_mex_check_fi_vs         00000001800142b0 f   sfc_mex:sfc_mex.obj
 0001:00013350       sf_echo_expression         0000000180014350 f   sfc_mex:sfc_mex.obj
 0001:000133b0       sf_assertion_failed        00000001800143b0 f   sfc_mex:sfc_mex.obj
 0001:00013680       sf_mex_evalin              0000000180014680 f   sfc_mex:sfc_mex.obj
 0001:000139d0       sf_mex_export              00000001800149d0 f   sfc_mex:sfc_mex.obj
 0001:00013a90       sf_mex_get_ml_var_no_error 0000000180014a90 f   sfc_mex:sfc_mex.obj
 0001:00013cd0       sf_mex_get_ml_var          0000000180014cd0 f   sfc_mex:sfc_mex.obj
 0001:000141d0       ml_set_element_value_in_array 00000001800151d0 f   sfc_mex:sfc_mex.obj
 0001:00015b40       sf_mex_call_impl           0000000180016b40 f   sfc_mex:sfc_mex.obj
 0001:00015f60       sf_mex_call_debug          0000000180016f60 f   sfc_mex:sfc_mex.obj
 0001:00015f90       sf_mex_call                0000000180016f90 f   sfc_mex:sfc_mex.obj
 0001:000166a0       sf_mex_createstruct        00000001800176a0 f   sfc_mex:sfc_mex.obj
 0001:00016790       sf_mex_createstructarray   0000000180017790 f   sfc_mex:sfc_mex.obj
 0001:00016810       sf_mex_get_mx_datatype_from_sf_datatype 0000000180017810 f   sfc_mex:sfc_mex.obj
 0001:00016b20       sf_mex_ml_var_sub          0000000180017b20 f   sfc_mex:sfc_mex.obj
 0001:00016d30       sf_mex_ml_var_subsasgn     0000000180017d30 f   sfc_mex:sfc_mex.obj
 0001:000170f0       sf_mex_sub                 00000001800180f0 f   sfc_mex:sfc_mex.obj
 0001:00017330       sf_mex_subsasgn            0000000180018330 f   sfc_mex:sfc_mex.obj
 0001:000177a0       sf_mex_create              00000001800187a0 f   sfc_mex:sfc_mex.obj
 0001:00018110       sf_mex_import_named        0000000180019110 f   sfc_mex:sfc_mex.obj
 0001:00018170       sf_mex_import              0000000180019170 f   sfc_mex:sfc_mex.obj
 0001:000181c0       sf_mex_import_vs           00000001800191c0 f   sfc_mex:sfc_mex.obj
 0001:000182d0       sf_mex_lower_fixpt_mx_array 00000001800192d0 f   sfc_mex:sfc_mex.obj
 0001:00018600       sf_debug_chart_instance_initialized_quick 0000000180019600 f   sfc_debug:sfcdebug.obj
 0001:00018680       sf_debug_disp              0000000180019680 f   sfc_debug:sfcdebug.obj
 0001:00018910       sf_debug_data_runtime_size_mismatch_error_check 0000000180019910 f   sfc_debug:sfcdebug.obj
 0001:000189c0       sf_debug_try_loading_machine 00000001800199c0 f   sfc_debug:sfcdebug.obj
 0001:00018ac0       sf_debug_reset_current_state_configuration 0000000180019ac0 f   sfc_debug:sfcdebug.obj
 0001:00018b40       sf_debug_store_current_state_configuration 0000000180019b40 f   sfc_debug:sfcdebug.obj
 0001:00018bc0       sf_debug_restore_previous_state_configuration 0000000180019bc0 f   sfc_debug:sfcdebug.obj
 0001:00018c40       sf_debug_restore_previous_state_configuration2 0000000180019c40 f   sfc_debug:sfcdebug.obj
 0001:00018cc0       sf_debug_get_event_scope   0000000180019cc0 f   sfc_debug:sfcdebug.obj
 0001:00018e30       use_debugger_step_animation 0000000180019e30 f   sfc_debug:sfcdebug.obj
 0001:00018e50       sf_debug_get_script_id     0000000180019e50 f   sfc_debug:sfcdebug.obj
 0001:00018ee0       sf_debug_set_script_translation 0000000180019ee0 f   sfc_debug:sfcdebug.obj
 0001:00019070       sf_debug_extract_message_post_receive_info 000000018001a070 f   sfc_debug:sfcdebug.obj
 0001:000192c0       sf_debug_get_current_machine_id 000000018001a2c0 f   sfc_debug:sfcdebug.obj
 0001:000192e0       sf_debug_get_current_optional_integer 000000018001a2e0 f   sfc_debug:sfcdebug.obj
 0001:000192f0       sf_debug_get_current_machine_number 000000018001a2f0 f   sfc_debug:sfcdebug.obj
 0001:00019310       sf_debug_get_current_machine_name 000000018001a310 f   sfc_debug:sfcdebug.obj
 0001:00019330       sf_debug_get_current_chart_id 000000018001a330 f   sfc_debug:sfcdebug.obj
 0001:00019370       sf_debug_get_current_chart_number 000000018001a370 f   sfc_debug:sfcdebug.obj
 0001:00019380       sf_debug_get_current_instance_number 000000018001a380 f   sfc_debug:sfcdebug.obj
 0001:00019390       sf_debug_get_current_is_minor_time_step 000000018001a390 f   sfc_debug:sfcdebug.obj
 0001:00019410       sf_debug_get_current_object_type 000000018001a410 f   sfc_debug:sfcdebug.obj
 0001:00019420       sf_debug_get_current_instance_handle 000000018001a420 f   sfc_debug:sfcdebug.obj
 0001:00019480       sf_debug_get_current_event_type 000000018001a480 f   sfc_debug:sfcdebug.obj
 0001:00019490       sf_debug_get_current_object_id 000000018001a490 f   sfc_debug:sfcdebug.obj
 0001:000194d0       sf_debug_get_current_active_event_type 000000018001a4d0 f   sfc_debug:sfcdebug.obj
 0001:000194e0       sf_debug_get_current_active_event_id 000000018001a4e0 f   sfc_debug:sfcdebug.obj
 0001:00019520       sf_debug_get_current_tag_type 000000018001a520 f   sfc_debug:sfcdebug.obj
 0001:00019530       sf_debug_get_current_simulation_time 000000018001a530 f   sfc_debug:sfcdebug.obj
 0001:00019540       sf_debug_current_statement_context 000000018001a540 f   sfc_debug:sfcdebug.obj
 0001:00019820       sf_debug_assertion_failed  000000018001a820 f   sfc_debug:sfcdebug.obj
 0001:000199d0       sf_debug_create_debug_instance_struct 000000018001a9d0 f   sfc_debug:sfcdebug.obj
 0001:00019a20       sf_debug_set_number_of_data_with_change_event_for_machine 000000018001aa20 f   sfc_debug:sfcdebug.obj
 0001:00019a70       sf_debug_set_machine_event_thresholds 000000018001aa70 f   sfc_debug:sfcdebug.obj
 0001:00019a90       sf_debug_set_machine_event_scope 000000018001aa90 f   sfc_debug:sfcdebug.obj
 0001:00019ae0       sf_debug_set_machine_data_thresholds 000000018001aae0 f   sfc_debug:sfcdebug.obj
 0001:00019b30       sf_debug_set_machine_data_scope 000000018001ab30 f   sfc_debug:sfcdebug.obj
 0001:00019bd0       sf_debug_set_machine_data_name 000000018001abd0 f   sfc_debug:sfcdebug.obj
 0001:00019c80       sf_debug_set_machine_data_size 000000018001ac80 f   sfc_debug:sfcdebug.obj
 0001:00019dd0       sf_debug_set_machine_data_type 000000018001add0 f   sfc_debug:sfcdebug.obj
 0001:00019f40       sf_debug_get_chart_data_number 000000018001af40 f   sfc_debug:sfcdebug.obj
 0001:00019f60       sf_debug_get_chart_event_number 000000018001af60 f   sfc_debug:sfcdebug.obj
 0001:00019f80       sf_debug_set_chart_state_info 000000018001af80 f   sfc_debug:sfcdebug.obj
 0001:0001a010       sf_debug_set_chart_decomposition 000000018001b010 f   sfc_debug:sfcdebug.obj
 0001:0001a080       sf_debug_set_chart_substate_count 000000018001b080 f   sfc_debug:sfcdebug.obj
 0001:0001a160       sf_debug_set_chart_substate_index 000000018001b160 f   sfc_debug:sfcdebug.obj
 0001:0001a1e0       sf_debug_set_chart_state_substate_count 000000018001b1e0 f   sfc_debug:sfcdebug.obj
 0001:0001a300       sf_debug_set_chart_state_substate_index 000000018001b300 f   sfc_debug:sfcdebug.obj
 0001:0001a390       sf_debug_set_number_of_data_with_change_event_for_chart 000000018001b390 f   sfc_debug:sfcdebug.obj
 0001:0001a420       sf_debug_set_number_of_states_with_entry_event_for_chart 000000018001b420 f   sfc_debug:sfcdebug.obj
 0001:0001a4a0       sf_debug_set_number_of_states_with_exit_event_for_chart 000000018001b4a0 f   sfc_debug:sfcdebug.obj
 0001:0001a520       sf_debug_set_chart_disable_implicit_casting 000000018001b520 f   sfc_debug:sfcdebug.obj
 0001:0001a590       sf_debug_set_chart_event_thresholds 000000018001b590 f   sfc_debug:sfcdebug.obj
 0001:0001a610       sf_debug_set_chart_data_compiled_props 000000018001b610 f   sfc_debug:sfcdebug.obj
 0001:0001a950       sf_debug_set_chart_data_props 000000018001b950 f   sfc_debug:sfcdebug.obj
 0001:0001ac70       sf_debug_check_fi_license  000000018001bc70 f   sfc_debug:sfcdebug.obj
 0001:0001ae20       sf_debug_symbol_scope_push 000000018001be20 f   sfc_debug:sfcdebug.obj
 0001:0001ae60       sf_debug_symbol_scope_push_eml 000000018001be60 f   sfc_debug:sfcdebug.obj
 0001:0001aeb0       sf_debug_symbol_scope_pop  000000018001beb0 f   sfc_debug:sfcdebug.obj
 0001:0001aef0       sf_debug_symbol_scope_add_importable 000000018001bef0 f   sfc_debug:sfcdebug.obj
 0001:0001af70       sf_debug_symbol_scope_add  000000018001bf70 f   sfc_debug:sfcdebug.obj
 0001:0001aff0       sf_debug_symbol_scope_add_dyn_importable 000000018001bff0 f   sfc_debug:sfcdebug.obj
 0001:0001b0b0       sf_debug_symbol_scope_add_dyn 000000018001c0b0 f   sfc_debug:sfcdebug.obj
 0001:0001b0f0       sf_debug_symbol_scope_add_eml_importable 000000018001c0f0 f   sfc_debug:sfcdebug.obj
 0001:0001b130       sf_debug_symbol_scope_add_eml 000000018001c130 f   sfc_debug:sfcdebug.obj
 0001:0001b170       sf_debug_symbol_scope_add_eml_dyn_importable 000000018001c170 f   sfc_debug:sfcdebug.obj
 0001:0001b1d0       sf_debug_symbol_scope_add_eml_dyn 000000018001c1d0 f   sfc_debug:sfcdebug.obj
 0001:0001b230       sf_debug_symbol_switch     000000018001c230 f   sfc_debug:sfcdebug.obj
 0001:0001b250       sf_debug_symbol_scope_add_verbose 000000018001c250 f   sfc_debug:sfcdebug.obj
 0001:0001b320       sf_debug_set_machine_data_value_ptr 000000018001c320 f   sfc_debug:sfcdebug.obj
 0001:0001b360       sf_debug_set_instance_data_value_ptr 000000018001c360 f   sfc_debug:sfcdebug.obj
 0001:0001b430       sf_debug_unset_instance_data_value_ptr 000000018001c430 f   sfc_debug:sfcdebug.obj
 0001:0001b4e0       sf_debug_set_chart_event_scope 000000018001c4e0 f   sfc_debug:sfcdebug.obj
 0001:0001b700       sf_debug_unload_machine    000000018001c700 f   sfc_debug:sfcdebug.obj
 0001:0001b750       sf_debug_load_machine      000000018001c750 f   sfc_debug:sfcdebug.obj
 0001:0001b860       sf_debug_set_active_instance_in_data_dictionary 000000018001c860 f   sfc_debug:sfcdebug.obj
 0001:0001ba40       sf_debug_set_active_instance 000000018001ca40 f   sfc_debug:sfcdebug.obj
 0001:0001bba0       sf_debug_chart_visiblity_change 000000018001cba0 f   sfc_debug:sfcdebug.obj
 0001:0001bc90       sf_debug_select_chart      000000018001cc90 f   sfc_debug:sfcdebug.obj
 0001:0001bdf0       sf_debug_set_instance_cv_ids 000000018001cdf0 f   sfc_debug:sfcdebug.obj
 0001:0001c0b0       sf_debug_select_charts     000000018001d0b0 f   sfc_debug:sfcdebug.obj
 0001:0001c260       sf_debug_initialized       000000018001d260 f   sfc_debug:sfcdebug.obj
 0001:0001c280       sf_debug_initialize_debugger_gui 000000018001d280 f   sfc_debug:sfcdebug.obj
 0001:0001c660       sf_debug_resume            000000018001d660 f   sfc_debug:sfcdebug.obj
 0001:0001c680       sf_debug_go                000000018001d680 f   sfc_debug:sfcdebug.obj
 0001:0001c690       sf_debug_break             000000018001d690 f   sfc_debug:sfcdebug.obj
 0001:0001c6a0       sf_debug_step_over         000000018001d6a0 f   sfc_debug:sfcdebug.obj
 0001:0001c6b0       sf_debug_step_out          000000018001d6b0 f   sfc_debug:sfcdebug.obj
 0001:0001c6c0       sf_debug_set_disable_all_breakpoints 000000018001d6c0 f   sfc_debug:sfcdebug.obj
 0001:0001c6d0       sf_debug_disable_all_breakpoints_and_go 000000018001d6d0 f   sfc_debug:sfcdebug.obj
 0001:0001c6e0       sf_debug_break_on_chart_entry 000000018001d6e0 f   sfc_debug:sfcdebug.obj
 0001:0001c6f0       sf_debug_break_on_event_broadcast 000000018001d6f0 f   sfc_debug:sfcdebug.obj
 0001:0001c700       sf_debug_break_on_state_entry 000000018001d700 f   sfc_debug:sfcdebug.obj
 0001:0001c710       sf_debug_break_between_times 000000018001d710 f   sfc_debug:sfcdebug.obj
 0001:0001c730       sf_debug_browse_data       000000018001d730 f   sfc_debug:sfcdebug.obj
 0001:0001c740       sf_debug_watch_data        000000018001d740 f   sfc_debug:sfcdebug.obj
 0001:0001c770       sf_debug_assign_data       000000018001d770 f   sfc_debug:sfcdebug.obj
 0001:0001c780       sf_debug_whos              000000018001d780 f   sfc_debug:sfcdebug.obj
 0001:0001c7a0       sf_debug_get_consistency_info 000000018001d7a0 f   sfc_debug:sfcdebug.obj
 0001:0001c7b0       sf_debug_browse_trace      000000018001d7b0 f   sfc_debug:sfcdebug.obj
 0001:0001c7c0       sf_debug_set_breakpoints   000000018001d7c0 f   sfc_debug:sfcdebug.obj
 0001:0001c920       sf_debug_set_eml_breakpoints 000000018001d920 f   sfc_debug:sfcdebug.obj
 0001:0001ca80       sf_debug_set_script_breakpoints 000000018001da80 f   sfc_debug:sfcdebug.obj
 0001:0001cb00       sf_debug_add_script_breakpoints 000000018001db00 f   sfc_debug:sfcdebug.obj
 0001:0001cb70       sf_debug_clear_script_breakpoints 000000018001db70 f   sfc_debug:sfcdebug.obj
 0001:0001cbe0       sf_debug_query_script_breakpoints 000000018001dbe0 f   sfc_debug:sfcdebug.obj
 0001:0001cc90       sf_debug_get_eml_script_id 000000018001dc90 f   sfc_debug:sfcdebug.obj
 0001:0001cce0       sf_debug_set_watch         000000018001dce0 f   sfc_debug:sfcdebug.obj
 0001:0001cf00       sf_debug_get_instance_handle 000000018001df00 f   sfc_debug:sfcdebug.obj
 0001:0001cf90       sf_debug_get_active_states 000000018001df90 f   sfc_debug:sfcdebug.obj
 0001:0001cfa0       sf_debug_set_honor_breakpoints 000000018001dfa0 f   sfc_debug:sfcdebug.obj
 0001:0001cfb0       sf_debug_get_animation     000000018001dfb0 f   sfc_debug:sfcdebug.obj
 0001:0001cfc0       sf_debug_set_animation     000000018001dfc0 f   sfc_debug:sfcdebug.obj
 0001:0001cfd0       sf_debug_animate           000000018001dfd0 f   sfc_debug:sfcdebug.obj
 0001:0001cff0       sf_debug_cycle_detection_check 000000018001dff0 f   sfc_debug:sfcdebug.obj
 0001:0001d000       sf_debug_data_range_check  000000018001e000 f   sfc_debug:sfcdebug.obj
 0001:0001d010       sf_debug_transition_conflict_check 000000018001e010 f   sfc_debug:sfcdebug.obj
 0001:0001d020       sf_debug_state_consistency_check 000000018001e020 f   sfc_debug:sfcdebug.obj
 0001:0001d030       sf_debug_data_range_check_enabled 000000018001e030 f   sfc_debug:sfcdebug.obj
 0001:0001d050       sf_debug_transition_conflict_check_enabled 000000018001e050 f   sfc_debug:sfcdebug.obj
 0001:0001d070       sf_debug_transition_conflict_check_begin 000000018001e070 f   sfc_debug:sfcdebug.obj
 0001:0001d090       sf_debug_transition_conflict_check_end 000000018001e090 f   sfc_debug:sfcdebug.obj
 0001:0001d0b0       sf_debug_stop_debugging    000000018001e0b0 f   sfc_debug:sfcdebug.obj
 0001:0001d0e0       sf_debug_is_cycle_detected 000000018001e0e0 f   sfc_debug:sfcdebug.obj
 0001:0001d0f0       sf_debug_is_array_bounds_detected 000000018001e0f0 f   sfc_debug:sfcdebug.obj
 0001:0001d290       sf_debug_get_script_index  000000018001e290 f   sfc_debug:sfcdebug.obj
 0001:0001d420       sf_debug_add_script        000000018001e420 f   sfc_debug:sfcdebug.obj
 0001:0001d5b0       cv_eval_point              000000018001e5b0 f   sfc_debug:sfcdebug.obj
 0001:0001d710       cv_eval_testobjective      000000018001e710 f   sfc_debug:sfcdebug.obj
 0001:0001d820       sf_debug_cv_init_state     000000018001e820 f   sfc_debug:sfcdebug.obj
 0001:0001d950       sf_debug_cv_init_chart     000000018001e950 f   sfc_debug:sfcdebug.obj
 0001:0001da40       sf_debug_cv_init_trans     000000018001ea40 f   sfc_debug:sfcdebug.obj
 0001:0001db50       sf_debug_cv_init_saturation 000000018001eb50 f   sfc_debug:sfcdebug.obj
 0001:0001dc50       sf_debug_cv_init_relationalop 000000018001ec50 f   sfc_debug:sfcdebug.obj
 0001:0001dd70       sf_debug_cv_init_testobjectives 000000018001ed70 f   sfc_debug:sfcdebug.obj
 0001:0001df50       cv_eml_init_script         000000018001ef50 f   sfc_debug:sfcdebug.obj
 0001:0001e070       cv_eml_init_fcn            000000018001f070 f   sfc_debug:sfcdebug.obj
 0001:0001e180       cv_eml_init_testobjective  000000018001f180 f   sfc_debug:sfcdebug.obj
 0001:0001e260       cv_eml_init_saturation     000000018001f260 f   sfc_debug:sfcdebug.obj
 0001:0001e330       cv_eml_init_if             000000018001f330 f   sfc_debug:sfcdebug.obj
 0001:0001e410       cv_eml_init_for            000000018001f410 f   sfc_debug:sfcdebug.obj
 0001:0001e4e0       cv_eml_init_while          000000018001f4e0 f   sfc_debug:sfcdebug.obj
 0001:0001e5b0       cv_eml_init_mcdc           000000018001f5b0 f   sfc_debug:sfcdebug.obj
 0001:0001e6d0       cv_eml_init_relational     000000018001f6d0 f   sfc_debug:sfcdebug.obj
 0001:0001e7a0       cv_eml_init_switch         000000018001f7a0 f   sfc_debug:sfcdebug.obj
 0001:0001e8a0       cv_eml_eval                000000018001f8a0 f   sfc_debug:sfcdebug.obj
 0001:0001e990       sf_debug_bm_is_a_eml_breakpoint 000000018001f990 f   sfc_debug:sfcdebug.obj
 0001:0001eae0       sf_debug_temporal_threshold 000000018001fae0 f   sfc_debug:sfcdebug.obj
 0001:0001ee50       sf_debug_transition_conflict_error 000000018001fe50 f   sfc_debug:sfcdebug.obj
 0001:0001f1b0       sf_debug_state_inconsistency_error 00000001800201b0 f   sfc_debug:sfcdebug.obj
 0001:0001f2d0       sf_debug_check_for_state_inconsistency 00000001800202d0 f   sfc_debug:sfcdebug.obj
 0001:0001f310       sf_debug_cycle_detecton_error 0000000180020310 f   sfc_debug:sfcdebug.obj
 0001:0001fa40       sf_debug_size_eq_check_1d  0000000180020a40 f   sfc_debug:sfcdebug.obj
 0001:0001fa60       sf_debug_size_eq_check_nd  0000000180020a60 f   sfc_debug:sfcdebug.obj
 0001:0001fc40       sf_debug_dim_size_eq_check 0000000180020c40 f   sfc_debug:sfcdebug.obj
 0001:0001fc70       sf_debug_dim_size_geq_check 0000000180020c70 f   sfc_debug:sfcdebug.obj
 0001:0001fca0       sf_debug_sub_assign_size_check_nd 0000000180020ca0 f   sfc_debug:sfcdebug.obj
 0001:0001fe70       sf_debug_matrix_matrix_index_check 0000000180020e70 f   sfc_debug:sfcdebug.obj
 0001:0001fec0       sf_debug_vector_vector_index_check 0000000180020ec0 f   sfc_debug:sfcdebug.obj
 0001:0001ff10       sf_debug_for_loop_vector_check 0000000180020f10 f   sfc_debug:sfcdebug.obj
 0001:0001ffa0       sf_debug_runtime_error_msgid 0000000180020fa0 f   sfc_debug:sfcdebug.obj
 0001:00020020       sf_debug_data_array_bounds_error_check 0000000180021020 f   sfc_debug:sfcdebug.obj
 0001:00020150       sf_debug_eml_data_array_bounds_error_check_int64 0000000180021150 f   sfc_debug:sfcdebug.obj
 0001:000202e0       sf_debug_eml_data_array_bounds_error_check 00000001800212e0 f   sfc_debug:sfcdebug.obj
 0001:000207b0       sf_debug_integer_check     00000001800217b0 f   sfc_debug:sfcdebug.obj
 0001:000208a0       sf_debug_not_nan_check     00000001800218a0 f   sfc_debug:sfcdebug.obj
 0001:00020970       sf_debug_non_negative_check 0000000180021970 f   sfc_debug:sfcdebug.obj
 0001:00020a40       sf_debug_overflow_detection 0000000180021a40 f   sfc_debug:sfcdebug.obj
 0001:000210a0       sf_debug_cast_to_real32_T  00000001800220a0 f   sfc_debug:sfcdebug.obj
 0001:00021170       sf_debug_cast_to_int8_T    0000000180022170 f   sfc_debug:sfcdebug.obj
 0001:00021240       sf_debug_cast_to_uint8_T   0000000180022240 f   sfc_debug:sfcdebug.obj
 0001:00021310       sf_debug_cast_to_int16_T   0000000180022310 f   sfc_debug:sfcdebug.obj
 0001:000213e0       sf_debug_cast_to_uint16_T  00000001800223e0 f   sfc_debug:sfcdebug.obj
 0001:000214b0       sf_debug_cast_to_int32_T   00000001800224b0 f   sfc_debug:sfcdebug.obj
 0001:00021580       sf_debug_cast_to_uint32_T  0000000180022580 f   sfc_debug:sfcdebug.obj
 0001:00021650       sf_debug_data_range_error  0000000180022650 f   sfc_debug:sfcdebug.obj
 0001:00021960       sf_debug_read_before_write_check 0000000180022960 f   sfc_debug:sfcdebug.obj
 0001:00021d90       sf_debug_data_range_error_wrapper_min_max 0000000180022d90 f   sfc_debug:sfcdebug.obj
 0001:00021eb0       sf_debug_data_range_error_wrapper_min 0000000180022eb0 f   sfc_debug:sfcdebug.obj
 0001:00021fc0       sf_debug_data_range_error_wrapper_max 0000000180022fc0 f   sfc_debug:sfcdebug.obj
 0001:000220d0       sf_debug_data_range_wrapper 00000001800230d0 f   sfc_debug:sfcdebug.obj
 0001:00022190       sf_debug_set_current_status_info 0000000180023190 f   sfc_debug:sfcdebug.obj
 0001:000223b0       sf_debug_register_message_post_receive_info 00000001800233b0 f   sfc_debug:sfcdebug.obj
 0001:00022600       sf_debug_call              0000000180023600 f   sfc_debug:sfcdebug.obj
 0001:00022ef0       sf_debug_initialize_machine 0000000180023ef0 f   sfc_debug:sfcdebug.obj
 0001:00023190       sf_debug_initialize_chart  0000000180024190 f   sfc_debug:sfcdebug.obj
 0001:000236d0       sf_debug_ensure_script     00000001800246d0 f   sfc_debug:sfcdebug.obj
 0001:00023780       cv_eval_saturation         0000000180024780 f   sfc_debug:sfcdebug.obj
 0001:00023920       cv_saturation_accum        0000000180024920 f   sfc_debug:sfcdebug.obj
 0001:00023a60       cv_eval_relational         0000000180024a60 f   sfc_debug:sfcdebug.obj
 0001:00023bd0       cv_script_init_script      0000000180024bd0 f   sfc_debug:sfcdebug.obj
 0001:00023cc0       cv_script_init_fcn         0000000180024cc0 f   sfc_debug:sfcdebug.obj
 0001:00023d80       cv_script_init_testobjective 0000000180024d80 f   sfc_debug:sfcdebug.obj
 0001:00023e40       cv_script_init_saturation  0000000180024e40 f   sfc_debug:sfcdebug.obj
 0001:00023ef0       cv_script_init_if          0000000180024ef0 f   sfc_debug:sfcdebug.obj
 0001:00023fb0       cv_script_init_for         0000000180024fb0 f   sfc_debug:sfcdebug.obj
 0001:00024060       cv_script_init_while       0000000180025060 f   sfc_debug:sfcdebug.obj
 0001:00024110       cv_script_init_mcdc        0000000180025110 f   sfc_debug:sfcdebug.obj
 0001:00024210       cv_script_init_relational  0000000180025210 f   sfc_debug:sfcdebug.obj
 0001:000242d0       cv_script_init_switch      00000001800252d0 f   sfc_debug:sfcdebug.obj
 0001:000243b0       cv_script_eval             00000001800253b0 f   sfc_debug:sfcdebug.obj
 0001:00024480       eml_debug_line_call        0000000180025480 f   sfc_debug:sfcdebug.obj
 0001:00024650       sf_debug_terminate         0000000180025650 f   sfc_debug:sfcdebug.obj
 0001:00024860       sf_debug_set_script_cv_ids 0000000180025860 f   sfc_debug:sfcdebug.obj
 0001:00024990       sf_debug_api               0000000180025990 f   sfc_debug:sfc_api.obj
 0001:00026150       sf_debug_sm_terminate      0000000180027150 f   sfc_debug:sfdb_animation.obj
 0001:00026300       sf_debug_reset_path_objects 0000000180027300 f   sfc_debug:sfdb_animation.obj
 0001:00026380       sf_debug_sm_reset_object_selection_status 0000000180027380 f   sfc_debug:sfdb_animation.obj
 0001:00026420       sf_debug_sm_reset_state_buffer 0000000180027420 f   sfc_debug:sfdb_animation.obj
 0001:000264f0       sf_debug_sm_store_state_buffer 00000001800274f0 f   sfc_debug:sfdb_animation.obj
 0001:00026570       sf_debug_sm_restore_state_buffer1 0000000180027570 f   sfc_debug:sfdb_animation.obj
 0001:000265e0       sf_debug_sm_restore_state_buffer2 00000001800275e0 f   sfc_debug:sfdb_animation.obj
 0001:00026650       sf_debug_sm_chart_active   0000000180027650 f   sfc_debug:sfdb_animation.obj
 0001:000266a0       sf_debug_sm_select_active_objects 00000001800276a0 f   sfc_debug:sfdb_animation.obj
 0001:00026b70       sf_debug_sm_is_chart_active 0000000180027b70 f   sfc_debug:sfdb_animation.obj
 0001:00026bb0       sf_debug_sm_is_state_active 0000000180027bb0 f   sfc_debug:sfdb_animation.obj
 0001:00026df0       sf_debug_sm_get_active_states 0000000180027df0 f   sfc_debug:sfdb_animation.obj
 0001:000273a0       sf_debug_sm_initialize_instance 00000001800283a0 f   sfc_debug:sfdb_animation.obj
 0001:000275b0       sf_debug_sm_change_object_selection_status 00000001800285b0 f   sfc_debug:sfdb_animation.obj
 0001:00027880       cv_create_interface        0000000180028880 f   sfc_debug:cv_sfinterface.obj
 0001:00027b90       cv_init_trans              0000000180028b90 f   sfc_debug:cv_sfinterface.obj
 0001:00027be0       cv_init_saturation         0000000180028be0 f   sfc_debug:cv_sfinterface.obj
 0001:00027c20       cv_init_relationalop       0000000180028c20 f   sfc_debug:cv_sfinterface.obj
 0001:00027c70       cv_init_testobjective      0000000180028c70 f   sfc_debug:cv_sfinterface.obj
 0001:00027cb0       cv_init_state              0000000180028cb0 f   sfc_debug:cv_sfinterface.obj
 0001:00027d20       cv_init_chart              0000000180028d20 f   sfc_debug:cv_sfinterface.obj
 0001:00027d70       cv_dec_update_call         0000000180028d70 f   sfc_debug:cv_sfinterface.obj
 0001:00027db0       cv_cond_update_call        0000000180028db0 f   sfc_debug:cv_sfinterface.obj
 0001:00027df0       cv_saturation_update_call  0000000180028df0 f   sfc_debug:cv_sfinterface.obj
 0001:00027e30       cv_saturation_update_accum 0000000180028e30 f   sfc_debug:cv_sfinterface.obj
 0001:00027e70       cv_testobjective_update_call 0000000180028e70 f   sfc_debug:cv_sfinterface.obj
 0001:00027eb0       cv_sigrange_update         0000000180028eb0 f   sfc_debug:cv_sfinterface.obj
 0001:00027ef0       cvsf_eml_eval              0000000180028ef0 f   sfc_debug:cv_sfinterface.obj
 0001:00027fd0       cvsf_eval_relational       0000000180028fd0 f   sfc_debug:cv_sfinterface.obj
 0001:00028020       cvsf_eml_init_script       0000000180029020 f   sfc_debug:cv_sfinterface.obj
 0001:000280b0       cvsf_eml_init_fcn          00000001800290b0 f   sfc_debug:cv_sfinterface.obj
 0001:00028110       cvsf_eml_init_testobjective 0000000180029110 f   sfc_debug:cv_sfinterface.obj
 0001:00028170       cvsf_eml_init_saturation   0000000180029170 f   sfc_debug:cv_sfinterface.obj
 0001:000281c0       cvsf_eml_init_if           00000001800291c0 f   sfc_debug:cv_sfinterface.obj
 0001:00028220       cvsf_eml_init_for          0000000180029220 f   sfc_debug:cv_sfinterface.obj
 0001:00028270       cvsf_eml_init_while        0000000180029270 f   sfc_debug:cv_sfinterface.obj
 0001:000282c0       cvsf_eml_init_mcdc         00000001800292c0 f   sfc_debug:cv_sfinterface.obj
 0001:00028350       cvsf_eml_init_relational   0000000180029350 f   sfc_debug:cv_sfinterface.obj
 0001:000283a0       cvsf_eml_init_switch       00000001800293a0 f   sfc_debug:cv_sfinterface.obj
 0001:00028410       cvsf_script_eval           0000000180029410 f   sfc_debug:cv_sfinterface.obj
 0001:000284f0       cvsf_script_init_script    00000001800294f0 f   sfc_debug:cv_sfinterface.obj
 0001:00028580       cvsf_script_init_fcn       0000000180029580 f   sfc_debug:cv_sfinterface.obj
 0001:000285e0       cvsf_script_init_testobjective 00000001800295e0 f   sfc_debug:cv_sfinterface.obj
 0001:00028640       cvsf_script_init_saturation 0000000180029640 f   sfc_debug:cv_sfinterface.obj
 0001:00028690       cvsf_script_init_if        0000000180029690 f   sfc_debug:cv_sfinterface.obj
 0001:000286f0       cvsf_script_init_for       00000001800296f0 f   sfc_debug:cv_sfinterface.obj
 0001:00028740       cvsf_script_init_while     0000000180029740 f   sfc_debug:cv_sfinterface.obj
 0001:00028790       cvsf_script_init_mcdc      0000000180029790 f   sfc_debug:cv_sfinterface.obj
 0001:00028820       cvsf_script_init_relational 0000000180029820 f   sfc_debug:cv_sfinterface.obj
 0001:00028870       cvsf_script_init_switch    0000000180029870 f   sfc_debug:cv_sfinterface.obj
 0001:000288e0       cv_destroy_interface       00000001800298e0 f   sfc_debug:cv_sfinterface.obj
 0001:00028900       cv_create_instance_objects 0000000180029900 f   sfc_debug:cv_sfinterface.obj
 0001:00028d70       cv_is_enabled              0000000180029d70 f   sfc_debug:cv_sfinterface.obj
 0001:00028d80       sf_debug_cv_initialize_script 0000000180029d80 f   sfc_debug:cv_sfinterface.obj
 0001:00028f10       sf_debug_cv_initialize_instance 0000000180029f10 f   sfc_debug:cv_sfinterface.obj
 0001:000292a0       sf_debug_cv_terminate_chart 000000018002a2a0 f   sfc_debug:cv_sfinterface.obj
 0001:000293c0       sf_debug_st_initialize_machine 000000018002a3c0 f   sfc_debug:sfdb_data_browse.obj
 0001:00029470       sf_debug_st_initialize_instance 000000018002a470 f   sfc_debug:sfdb_data_browse.obj
 0001:00029680       sf_debug_st_terminate      000000018002a680 f   sfc_debug:sfdb_data_browse.obj
 0001:00029a20       sf_debug_st_set_data_value_ptr_in_machine 000000018002aa20 f   sfc_debug:sfdb_data_browse.obj
 0001:00029ab0       sf_debug_st_set_data_value_ptr_in_instance 000000018002aab0 f   sfc_debug:sfdb_data_browse.obj
 0001:00029b90       sf_debug_st_unset_data_value_ptr_in_machine 000000018002ab90 f   sfc_debug:sfdb_data_browse.obj
 0001:00029c00       sf_debug_st_unset_data_value_ptr_in_instance 000000018002ac00 f   sfc_debug:sfdb_data_browse.obj
 0001:00029ec0       sf_debug_mx_value          000000018002aec0 f   sfc_debug:sfdb_data_browse.obj
 0001:00029f20       sf_debug_mx_packed_vector  000000018002af20 f   sfc_debug:sfdb_data_browse.obj
 0001:0002a000       sf_debug_mx_uint_vector    000000018002b000 f   sfc_debug:sfdb_data_browse.obj
 0001:0002a0b0       sf_debug_st_get_double_value_from_void_ptr_vector 000000018002b0b0 f   sfc_debug:sfdb_data_browse.obj
 0001:0002ab80       sf_debug_st_browse_data    000000018002bb80 f   sfc_debug:sfdb_data_browse.obj
 0001:0002b3a0       sf_debug_hm_initialize_instance 000000018002c3a0 f   sfc_debug:sfdb_handle_management.obj
 0001:0002b880       sf_debug_hm_get_object_id  000000018002c880 f   sfc_debug:sfdb_handle_management.obj
 0001:0002c430       sf_debug_hm_update_chart_visibility 000000018002d430 f   sfc_debug:sfdb_handle_management.obj
 0001:0002d5b0       sf_debug_object_is_eml_function 000000018002e5b0 f   sfc_debug:sfdb_handle_management.obj
 0001:0002d620       sf_debug_hm_initialize_ids_in_machine 000000018002e620 f   sfc_debug:sfdb_handle_management.obj
 0001:0002d790       sf_debug_hm_initialize_ids_in_chart 000000018002e790 f   sfc_debug:sfdb_handle_management.obj
 0001:0002d890       sf_debug_hm_initialize_chart 000000018002e890 f   sfc_debug:sfdb_handle_management.obj
 0001:0002dec0       sf_debug_hm_terminate      000000018002eec0 f   sfc_debug:sfdb_handle_management.obj
 0001:0002df20       sf_debug_hm_initialize_machine 000000018002ef20 f   sfc_debug:sfdb_handle_management.obj
 0001:0002e640       sf_debug_ss_initialize     000000018002f640 f   sfc_debug:sfdb_symbol_scope.obj
 0001:0002e660       sf_debug_ss_terminate      000000018002f660 f   sfc_debug:sfdb_symbol_scope.obj
 0001:0002e6f0       sf_debug_ss_push_symbol_scope 000000018002f6f0 f   sfc_debug:sfdb_symbol_scope.obj
 0001:0002e7f0       sf_debug_ss_push_symbol_scope_eml 000000018002f7f0 f   sfc_debug:sfdb_symbol_scope.obj
 0001:0002e850       sf_debug_ss_pop_symbol_scope 000000018002f850 f   sfc_debug:sfdb_symbol_scope.obj
 0001:0002e900       sf_debug_ss_add_symbol     000000018002f900 f   sfc_debug:sfdb_symbol_scope.obj
 0001:0002ea70       sf_debug_ss_add_symbol_eml 000000018002fa70 f   sfc_debug:sfdb_symbol_scope.obj
 0001:0002f970       sf_debug_ss_set_data_value 0000000180030970 f   sfc_debug:sfdb_symbol_scope.obj
 0001:0002fe80       sf_debug_ss_watch_data     0000000180030e80 f   sfc_debug:sfdb_symbol_scope.obj
 0001:00030060       sf_debug_ss_assign_data    0000000180031060 f   sfc_debug:sfdb_symbol_scope.obj
 0001:00030a30       get_data_entry_name        0000000180031a30 f   sfc_debug:sfdb_symbol_scope.obj
 0001:00030a80       sf_debug_ss_whos           0000000180031a80 f   sfc_debug:sfdb_symbol_scope.obj
 0001:000310e0       sf_debug_bm_clear_script_breakpoints 00000001800320e0 f   sfc_debug:sfdb_breakpoints.obj
 0001:00031110       sf_debug_bm_set_script_breakpoint 0000000180032110 f   sfc_debug:sfdb_breakpoints.obj
 0001:00031190       sf_debug_bm_clear_single_script_breakpoint 0000000180032190 f   sfc_debug:sfdb_breakpoints.obj
 0001:00031210       sf_debug_bm_query_script_breakpoint 0000000180032210 f   sfc_debug:sfdb_breakpoints.obj
 0001:00031260       sf_debug_bm_initialize_scripts 0000000180032260 f   sfc_debug:sfdb_breakpoints.obj
 0001:000318f0       sf_debug_bm_terminate      00000001800328f0 f   sfc_debug:sfdb_breakpoints.obj
 0001:00031bd0       sf_debug_bm_remove_all_breakpoints_in_machine 0000000180032bd0 f   sfc_debug:sfdb_breakpoints.obj
 0001:00031c30       sf_debug_bm_remove_all_breakpoints_in_chart 0000000180032c30 f   sfc_debug:sfdb_breakpoints.obj
 0001:00031d80       sf_debug_bm_initialize_global_breakpoints 0000000180032d80 f   sfc_debug:sfdb_breakpoints.obj
 0001:00031f00       sf_debug_bm_set_breakpoint 0000000180032f00 f   sfc_debug:sfdb_breakpoints.obj
 0001:000324f0       sf_debug_bm_set_eml_breakpoint 00000001800334f0 f   sfc_debug:sfdb_breakpoints.obj
 0001:00032580       sf_debug_bm_initialize_machine_breakpoint_map 0000000180033580 f   sfc_debug:sfdb_breakpoints.obj
 0001:000329a0       sf_debug_bm_is_a_breakpoint 00000001800339a0 f   sfc_debug:sfdb_breakpoints.obj
 0001:00032ed0       sf_debug_bm_get_all_breakpoints_in_machine 0000000180033ed0 f   sfc_debug:sfdb_breakpoints.obj
 0001:000331d0       sf_debug_bm_get_all_breakpoints_in_chart 00000001800341d0 f   sfc_debug:sfdb_breakpoints.obj
 0001:00033d50       sf_debug_bm_initialize_machine 0000000180034d50 f   sfc_debug:sfdb_breakpoints.obj
 0001:00033e20       sf_debug_bm_initialize_chart 0000000180034e20 f   sfc_debug:sfdb_breakpoints.obj
 0001:00034210       sf_debug_sc_terminate      0000000180035210 f   sfc_debug:sfdb_state_consistency.obj
 0001:00034530       sf_debug_sc_is_chart_consistent 0000000180035530 f   sfc_debug:sfdb_state_consistency.obj
 0001:000347e0       sf_debug_sc_get_consistency_error_info 00000001800357e0 f   sfc_debug:sfdb_state_consistency.obj
 0001:00034c10       sf_debug_tm_terminate      0000000180035c10 f   sfc_debug:sfdb_call_stack.obj
 0001:00034cc0       sf_debug_tm_push_chart_instance 0000000180035cc0 f   sfc_debug:sfdb_call_stack.obj
 0001:00034e00       sf_debug_tm_pop_chart_instance 0000000180035e00 f   sfc_debug:sfdb_call_stack.obj
 0001:00034e60       sf_debug_tm_push_trace_node 0000000180035e60 f   sfc_debug:sfdb_call_stack.obj
 0001:00034fe0       sf_debug_tm_pop_trace_node 0000000180035fe0 f   sfc_debug:sfdb_call_stack.obj
 0001:00035060       sf_debug_tm_get_current_global_trace_index 0000000180036060 f   sfc_debug:sfdb_call_stack.obj
 0001:00035070       sf_debug_tm_get_current_local_trace_index 0000000180036070 f   sfc_debug:sfdb_call_stack.obj
 0001:000350a0       sf_debug_tm_set_cycle_detected_flag 00000001800360a0 f   sfc_debug:sfdb_call_stack.obj
 0001:000350e0       sf_debug_tm_set_cycle_started_flag 00000001800360e0 f   sfc_debug:sfdb_call_stack.obj
 0001:00035120       sf_debug_tm_get_chart_number_from_stack 0000000180036120 f   sfc_debug:sfdb_call_stack.obj
 0001:00035340       sf_debug_tm_browse_trace   0000000180036340 f   sfc_debug:sfdb_call_stack.obj
 0001:00035690       sf_debug_cd_initialize_instance 0000000180036690 f   sfc_debug:sfdb_cycle_detection.obj
 0001:00035940       sf_debug_cd_mark_processed_transition_in_instance 0000000180036940 f   sfc_debug:sfdb_cycle_detection.obj
 0001:000359e0       sf_debug_cd_checksum_push  00000001800369e0 f   sfc_debug:sfdb_cycle_detection.obj
 0001:00035c90       sf_debug_cd_checksum_pop   0000000180036c90 f   sfc_debug:sfdb_cycle_detection.obj
 0001:00035d00       sf_debug_cd_turn_off_cycle_detection 0000000180036d00 f   sfc_debug:sfdb_cycle_detection.obj
 0001:00035d50       sf_debug_cd_terminate      0000000180036d50 f   sfc_debug:sfdb_cycle_detection.obj
 0001:00035f80       md5_initialize_state       0000000180036f80 f   sfc_debug:ckmd5.obj
 0001:000369d0       md5_update_state           00000001800379d0 f   sfc_debug:ckmd5.obj
 0001:000369f0       md5_get_hash               00000001800379f0 f   sfc_debug:ckmd5.obj
 0001:00036a20       md5_get_hash_for_a_single_string 0000000180037a20 f   sfc_debug:ckmd5.obj
 0001:00036a80       mxGetScalar                0000000180037a80 f   libmx:libmx.dll
 0001:00036a86       mxGetPr                    0000000180037a86 f   libmx:libmx.dll
 0001:00036a8c       mxCreateDoubleMatrix_730   0000000180037a8c f   libmx:libmx.dll
 0001:00036a92       mxGetString_730            0000000180037a92 f   libmx:libmx.dll
 0001:00036a98       mxIsChar                   0000000180037a98 f   libmx:libmx.dll
 0001:00036a9e       mxDestroyArray             0000000180037a9e f   libmx:libmx.dll
 0001:00036aa4       mxDuplicateArray           0000000180037aa4 f   libmx:libmx.dll
 0001:00036aaa       mxCreateDoubleScalar       0000000180037aaa f   libmx:libmx.dll
 0001:00036ab0       mxSetField_730             0000000180037ab0 f   libmx:libmx.dll
 0001:00036ab6       mxCreateString             0000000180037ab6 f   libmx:libmx.dll
 0001:00036abc       mxCreateStructMatrix_730   0000000180037abc f   libmx:libmx.dll
 0001:00036ac2       mxCreateCellMatrix_730     0000000180037ac2 f   libmx:libmx.dll
 0001:00036ac8       mxGetClassID               0000000180037ac8 f   libmx:libmx.dll
 0001:00036ace       mxIsNumeric                0000000180037ace f   libmx:libmx.dll
 0001:00036ad4       mxIsComplex                0000000180037ad4 f   libmx:libmx.dll
 0001:00036ada       mxGetN                     0000000180037ada f   libmx:libmx.dll
 0001:00036ae0       mxGetM                     0000000180037ae0 f   libmx:libmx.dll
 0001:00036ae6       mxCalloc                   0000000180037ae6 f   libmx:libmx.dll
 0001:00036aec       mxGetString_700            0000000180037aec f   libmx:libmx.dll
 0001:00036af2       mxFree                     0000000180037af2 f   libmx:libmx.dll
 0001:00036af8       mxArrayToString            0000000180037af8 f   libmx:libmx.dll
 0001:00036afe       mxGetNumberOfElements      0000000180037afe f   libmx:libmx.dll
 0001:00036b04       mxGetField_700             0000000180037b04 f   libmx:libmx.dll
 0001:00036b0a       mxSetFieldByNumber_700     0000000180037b0a f   libmx:libmx.dll
 0001:00036b10       mxCreateStructArray_700    0000000180037b10 f   libmx:libmx.dll
 0001:00036b16       mxGetData                  0000000180037b16 f   libmx:libmx.dll
 0001:00036b1c       mxCreateNumericArray_700   0000000180037b1c f   libmx:libmx.dll
 0001:00036b22       mxIsLogical                0000000180037b22 f   libmx:libmx.dll
 0001:00036b28       mxCreateDoubleMatrix_700   0000000180037b28 f   libmx:libmx.dll
 0001:00036b2e       mxGetProperty_700          0000000180037b2e f   libmx:libmx.dll
 0001:00036b34       mxCreateCellMatrix_700     0000000180037b34 f   libmx:libmx.dll
 0001:00036b3a       mxSetCell_700              0000000180037b3a f   libmx:libmx.dll
 0001:00036b40       mxGetCell_700              0000000180037b40 f   libmx:libmx.dll
 0001:00036b46       mxGetClassName             0000000180037b46 f   libmx:libmx.dll
 0001:00036b4c       mxSetField_700             0000000180037b4c f   libmx:libmx.dll
 0001:00036b52       mxAddField                 0000000180037b52 f   libmx:libmx.dll
 0001:00036b58       mxIsStruct                 0000000180037b58 f   libmx:libmx.dll
 0001:00036b5e       mxIsA                      0000000180037b5e f   libmx:libmx.dll
 0001:00036b64       mxIsClass                  0000000180037b64 f   libmx:libmx.dll
 0001:00036b6a       mxGetLogicals              0000000180037b6a f   libmx:libmx.dll
 0001:00036b70       mxIsSparse                 0000000180037b70 f   libmx:libmx.dll
 0001:00036b76       mxIsCell                   0000000180037b76 f   libmx:libmx.dll
 0001:00036b7c       mxGetFieldByNumber_700     0000000180037b7c f   libmx:libmx.dll
 0001:00036b82       mxGetFieldNameByNumber     0000000180037b82 f   libmx:libmx.dll
 0001:00036b88       mxGetNumberOfFields        0000000180037b88 f   libmx:libmx.dll
 0001:00036b8e       mxCreateStructMatrix_700   0000000180037b8e f   libmx:libmx.dll
 0001:00036b94       mxGetFieldNumber           0000000180037b94 f   libmx:libmx.dll
 0001:00036b9a       mxIsNaN                    0000000180037b9a f   libmx:libmx.dll
 0001:00036ba0       mxIsEmpty                  0000000180037ba0 f   libmx:libmx.dll
 0001:00036ba6       mxGetImagData              0000000180037ba6 f   libmx:libmx.dll
 0001:00036bac       mxArrayClassIDName         0000000180037bac f   libmx:libmx.dll
 0001:00036bb2       mxCreateNumericMatrix_700  0000000180037bb2 f   libmx:libmx.dll
 0001:00036bb8       mxCalcSingleSubscript_700  0000000180037bb8 f   libmx:libmx.dll
 0001:00036bbe       mxGetDimensions_700        0000000180037bbe f   libmx:libmx.dll
 0001:00036bc4       mxGetNumberOfDimensions_700 0000000180037bc4 f   libmx:libmx.dll
 0001:00036bca       mxGetElementSize           0000000180037bca f   libmx:libmx.dll
 0001:00036bd0       mxCreateStringFromNChars_700 0000000180037bd0 f   libmx:libmx.dll
 0001:00036bd6       mxSetFieldByNumber_730     0000000180037bd6 f   libmx:libmx.dll
 0001:00036bdc       mxIsLogicalScalarTrue      0000000180037bdc f   libmx:libmx.dll
 0001:00036be2       mxCreateNumericArray_730   0000000180037be2 f   libmx:libmx.dll
 0001:00036be8       mxCreateLogicalScalar      0000000180037be8 f   libmx:libmx.dll
 0001:00036bee       mxGetDimensions_730        0000000180037bee f   libmx:libmx.dll
 0001:00036bf4       mxGetNumberOfDimensions_730 0000000180037bf4 f   libmx:libmx.dll
 0001:00036bfa       mxGetFieldByNumber_730     0000000180037bfa f   libmx:libmx.dll
 0001:00036c00       mxSetCell_730              0000000180037c00 f   libmx:libmx.dll
 0001:00036c06       mxGetCell_730              0000000180037c06 f   libmx:libmx.dll
 0001:00036c0c       mexMakeArrayPersistent     0000000180037c0c f   libmex:libmex.dll
 0001:00036c12       mexUnlock                  0000000180037c12 f   libmex:libmex.dll
 0001:00036c18       mexIsLocked                0000000180037c18 f   libmex:libmex.dll
 0001:00036c1e       mexWarnMsgTxt              0000000180037c1e f   libmex:libmex.dll
 0001:00036c24       mexCallMATLAB              0000000180037c24 f   libmex:libmex.dll
 0001:00036c2a       mexErrMsgTxt               0000000180037c2a f   libmex:libmex.dll
 0001:00036c30       mexLock                    0000000180037c30 f   libmex:libmex.dll
 0001:00036c36       mexMakeMemoryPersistent    0000000180037c36 f   libmex:libmex.dll
 0001:00036c3c       mexCallMATLABWithTrap      0000000180037c3c f   libmex:libmex.dll
 0001:00036c42       mexPutVariable             0000000180037c42 f   libmex:libmex.dll
 0001:00036c48       mexGetVariable             0000000180037c48 f   libmex:libmex.dll
 0001:00036c4e       mexFunctionName            0000000180037c4e f   libmex:libmex.dll
 0001:00036c54       ssRegisterDataTypeFxpFSlopeFixExpBias 0000000180037c54 f   libfixedpoint:libfixedpoint.dll
 0001:00036c5a       ssRegisterDataTypeFxpScaledDouble 0000000180037c5a f   libfixedpoint:libfixedpoint.dll
 0001:00036c60       utMalloc                   0000000180037c60 f   libut:libut.dll
 0001:00036c66       utFree                     0000000180037c66 f   libut:libut.dll
 0001:00036c6c       utCPUtime                  0000000180037c6c f   libut:libut.dll
 0001:00036c72       utVSNprintf                0000000180037c72 f   libut:libut.dll
 0001:00036c78       utCalloc                   0000000180037c78 f   libut:libut.dll
 0001:00036c7e       utRealloc                  0000000180037c7e f   libut:libut.dll
 0001:00036c84       muDoubleScalarPower        0000000180037c84 f   libmwmathutil:libmwmathutil.dll
 0001:00036c8a       emlrtCreateRootTLS         0000000180037c8a f   libemlrt:libemlrt.dll
 0001:00036c90       emlrtDestroyRootTLS        0000000180037c90 f   libemlrt:libemlrt.dll
 0001:00036c96       emlrtCheckBuiltInR2012b    0000000180037c96 f   libemlrt:libemlrt.dll
 0001:00036c9c       emlrtCheckVsBuiltInR2012b  0000000180037c9c f   libemlrt:libemlrt.dll
 0001:00036ca2       emlrtCheckEnumR2012b       0000000180037ca2 f   libemlrt:libemlrt.dll
 0001:00036ca8       emlrtCreateEnumR2012b      0000000180037ca8 f   libemlrt:libemlrt.dll
 0001:00036cae       emlrtGetEnumElementR2009a  0000000180037cae f   libemlrt:libemlrt.dll
 0001:00036cb4       emlrtCreateReference       0000000180037cb4 f   libemlrt:libemlrt.dll
 0001:00036cba       emlrtImportVsFiArrayR2009b 0000000180037cba f   libemlrt:libemlrt.dll
 0001:00036cc0       emlrtNameCapturePostProcessR2012a 0000000180037cc0 f   libemlrt:libemlrt.dll
 0001:00036cc6       emlrtExtractMessageId      0000000180037cc6 f   libemlrt:libemlrt.dll
 0001:00036ccc       emlrtTranslateMessageIDtoLCPstring 0000000180037ccc f   libemlrt:libemlrt.dll
 0001:00036cd2       emlrtForLoopVectorIsValidR2011b 0000000180037cd2 f   libemlrt:libemlrt.dll
 0001:00036cd8       emlrtTranslateUTF16MessagetoLCPstring 0000000180037cd8 f   libemlrt:libemlrt.dll
 0001:00036cde       emlrtGetEnumUnderlyingArrayR2009a 0000000180037cde f   libemlrt:libemlrt.dll
 0001:00036ce4       emlrtIsEnumR2009a          0000000180037ce4 f   libemlrt:libemlrt.dll
 0001:00036cea       emlrtInitCharArrayR2013a   0000000180037cea f   libemlrt:libemlrt.dll
 0001:00036cf0       __GSHandlerCheckCommon     0000000180037cf0 f   MSVCRT:gshandler.obj
 0001:00036d54       __GSHandlerCheck           0000000180037d54 f   MSVCRT:gshandler.obj
 0001:00036d72       strcmp                     0000000180037d72 f   MSVCRT:MSVCR100.dll
 0001:00036d90       __security_check_cookie    0000000180037d90 f   MSVCRT:amdsecgs.obj
 0001:00036db0       strlen                     0000000180037db0 f   MSVCRT:MSVCR100.dll
 0001:00036db6       memset                     0000000180037db6 f   MSVCRT:MSVCR100.dll
 0001:00036dbc       free                       0000000180037dbc f   MSVCRT:MSVCR100.dll
 0001:00036dc2       sprintf                    0000000180037dc2 f   MSVCRT:MSVCR100.dll
 0001:00036dc8       malloc                     0000000180037dc8 f   MSVCRT:MSVCR100.dll
 0001:00036dce       strcat                     0000000180037dce f   MSVCRT:MSVCR100.dll
 0001:00036dd4       memcpy                     0000000180037dd4 f   MSVCRT:MSVCR100.dll
 0001:00036ddc       NtCurrentTeb               0000000180037ddc f i MSVCRT:crtdll.obj
 0001:00036e48       _CRT_INIT                  0000000180037e48 f   MSVCRT:crtdll.obj
 0001:000371e0       _DllMainCRTStartup         00000001800381e0 f   MSVCRT:crtdll.obj
 0001:0003721e       _setjmp                    000000018003821e f   MSVCRT:MSVCR100.dll
 0001:00037224       strncpy                    0000000180038224 f   MSVCRT:MSVCR100.dll
 0001:00037240       _alloca_probe              0000000180038240     MSVCRT:chkstk.obj
 0001:00037240       __chkstk                   0000000180038240 f   MSVCRT:chkstk.obj
 0001:0003728e       longjmp                    000000018003828e f   MSVCRT:MSVCR100.dll
 0001:00037294       strncmp                    0000000180038294 f   MSVCRT:MSVCR100.dll
 0001:0003729a       ceil                       000000018003829a f   MSVCRT:MSVCR100.dll
 0001:000372a0       strrchr                    00000001800382a0 f   MSVCRT:MSVCR100.dll
 0001:000372a6       ldexp                      00000001800382a6 f   MSVCRT:MSVCR100.dll
 0001:000372ac       __report_gsfailure         00000001800382ac f   MSVCRT:gs_report.obj
 0001:000373f8       __clean_type_info_names    00000001800383f8 f   MSVCRT:tncleanup.obj
 0001:00037404       _onexit                    0000000180038404 f   MSVCRT:atonexit.obj
 0001:000374b4       atexit                     00000001800384b4 f   MSVCRT:atonexit.obj
 0001:000374cc       _RTC_Initialize            00000001800384cc f   MSVCRT:_initsect_.obj
 0001:00037504       _RTC_Terminate             0000000180038504 f   MSVCRT:_initsect_.obj
 0001:0003753c       _malloc_crt                000000018003853c f   MSVCRT:MSVCR100.dll
 0001:00037550       _ValidateImageBase         0000000180038550 f   MSVCRT:pesect.obj
 0001:00037580       _FindPESection             0000000180038580 f   MSVCRT:pesect.obj
 0001:000375d0       _IsNonwritableInCurrentImage 00000001800385d0 f   MSVCRT:pesect.obj
 0001:00037612       _initterm                  0000000180038612 f   MSVCRT:MSVCR100.dll
 0001:00037618       _initterm_e                0000000180038618 f   MSVCRT:MSVCR100.dll
 0001:0003761e       _encoded_null              000000018003861e f   MSVCRT:MSVCR100.dll
 0001:00037624       _amsg_exit                 0000000180038624 f   MSVCRT:MSVCR100.dll
 0001:0003762a       __C_specific_handler       000000018003862a f   MSVCRT:MSVCR100.dll
 0001:00037630       __CppXcptFilter            0000000180038630 f   MSVCRT:MSVCR100.dll
 0001:00037638       DllMain                    0000000180038638 f   MSVCRT:dllmain.obj
 0001:0003765c       __security_init_cookie     000000018003865c f   MSVCRT:gs_support.obj
 0001:00037710       __crt_debugger_hook        0000000180038710 f   MSVCRT:MSVCR100.dll
 0001:00037716       __clean_type_info_names_internal 0000000180038716 f   MSVCRT:MSVCR100.dll
 0001:0003771c       _unlock                    000000018003871c f   MSVCRT:MSVCR100.dll
 0001:00037722       __dllonexit                0000000180038722 f   MSVCRT:MSVCR100.dll
 0001:00037728       _lock                      0000000180038728 f   MSVCRT:MSVCR100.dll
 0001:0003772e       EncodePointer              000000018003872e f   kernel32:KERNEL32.dll
 0001:00037734       DecodePointer              0000000180038734 f   kernel32:KERNEL32.dll
 0001:0003773a       Sleep                      000000018003873a f   kernel32:KERNEL32.dll
 0001:00037740       TerminateProcess           0000000180038740 f   kernel32:KERNEL32.dll
 0001:00037746       GetCurrentProcess          0000000180038746 f   kernel32:KERNEL32.dll
 0001:0003774c       UnhandledExceptionFilter   000000018003874c f   kernel32:KERNEL32.dll
 0001:00037752       SetUnhandledExceptionFilter 0000000180038752 f   kernel32:KERNEL32.dll
 0001:00037758       IsDebuggerPresent          0000000180038758 f   kernel32:KERNEL32.dll
 0001:0003775e       RtlVirtualUnwind           000000018003875e f   kernel32:KERNEL32.dll
 0001:00037764       RtlLookupFunctionEntry     0000000180038764 f   kernel32:KERNEL32.dll
 0001:0003776a       RtlCaptureContext          000000018003876a f   kernel32:KERNEL32.dll
 0001:00037770       DisableThreadLibraryCalls  0000000180038770 f   kernel32:KERNEL32.dll
 0001:00037776       QueryPerformanceCounter    0000000180038776 f   kernel32:KERNEL32.dll
 0001:0003777c       GetTickCount               000000018003877c f   kernel32:KERNEL32.dll
 0001:00037782       GetCurrentThreadId         0000000180038782 f   kernel32:KERNEL32.dll
 0001:00037788       GetCurrentProcessId        0000000180038788 f   kernel32:KERNEL32.dll
 0001:0003778e       GetSystemTimeAsFileTime    000000018003878e f   kernel32:KERNEL32.dll
 0002:00000000       __imp_GetSystemTimeAsFileTime 0000000180039000     kernel32:KERNEL32.dll
 0002:00000008       __imp_GetCurrentProcessId  0000000180039008     kernel32:KERNEL32.dll
 0002:00000010       __imp_GetCurrentThreadId   0000000180039010     kernel32:KERNEL32.dll
 0002:00000018       __imp_GetTickCount         0000000180039018     kernel32:KERNEL32.dll
 0002:00000020       __imp_QueryPerformanceCounter 0000000180039020     kernel32:KERNEL32.dll
 0002:00000028       __imp_DisableThreadLibraryCalls 0000000180039028     kernel32:KERNEL32.dll
 0002:00000030       __imp_RtlCaptureContext    0000000180039030     kernel32:KERNEL32.dll
 0002:00000038       __imp_RtlLookupFunctionEntry 0000000180039038     kernel32:KERNEL32.dll
 0002:00000040       __imp_RtlVirtualUnwind     0000000180039040     kernel32:KERNEL32.dll
 0002:00000048       __imp_IsDebuggerPresent    0000000180039048     kernel32:KERNEL32.dll
 0002:00000050       __imp_SetUnhandledExceptionFilter 0000000180039050     kernel32:KERNEL32.dll
 0002:00000058       __imp_UnhandledExceptionFilter 0000000180039058     kernel32:KERNEL32.dll
 0002:00000060       __imp_GetCurrentProcess    0000000180039060     kernel32:KERNEL32.dll
 0002:00000068       __imp_TerminateProcess     0000000180039068     kernel32:KERNEL32.dll
 0002:00000070       __imp_Sleep                0000000180039070     kernel32:KERNEL32.dll
 0002:00000078       __imp_DecodePointer        0000000180039078     kernel32:KERNEL32.dll
 0002:00000080       __imp_EncodePointer        0000000180039080     kernel32:KERNEL32.dll
 0002:00000088       \177KERNEL32_NULL_THUNK_DATA 0000000180039088     kernel32:KERNEL32.dll
 0002:00000090       __imp__onexit              0000000180039090     MSVCRT:MSVCR100.dll
 0002:00000098       __imp__lock                0000000180039098     MSVCRT:MSVCR100.dll
 0002:000000a0       __imp___dllonexit          00000001800390a0     MSVCRT:MSVCR100.dll
 0002:000000a8       __imp__unlock              00000001800390a8     MSVCRT:MSVCR100.dll
 0002:000000b0       __imp___clean_type_info_names_internal 00000001800390b0     MSVCRT:MSVCR100.dll
 0002:000000b8       __imp___crt_debugger_hook  00000001800390b8     MSVCRT:MSVCR100.dll
 0002:000000c0       __imp___CppXcptFilter      00000001800390c0     MSVCRT:MSVCR100.dll
 0002:000000c8       __imp___C_specific_handler 00000001800390c8     MSVCRT:MSVCR100.dll
 0002:000000d0       __imp__amsg_exit           00000001800390d0     MSVCRT:MSVCR100.dll
 0002:000000d8       __imp__encoded_null        00000001800390d8     MSVCRT:MSVCR100.dll
 0002:000000e0       __imp__initterm_e          00000001800390e0     MSVCRT:MSVCR100.dll
 0002:000000e8       __imp__initterm            00000001800390e8     MSVCRT:MSVCR100.dll
 0002:000000f0       __imp__malloc_crt          00000001800390f0     MSVCRT:MSVCR100.dll
 0002:000000f8       __imp_ldexp                00000001800390f8     MSVCRT:MSVCR100.dll
 0002:00000100       __imp_strrchr              0000000180039100     MSVCRT:MSVCR100.dll
 0002:00000108       __imp_ceil                 0000000180039108     MSVCRT:MSVCR100.dll
 0002:00000110       __imp_strncmp              0000000180039110     MSVCRT:MSVCR100.dll
 0002:00000118       __imp_longjmp              0000000180039118     MSVCRT:MSVCR100.dll
 0002:00000120       __imp_strncpy              0000000180039120     MSVCRT:MSVCR100.dll
 0002:00000128       __imp__setjmp              0000000180039128     MSVCRT:MSVCR100.dll
 0002:00000130       __imp_memcpy               0000000180039130     MSVCRT:MSVCR100.dll
 0002:00000138       __imp_strcat               0000000180039138     MSVCRT:MSVCR100.dll
 0002:00000140       __imp_malloc               0000000180039140     MSVCRT:MSVCR100.dll
 0002:00000148       __imp_sprintf              0000000180039148     MSVCRT:MSVCR100.dll
 0002:00000150       __imp_free                 0000000180039150     MSVCRT:MSVCR100.dll
 0002:00000158       __imp_memset               0000000180039158     MSVCRT:MSVCR100.dll
 0002:00000160       __imp_strlen               0000000180039160     MSVCRT:MSVCR100.dll
 0002:00000168       __imp_strcmp               0000000180039168     MSVCRT:MSVCR100.dll
 0002:00000170       \177MSVCR100_NULL_THUNK_DATA 0000000180039170     MSVCRT:MSVCR100.dll
 0002:00000178       __imp_emlrtInitCharArrayR2013a 0000000180039178     libemlrt:libemlrt.dll
 0002:00000180       __imp_emlrtIsEnumR2009a    0000000180039180     libemlrt:libemlrt.dll
 0002:00000188       __imp_emlrtGetEnumUnderlyingArrayR2009a 0000000180039188     libemlrt:libemlrt.dll
 0002:00000190       __imp_emlrtTranslateUTF16MessagetoLCPstring 0000000180039190     libemlrt:libemlrt.dll
 0002:00000198       __imp_emlrtForLoopVectorIsValidR2011b 0000000180039198     libemlrt:libemlrt.dll
 0002:000001a0       __imp_emlrtTranslateMessageIDtoLCPstring 00000001800391a0     libemlrt:libemlrt.dll
 0002:000001a8       __imp_emlrtExtractMessageId 00000001800391a8     libemlrt:libemlrt.dll
 0002:000001b0       __imp_emlrtNameCapturePostProcessR2012a 00000001800391b0     libemlrt:libemlrt.dll
 0002:000001b8       __imp_emlrtImportVsFiArrayR2009b 00000001800391b8     libemlrt:libemlrt.dll
 0002:000001c0       __imp_emlrtCreateReference 00000001800391c0     libemlrt:libemlrt.dll
 0002:000001c8       __imp_emlrtGetEnumElementR2009a 00000001800391c8     libemlrt:libemlrt.dll
 0002:000001d0       __imp_emlrtCreateEnumR2012b 00000001800391d0     libemlrt:libemlrt.dll
 0002:000001d8       __imp_emlrtCheckEnumR2012b 00000001800391d8     libemlrt:libemlrt.dll
 0002:000001e0       __imp_emlrtCheckVsBuiltInR2012b 00000001800391e0     libemlrt:libemlrt.dll
 0002:000001e8       __imp_emlrtCheckBuiltInR2012b 00000001800391e8     libemlrt:libemlrt.dll
 0002:000001f0       __imp_emlrtDestroyRootTLS  00000001800391f0     libemlrt:libemlrt.dll
 0002:000001f8       __imp_emlrtCreateRootTLS   00000001800391f8     libemlrt:libemlrt.dll
[...]
 0001:0000ff50       replace_single_quotes_by_doubled_quotes 0000000180010f50 f   sfc_mex:sfc_mex.obj
 0001:00010150       sf_mex_get_formatted_error_string 0000000180011150 f   sfc_mex:sfc_mex.obj
 0001:00010680       sf_mex_destroy_array       0000000180011680 f   sfc_mex:sfc_mex.obj
 0001:00010ab0       sfrtAddSize                0000000180011ab0 f   sfc_mex:sfc_mex.obj
 0001:00010b50       sfrtGenSizeString          0000000180011b50 f   sfc_mex:sfc_mex.obj
 0001:00010c30       sfIsProperVector           0000000180011c30 f   sfc_mex:sfc_mex.obj
 0001:00010c60       sfIsRowVector              0000000180011c60 f   sfc_mex:sfc_mex.obj
 0001:00010da0       sf_ExtractMessageId        0000000180011da0 f   sfc_mex:sfc_mex.obj
 0001:00011090       sf_mex_err                 0000000180012090 f   sfc_mex:sfc_mex.obj
 0001:00011110       sf_error_dimension_out_of_bound 0000000180012110 f   sfc_mex:sfc_mex.obj
 0001:000111b0       sf_mex_check_and_set_actual_dimensions 00000001800121b0 f   sfc_mex:sfc_mex.obj
 0001:00011540       sf_mex_check_complex       0000000180012540 f   sfc_mex:sfc_mex.obj
 0001:000115f0       sf_mex_check_sparse        00000001800125f0 f   sfc_mex:sfc_mex.obj
 0001:000116b0       sf_mex_check_numerictype   00000001800126b0 f   sfc_mex:sfc_mex.obj
 0001:00011950       sf_mex_check_fimath        0000000180012950 f   sfc_mex:sfc_mex.obj
 0001:00012830       size_mismatch_error        0000000180013830 f   sfc_mex:sfc_mex.obj
 0001:000133f0       check_array_dimensions     00000001800143f0 f   sfc_mex:sfc_mex.obj
 0001:00013460       check_input_mxarray        0000000180014460 f   sfc_mex:sfc_mex.obj
 0001:00013d10       sf_numeric_value_to_double 0000000180014d10 f   sfc_mex:sfc_mex.obj
 0001:00013d90       ml_generic_out_of_bounds_check 0000000180014d90 f   sfc_mex:sfc_mex.obj
 0001:00013f70       ml_get_element_value_from_array 0000000180014f70 f   sfc_mex:sfc_mex.obj
 0001:00014380       _ml_generic_castability_check 0000000180015380 f   sfc_mex:sfc_mex.obj
 0001:00015200       ml_generic_castability_check 0000000180016200 f   sfc_mex:sfc_mex.obj
 0001:000152a0       ml_check_mx_array_for_single_castability 00000001800162a0 f   sfc_mex:sfc_mex.obj
 0001:00015340       ml_check_mx_array_for_logical_castability 0000000180016340 f   sfc_mex:sfc_mex.obj
 0001:000153e0       ml_check_mx_array_for_int8_castability 00000001800163e0 f   sfc_mex:sfc_mex.obj
 0001:00015490       ml_check_mx_array_for_uint8_castability 0000000180016490 f   sfc_mex:sfc_mex.obj
 0001:000154f0       ml_check_mx_array_for_int16_castability 00000001800164f0 f   sfc_mex:sfc_mex.obj
 0001:00015550       ml_check_mx_array_for_uint16_castability 0000000180016550 f   sfc_mex:sfc_mex.obj
 0001:000155b0       ml_check_mx_array_for_int32_castability 00000001800165b0 f   sfc_mex:sfc_mex.obj
 0001:00015610       ml_check_mx_array_for_uint32_castability 0000000180016610 f   sfc_mex:sfc_mex.obj
 0001:00015670       ml_check_mx_array_for_int64_castability 0000000180016670 f   sfc_mex:sfc_mex.obj
 0001:000156d0       ml_check_mx_array_for_uint64_castability 00000001800166d0 f   sfc_mex:sfc_mex.obj
 0001:00015720       ml_check_mx_array_for_castability 0000000180016720 f   sfc_mex:sfc_mex.obj
 0001:00015fc0       set_data_value             0000000180016fc0 f   sfc_mex:sfc_mex.obj
 0001:00016520       get_next_element_address   0000000180017520 f   sfc_mex:sfc_mex.obj
 0001:000165f0       sf_normalize_index         00000001800175f0 f   sfc_mex:sfc_mex.obj
 0001:00016960       ml_array_index_bound_check 0000000180017960 f   sfc_mex:sfc_mex.obj
 0001:000174d0       mx_value                   00000001800184d0 f   sfc_mex:sfc_mex.obj
 0001:00017520       sf_create_numeric_array    0000000180018520 f   sfc_mex:sfc_mex.obj
 0001:000175c0       sf_mex_assign_to_mx_array  00000001800185c0 f   sfc_mex:sfc_mex.obj
 0001:000178a0       assign_from_mx_array       00000001800188a0 f   sfc_mex:sfc_mex.obj
 0001:00017ff0       sf_mex_import_v            0000000180018ff0 f   sfc_mex:sfc_mex.obj
 0001:000185e0       SNPRINTF_WRAPPER           00000001800195e0 f   sfc_debug:sfcdebug.obj
 0001:00018610       sf_debug_chart_instance_initialized 0000000180019610 f   sfc_debug:sfcdebug.obj
 0001:00018790       sfrtAddSize                0000000180019790 f   sfc_debug:sfcdebug.obj
 0001:00018830       sfrtGenSizeString          0000000180019830 f   sfc_debug:sfcdebug.obj
 0001:00018f80       fill_single_message_info   0000000180019f80 f   sfc_debug:sfcdebug.obj
 0001:00019230       sf_debug_cv_transition_guard 000000018001a230 f   sfc_debug:sfcdebug.obj
 0001:000192a0       sf_debug_sim_status_listener 000000018001a2a0 f   sfc_debug:sfcdebug.obj
 0001:000195c0       sf_debug_form_mask_bits    000000018001a5c0 f   sfc_debug:sfcdebug.obj
 0001:000195e0       sf_debug_form_sf_data_type_offsets 000000018001a5e0 f   sfc_debug:sfcdebug.obj
 0001:000196a0       sf_debug_free_all          000000018001a6a0 f   sfc_debug:sfcdebug.obj
 0001:00019830       sf_debug_append_debugger_context 000000018001a830 f   sfc_debug:sfcdebug.obj
 0001:00019b80       local_strdup               000000018001ab80 f   sfc_debug:sfcdebug.obj
 0001:0001ab00       sf_debug_em_terminate      000000018001bb00 f   sfc_debug:sfcdebug.obj
 0001:0001ab40       sf_debug_push_eml_function 000000018001bb40 f   sfc_debug:sfcdebug.obj
 0001:0001abe0       sf_debug_pop_eml_function  000000018001bbe0 f   sfc_debug:sfcdebug.obj
 0001:0001b560       sf_debug_get_machine_number_from_id_or_name 000000018001c560 f   sfc_debug:sfcdebug.obj
 0001:0001b6b0       sf_debug_get_chart_number_from_id 000000018001c6b0 f   sfc_debug:sfcdebug.obj
 0001:0001c3f0       sf_debug_transfer_control_to_debugger_GUI 000000018001d3f0 f   sfc_debug:sfcdebug.obj
 0001:0001d100       sf_debug_scripts_rehash    000000018001e100 f   sfc_debug:sfcdebug.obj
 0001:0001d310       sf_debug_get_script_line_count 000000018001e310 f   sfc_debug:sfcdebug.obj
 0001:0001de70       cv_eml_state_cvId          000000018001ee70 f   sfc_debug:sfcdebug.obj
 0001:0001dee0       cv_eml_trans_cvId          000000018001eee0 f   sfc_debug:sfcdebug.obj
 0001:0001f430       sf_debug_data_array_bounds_error 0000000180020430 f   sfc_debug:sfcdebug.obj
 0001:0001f7e0       eml_debug_runtime_error_doclink 00000001800207e0 f   sfc_debug:sfcdebug.obj
 0001:0001f950       sf_debug_runtime_error     0000000180020950 f   sfc_debug:sfcdebug.obj
 0001:0001f9a0       sf_debug_matlab_error      00000001800209a0 f   sfc_debug:sfcdebug.obj
 0001:00020470       sf_debug_data_value_error  0000000180021470 f   sfc_debug:sfcdebug.obj
 0001:00020d40       sf_debug_data_loss_error   0000000180021d40 f   sfc_debug:sfcdebug.obj
 0001:00021c60       call_cv_range_check        0000000180022c60 f   sfc_debug:sfcdebug.obj
 0001:00022340       sf_debug_invoke_cycle_detection_code 0000000180023340 f   sfc_debug:sfcdebug.obj
 0001:00022e50       sf_reset_debug_info_struct 0000000180023e50 f   sfc_debug:sfcdebug.obj
 0001:00023710       cv_script_cvId             0000000180024710 f   sfc_debug:sfcdebug.obj
 0001:00024b20       sfc_api_chart_visible      0000000180025b20 f   sfc_debug:sfc_api.obj
 0001:00024bb0       sfc_api_active_instance    0000000180025bb0 f   sfc_debug:sfc_api.obj
 0001:00024c40       sfc_api_machine_load       0000000180025c40 f   sfc_debug:sfc_api.obj
 0001:00024d20       sfc_api_debugger_alive     0000000180025d20 f   sfc_debug:sfc_api.obj
 0001:00024d30       sfc_api_go                 0000000180025d30 f   sfc_debug:sfc_api.obj
 0001:00024d40       sfc_api_step_over          0000000180025d40 f   sfc_debug:sfc_api.obj
 0001:00024d50       sfc_api_step_out           0000000180025d50 f   sfc_debug:sfc_api.obj
 0001:00024d60       sfc_api_resume             0000000180025d60 f   sfc_debug:sfc_api.obj
 0001:00024d70       sfc_api_break              0000000180025d70 f   sfc_debug:sfc_api.obj
 0001:00024d80       sfc_api_stop_debugging     0000000180025d80 f   sfc_debug:sfc_api.obj
 0001:00024de0       sfc_api_is_cycle_detected  0000000180025de0 f   sfc_debug:sfc_api.obj
 0001:00024e40       sfc_api_is_array_bounds_detected 0000000180025e40 f   sfc_debug:sfc_api.obj
 0001:00024ea0       sfc_api_set_disable_all_breakpoints 0000000180025ea0 f   sfc_debug:sfc_api.obj
 0001:00024f20       sfc_api_disable_all_breakpoints_and_go 0000000180025f20 f   sfc_debug:sfc_api.obj
 0001:00024f30       sfc_api_close              0000000180025f30 f   sfc_debug:sfc_api.obj
 0001:00024f40       sfc_api_browse_data        0000000180025f40 f   sfc_debug:sfc_api.obj
 0001:00024fc0       sfc_api_watch_data         0000000180025fc0 f   sfc_debug:sfc_api.obj
 0001:000250d0       sfc_api_extract_message_post_receive_info 00000001800260d0 f   sfc_debug:sfc_api.obj
 0001:000250f0       sfc_api_assign_data        00000001800260f0 f   sfc_debug:sfc_api.obj
 0001:00025180       sfc_api_whos               0000000180026180 f   sfc_debug:sfc_api.obj
 0001:00025210       sfc_api_get_consistency_info 0000000180026210 f   sfc_debug:sfc_api.obj
 0001:00025220       sfc_api_browse_trace       0000000180026220 f   sfc_debug:sfc_api.obj
 0001:00025230       sfc_api_break_on_chart_entry 0000000180026230 f   sfc_debug:sfc_api.obj
 0001:00025260       sfc_api_break_on_event_broadcast 0000000180026260 f   sfc_debug:sfc_api.obj
 0001:00025290       sfc_api_break_on_state_entry 0000000180026290 f   sfc_debug:sfc_api.obj
 0001:000252c0       sfc_api_set_watch          00000001800262c0 f   sfc_debug:sfc_api.obj
 0001:00025370       sfc_api_set_breakpoints    0000000180026370 f   sfc_debug:sfc_api.obj
 0001:00025430       sfc_api_set_eml_breakpoints 0000000180026430 f   sfc_debug:sfc_api.obj
 0001:000254d0       sfc_api_set_script_breakpoints 00000001800264d0 f   sfc_debug:sfc_api.obj
 0001:00025530       sfc_api_add_script_breakpoints 0000000180026530 f   sfc_debug:sfc_api.obj
 0001:00025590       sfc_api_clear_script_breakpoints 0000000180026590 f   sfc_debug:sfc_api.obj
 0001:000255f0       sfc_api_query_script_breakpoints 00000001800265f0 f   sfc_debug:sfc_api.obj
 0001:00025660       sfc_api_get_script_id      0000000180026660 f   sfc_debug:sfc_api.obj
 0001:00025700       sfc_api_get_active_states  0000000180026700 f   sfc_debug:sfc_api.obj
 0001:00025790       sfc_api_break_between_times 0000000180026790 f   sfc_debug:sfc_api.obj
 0001:00025800       sfc_api_get_instance_handle 0000000180026800 f   sfc_debug:sfc_api.obj
 0001:000258d0       sfc_api_set_animation      00000001800268d0 f   sfc_debug:sfc_api.obj
 0001:00025920       sfc_api_select_chart       0000000180026920 f   sfc_debug:sfc_api.obj
 0001:00025990       sfc_api_select_charts      0000000180026990 f   sfc_debug:sfc_api.obj
 0001:000259c0       sfc_api_cycle_detection_check 00000001800269c0 f   sfc_debug:sfc_api.obj
 0001:00025a10       sfc_api_data_range_check   0000000180026a10 f   sfc_debug:sfc_api.obj
 0001:00025a60       sfc_api_transition_conflict_check 0000000180026a60 f   sfc_debug:sfc_api.obj
 0001:00025ab0       sfc_api_state_consistency_check 0000000180026ab0 f   sfc_debug:sfc_api.obj
 0001:00025b00       sfc_api_set_instance_cv_ids 0000000180026b00 f   sfc_debug:sfc_api.obj
 0001:00025c30       sfc_api_set_script_cv_ids  0000000180026c30 f   sfc_debug:sfc_api.obj
 0001:00025d00       sfc_api_get_current_machine_id 0000000180026d00 f   sfc_debug:sfc_api.obj
 0001:00025d30       sfc_api_get_current_machine_number 0000000180026d30 f   sfc_debug:sfc_api.obj
 0001:00025d60       sfc_api_get_current_chart_number 0000000180026d60 f   sfc_debug:sfc_api.obj
 0001:00025d90       sfc_api_get_current_instance_number 0000000180026d90 f   sfc_debug:sfc_api.obj
 0001:00025dc0       sfc_api_get_current_instance_handle 0000000180026dc0 f   sfc_debug:sfc_api.obj
 0001:00025de0       sfc_api_get_current_is_minor_time_step 0000000180026de0 f   sfc_debug:sfc_api.obj
 0001:00025e10       sfc_api_get_current_machine_name 0000000180026e10 f   sfc_debug:sfc_api.obj
 0001:00025e30       sfc_api_get_current_chart_id 0000000180026e30 f   sfc_debug:sfc_api.obj
 0001:00025e60       sfc_api_get_current_object_type 0000000180026e60 f   sfc_debug:sfc_api.obj
 0001:00025e90       sfc_api_get_current_event_type 0000000180026e90 f   sfc_debug:sfc_api.obj
 0001:00025ec0       sfc_api_get_current_object_id 0000000180026ec0 f   sfc_debug:sfc_api.obj
 0001:00025ef0       sfc_get_current_active_event_type 0000000180026ef0 f   sfc_debug:sfc_api.obj
 0001:00025f20       sfc_api_get_current_active_event_id 0000000180026f20 f   sfc_debug:sfc_api.obj
 0001:00025f50       sfc_api_get_current_simulation_time 0000000180026f50 f   sfc_debug:sfc_api.obj
 0001:00025f70       sfc_get_current_tag_type   0000000180026f70 f   sfc_debug:sfc_api.obj
 0001:00025fa0       sfc_get_current_statement_context 0000000180026fa0 f   sfc_debug:sfc_api.obj
 0001:00025fc0       sfc_get_current_optional_integer 0000000180026fc0 f   sfc_debug:sfc_api.obj
 0001:00025ff0       sfc_api_get                0000000180026ff0 f   sfc_debug:sfc_api.obj
 0001:00026c30       sf_debug_sm_fill_state_activity_data 0000000180027c30 f   sfc_debug:sfdb_animation.obj
 0001:00029560       void_ptr_stack_vector_free_total 000000018002a560 f   sfc_debug:sfdb_data_browse.obj
 0001:000295e0       sf_debug_st_terminate_machine 000000018002a5e0 f   sfc_debug:sfdb_data_browse.obj
 0001:00029620       sf_debug_st_terminate_instance 000000018002a620 f   sfc_debug:sfdb_data_browse.obj
 0001:000299d0       push_on_to_void_ptr_stack  000000018002a9d0 f   sfc_debug:sfdb_data_browse.obj
 0001:00029b60       pop_from_void_ptr_stack    000000018002ab60 f   sfc_debug:sfdb_data_browse.obj
 0001:00029c90       sf_debug_st_get_data_value 000000018002ac90 f   sfc_debug:sfdb_data_browse.obj
 0001:0002a1c0       mx_value                   000000018002b1c0 f   sfc_debug:sfdb_data_browse.obj
 0001:0002a200       sf_debug_st_fill_data_struct 000000018002b200 f   sfc_debug:sfdb_data_browse.obj
 0001:0002a540       data_type_format_strings   000000018002b540 f   sfc_debug:sfdb_data_browse.obj
 0001:0002a5f0       sf_debug_st_fill_data      000000018002b5f0 f   sfc_debug:sfdb_data_browse.obj
 0001:0002b2b0       sf_debug_hm_get_simulink_handle 000000018002c2b0 f   sfc_debug:sfdb_handle_management.obj
 0001:0002bd60       sf_debug_hm_initialize_globals 000000018002cd60 f   sfc_debug:sfdb_handle_management.obj
 0001:0002be60       sf_debug_hm_get_machine_debug_flag 000000018002ce60 f   sfc_debug:sfdb_handle_management.obj
 0001:0002bfd0       sf_debug_hm_get_machine_id 000000018002cfd0 f   sfc_debug:sfdb_handle_management.obj
 0001:0002c0f0       sf_debug_hm_get_chart_id   000000018002d0f0 f   sfc_debug:sfdb_handle_management.obj
 0001:0002c290       sf_debug_hm_register_executing_SFunction 000000018002d290 f   sfc_debug:sfdb_handle_management.obj
 0001:0002c620       sf_debug_hm_form_object_boolean_properties 000000018002d620 f   sfc_debug:sfdb_handle_management.obj
 0001:0002c8f0       sf_debug_hm_form_object_properties 000000018002d8f0 f   sfc_debug:sfdb_handle_management.obj
 0001:0002cb30       sf_debug_hm_terminate_charts 000000018002db30 f   sfc_debug:sfdb_handle_management.obj
 0001:0002d1a0       sf_debug_hm_terminate_machines 000000018002e1a0 f   sfc_debug:sfdb_handle_management.obj
 0001:0002eb40       sf_debug_ss_copy_dimension 000000018002fb40 f   sfc_debug:sfdb_symbol_scope.obj
 0001:0002ec00       sf_debug_ss_get_number_elements 000000018002fc00 f   sfc_debug:sfdb_symbol_scope.obj
 0001:0002ec20       sf_debug_ss_fill_data_struct 000000018002fc20 f   sfc_debug:sfdb_symbol_scope.obj
 0001:0002ef70       sf_debug_ss_reset_data_info 000000018002ff70 f   sfc_debug:sfdb_symbol_scope.obj
 0001:0002efd0       sf_debug_fill_data_info_by_symbol_scope_entry 000000018002ffd0 f   sfc_debug:sfdb_symbol_scope.obj
 0001:0002f090       sf_debug_fill_data_info_by_data_vector 0000000180030090 f   sfc_debug:sfdb_symbol_scope.obj
 0001:0002f2e0       get_data_info_helper       00000001800302e0 f   sfc_debug:sfdb_symbol_scope.obj
 0001:0002f5d0       sf_debug_ss_get_data_info  00000001800305d0 f   sfc_debug:sfdb_symbol_scope.obj
 0001:0002f7f0       sf_debug_select_mex_function 00000001800307f0 f   sfc_debug:sfdb_symbol_scope.obj
 0001:0002f820       sf_debug_is_dyn_matrix_initialized 0000000180030820 f   sfc_debug:sfdb_symbol_scope.obj
 0001:0002f840       sf_debug_ss_set_data_value_try 0000000180030840 f   sfc_debug:sfdb_symbol_scope.obj
 0001:0002fa10       sf_debug_ss_get_data_value 0000000180030a10 f   sfc_debug:sfdb_symbol_scope.obj
 0001:0002fda0       getInstanceNumber          0000000180030da0 f   sfc_debug:sfdb_symbol_scope.obj
 0001:00030170       sf_debug_ss_data_bytes_string 0000000180031170 f   sfc_debug:sfdb_symbol_scope.obj
 0001:00030200       sf_debug_ss_data_class_string 0000000180031200 f   sfc_debug:sfdb_symbol_scope.obj
 0001:00030570       sf_debug_ss_data_size_string 0000000180031570 f   sfc_debug:sfdb_symbol_scope.obj
 0001:00030650       sf_debug_ss_data_create_data_info_struct 0000000180031650 f   sfc_debug:sfdb_symbol_scope.obj
 0001:000308e0       sf_debug_ss_data_create_name_value_pair 00000001800318e0 f   sfc_debug:sfdb_symbol_scope.obj
 0001:00030980       sf_debug_ss_data_get_whos_info 0000000180031980 f   sfc_debug:sfdb_symbol_scope.obj
 0001:00030990       same_named_data_in_data_array 0000000180031990 f   sfc_debug:sfdb_symbol_scope.obj
 0001:000315a0       sf_debug_bm_initialize_eml 00000001800325a0 f   sfc_debug:sfdb_breakpoints.obj
 0001:00032690       sf_debug_bm_map_debug_tag_to_breakpoint_tag 0000000180033690 f   sfc_debug:sfdb_breakpoints.obj
 0001:00032770       sf_debug_bm_is_a_eml_breakpoint_impl 0000000180033770 f   sfc_debug:sfdb_breakpoints.obj
 0001:000340a0       sf_debug_sc_push_on_error_stack 00000001800350a0 f   sfc_debug:sfdb_state_consistency.obj
 0001:000341c0       sf_debug_sc_reset_error_stack 00000001800351c0 f   sfc_debug:sfdb_state_consistency.obj
 0001:00034350       sf_debug_sc_is_state_inconsistent 0000000180035350 f   sfc_debug:sfdb_state_consistency.obj
 0001:00034640       sf_debug_sc_fill_consistency_info 0000000180035640 f   sfc_debug:sfdb_state_consistency.obj
 0001:00034c00       void_assertion_fcn         0000000180035c00 f   sfc_debug:sfdb_call_stack.obj
 0001:00035150       sf_debug_tm_fill_local_trace 0000000180036150 f   sfc_debug:sfdb_call_stack.obj
 0001:00035750       sf_debug_cd_terminate_instance 0000000180036750 f   sfc_debug:sfdb_cycle_detection.obj
 0001:000357b0       sf_debug_cd_free_checksum_stack 00000001800367b0 f   sfc_debug:sfdb_cycle_detection.obj
 0001:00035800       sf_debug_cd_reset_pack_strings 0000000180036800 f   sfc_debug:sfdb_cycle_detection.obj
 0001:00035ea0       md5file_clear              0000000180036ea0 f   sfc_debug:ckmd5.obj
 0001:00035ed0       Encode                     0000000180036ed0 f   sfc_debug:ckmd5.obj
 0001:00035f20       Decode                     0000000180036f20 f   sfc_debug:ckmd5.obj
 0001:00035fc0       MD5Transform               0000000180036fc0 f   sfc_debug:ckmd5.obj
 0001:00036800       md5file_addn               0000000180037800 f   sfc_debug:ckmd5.obj
 0001:000368d0       md5file_hash               00000001800378d0 f   sfc_debug:ckmd5.obj
 0001:00036de8       pre_c_init                 0000000180037de8 f   MSVCRT:crtdll.obj
 0001:000370a4       __DllMainCRTStartup        00000001800380a4 f   MSVCRT:crtdll.obj
 0001:000377a0       __DllMainCRTStartup$filt$0 00000001800387a0 f   MSVCRT:crtdll.obj
 0001:000377d0       __DllMainCRTStartup$fin$1  00000001800387d0 f   MSVCRT:crtdll.obj
 0001:000377ea       _onexit$fin$0              00000001800387ea f   MSVCRT:atonexit.obj
 0001:00037810       _IsNonwritableInCurrentImage$filt$0 0000000180038810 f   MSVCRT:pesect.obj
