 chartTest_sfun

 Timestamp is 53543ba1 (Sun Apr 20 23:26:57 2014)

 Preferred load address is 0000000180000000

 Start         Length     Name                   Class
 0001:00000000 00035044H .text                   CODE
 0001:00035050 00000092H .text$x                 CODE
 0002:00000000 000004d8H .idata$5                DATA
 0002:000004d8 00000008H .CRT$XCA                DATA
 0002:000004e0 00000008H .CRT$XCZ                DATA
 0002:000004e8 00000008H .CRT$XIA                DATA
 0002:000004f0 00000008H .CRT$XIAA               DATA
 0002:000004f8 00000008H .CRT$XIZ                DATA
 0002:00000500 00004bf4H .rdata                  DATA
 0002:000050f8 00000008H .rtc$IAA                DATA
 0002:00005100 00000008H .rtc$IZZ                DATA
 0002:00005108 00000008H .rtc$TAA                DATA
 0002:00005110 00000008H .rtc$TZZ                DATA
 0002:00005118 000043bcH .xdata                  DATA
 0002:000094d4 0000008cH .idata$2                DATA
 0002:00009560 00000014H .idata$3                DATA
 0002:00009578 000004d8H .idata$4                DATA
 0002:00009a50 00000b84H .idata$6                DATA
 0002:0000a5e0 00000054H .edata                  DATA
 0003:00000000 00001488H .data                   DATA
 0003:000014a0 00002458H .bss                    DATA
 0004:00000000 00003360H .pdata                  DATA

  Address         Publics by Value              Rva+Base               Lib:Object

 0000:00000000       ___safe_se_handler_table   0000000000000000     <absolute>
 0000:00000000       ___safe_se_handler_count   0000000000000000     <absolute>
 0000:00000000       __ImageBase                0000000180000000     <linker-defined>
 0001:00000000       chartTest_initializer      0000000180001000 f   chartTest_sfun.obj
 0001:00000010       chartTest_terminator       0000000180001010 f   chartTest_sfun.obj
 0001:00000020       sf_chartTest_method_dispatcher 0000000180001020 f   chartTest_sfun.obj
 0001:00000070       sf_chartTest_process_check_sum_call 0000000180001070 f   chartTest_sfun.obj
 0001:00000480       sf_chartTest_autoinheritance_info 0000000180001480 f   chartTest_sfun.obj
 0001:000005f0       sf_chartTest_get_eml_resolved_functions_info 00000001800015f0 f   chartTest_sfun.obj
 0001:00000720       sf_chartTest_third_party_uses_info 0000000180001720 f   chartTest_sfun.obj
 0001:00000870       sf_chartTest_updateBuildInfo_args_info 0000000180001870 f   chartTest_sfun.obj
 0001:000009c0       chartTest_debug_initialize 00000001800019c0 f   chartTest_sfun.obj
 0001:00000a40       chartTest_register_exported_symbols 0000000180001a40 f   chartTest_sfun.obj
 0001:00000a50       load_chartTest_optimization_info 0000000180001a50 f   chartTest_sfun.obj
 0001:00000aa0       unload_chartTest_optimization_info 0000000180001aa0 f   chartTest_sfun.obj
 0001:00000ad0       sf_c1_chartTest_get_eml_resolved_functions_info 0000000180001ad0 f   c1_chartTest.obj
 0001:00000b50       sf_c1_chartTest_get_check_sum 0000000180001b50 f   c1_chartTest.obj
 0001:00000bd0       sf_c1_chartTest_get_autoinheritance_info 0000000180001bd0 f   c1_chartTest.obj
 0001:00000e70       sf_c1_chartTest_third_party_uses_info 0000000180001e70 f   c1_chartTest.obj
 0001:00000ea0       sf_c1_chartTest_updateBuildInfo_args_info 0000000180001ea0 f   c1_chartTest.obj
 0001:00000ed0       sf_internal_get_sim_state_c1_chartTest 0000000180001ed0 f   c1_chartTest.obj
 0001:000012d0       sf_internal_set_sim_state_c1_chartTest 00000001800022d0 f   c1_chartTest.obj
 0001:00001ce0       c1_chartTest_method_dispatcher 0000000180002ce0 f   c1_chartTest.obj
 0001:00004e50       sf_process_check_sum_call  0000000180005e50 f   chartTest_sfun_registry.obj
 0001:00004ea0       sf_process_autoinheritance_call 0000000180005ea0 f   chartTest_sfun_registry.obj
 0001:00005040       sf_process_get_third_party_uses_info_call 0000000180006040 f   chartTest_sfun_registry.obj
 0001:000051e0       sf_process_get_updateBuildInfo_args_info_call 00000001800061e0 f   chartTest_sfun_registry.obj
 0001:00005380       sf_process_get_eml_resolved_functions_info_call 0000000180006380 f   chartTest_sfun_registry.obj
 0001:00005500       sf_mex_unlock_call         0000000180006500 f   chartTest_sfun_registry.obj
 0001:000055b0       sf_machine_global_initializer_called 00000001800065b0 f   chartTest_sfun_registry.obj
 0001:000055e0       sf_machine_global_method_dispatcher 00000001800065e0 f   chartTest_sfun_registry.obj
 0001:00005640       sf_machine_global_terminator 0000000180006640 f   chartTest_sfun_registry.obj
 0001:00005690       sf_register_machine_exported_symbols 0000000180006690 f   chartTest_sfun_registry.obj
 0001:000056b0       callCustomFcn              00000001800066b0 f   chartTest_sfun_registry.obj
 0001:000056c0       sf_machine_global_initializer 00000001800066c0 f   chartTest_sfun_registry.obj
 0001:00005740       _ssSetStateAbsTol          0000000180006740 f   chartTest_sfun_registry.obj
 0001:00005820       _ssGetAbsTol               0000000180006820 f   chartTest_sfun_registry.obj
 0001:00005890       _ssSetInputPortMatrixDimensions 0000000180006890 f   chartTest_sfun_registry.obj
 0001:000059a0       _ssSetOutputPortMatrixDimensions 00000001800069a0 f   chartTest_sfun_registry.obj
 0001:00005ab0       _ssSetInputPortVectorDimension 0000000180006ab0 f   chartTest_sfun_registry.obj
 0001:00005b80       _ssSetOutputPortVectorDimension 0000000180006b80 f   chartTest_sfun_registry.obj
 0001:00005c50       ssIsRunTimeParamTunable    0000000180006c50 f   chartTest_sfun_registry.obj
 0001:00005cc0       ssGetSFuncBlockHandle      0000000180006cc0 f   chartTest_sfun_registry.obj
 0001:00005d30       _ssGetCurrentInputPortWidth 0000000180006d30 f   chartTest_sfun_registry.obj
 0001:00005e50       _ssGetCurrentOutputPortWidth 0000000180006e50 f   chartTest_sfun_registry.obj
 0001:00005f70       _ssGetCallSystemNumFcnCallDestinations 0000000180006f70 f   chartTest_sfun_registry.obj
 0001:00005fe0       ssWarning                  0000000180006fe0 f   chartTest_sfun_registry.obj
 0001:000060f0       ssGetIsZeroCrossControlDisabled 00000001800070f0 f   chartTest_sfun_registry.obj
 0001:00006160       ssSetIsInputPortUsedForContZcSignal 0000000180007160 f   chartTest_sfun_registry.obj
 0001:000061d0       ssSetZcSignalIsZcElementDisc 00000001800071d0 f   chartTest_sfun_registry.obj
 0001:00006280       ssSetZcSignalName          0000000180007280 f   chartTest_sfun_registry.obj
 0001:000062f0       ssSetZcSignalWidth         00000001800072f0 f   chartTest_sfun_registry.obj
 0001:00006360       ssSetZcSignalZcEventType   0000000180007360 f   chartTest_sfun_registry.obj
 0001:000063d0       ssSetZcSignalType          00000001800073d0 f   chartTest_sfun_registry.obj
 0001:00006440       ssSetZcSignalZcTol         0000000180007440 f   chartTest_sfun_registry.obj
 0001:000064b0       ssSetZcSignalNeedsEventNotification 00000001800074b0 f   chartTest_sfun_registry.obj
 0001:00006520       ssCreateAndAddZcSignalInfo 0000000180007520 f   chartTest_sfun_registry.obj
 0001:00006590       ssCloneAndAddZcSignalInfo  0000000180007590 f   chartTest_sfun_registry.obj
 0001:00006600       ssGetNumZcSignals          0000000180007600 f   chartTest_sfun_registry.obj
 0001:00006670       ssGetZcSignalVector        0000000180007670 f   chartTest_sfun_registry.obj
 0001:000066e0       ssGetZcSignalZcEvents      00000001800076e0 f   chartTest_sfun_registry.obj
 0001:00006750       ssGetZcSignalName          0000000180007750 f   chartTest_sfun_registry.obj
 0001:000067c0       ssGetZcSignalWidth         00000001800077c0 f   chartTest_sfun_registry.obj
 0001:00006830       ssGetZcSignalZcEventType   0000000180007830 f   chartTest_sfun_registry.obj
 0001:000068a0       ssGetZcSignalType          00000001800078a0 f   chartTest_sfun_registry.obj
 0001:00006910       ssGetZcSignalZcTol         0000000180007910 f   chartTest_sfun_registry.obj
 0001:00006990       ssGetZcSignalNeedsEventNotification 0000000180007990 f   chartTest_sfun_registry.obj
 0001:00006a00       ssGetZcSignalIsZcElementDisc 0000000180007a00 f   chartTest_sfun_registry.obj
 0001:00006aa0       ssGetIsInputPortElementContinuous 0000000180007aa0 f   chartTest_sfun_registry.obj
 0001:00006b40       _ssGetInputPortSignalPtrsFcn 0000000180007b40 f   chartTest_sfun_registry.obj
 0001:00006e00       _ssGetInputPortSignalFcn   0000000180007e00 f   chartTest_sfun_registry.obj
 0001:00007020       _ssSetInputPortDirectFeedThroughFcn 0000000180008020 f   chartTest_sfun_registry.obj
 0001:00007180       _ssSetInputPortReusableFcn 0000000180008180 f   chartTest_sfun_registry.obj
 0001:00007270       _ssSetOutputPortReusableFcn 0000000180008270 f   chartTest_sfun_registry.obj
 0001:00007350       ssGetDTypeIdFromMxArray    0000000180008350 f   chartTest_sfun_registry.obj
 0001:00007470       ssWriteRTWStr              0000000180008470 f   chartTest_sfun_registry.obj
 0001:000074d0       ssWriteRTWMxVectParam      00000001800084d0 f   chartTest_sfun_registry.obj
 0001:00007530       ssWriteRTWMx2dMatParam     0000000180008530 f   chartTest_sfun_registry.obj
 0001:000075b0       ssWriteRTWNameValuePair    00000001800085b0 f   chartTest_sfun_registry.obj
 0001:00007aa0       ssWriteRTWParameters       0000000180008aa0 f   chartTest_sfun_registry.obj
 0001:000080a0       ssWriteRTWParamSettings    00000001800090a0 f   chartTest_sfun_registry.obj
 0001:00008770       ssWriteRTWWorkVect         0000000180009770 f   chartTest_sfun_registry.obj
 0001:00008c70       mexFunction                0000000180009c70 f   chartTest_sfun_registry.obj
 0001:0000a9c0       ProcessMexSfunctionEveryCall 000000018000b9c0 f   chartTest_sfun_registry.obj
 0001:0000ae60       sim_mode_is_rtw_gen        000000018000be60 f   sfc_mex:sfc_sf.obj
 0001:0000ae90       sim_mode_is_external       000000018000be90 f   sfc_mex:sfc_sf.obj
 0001:0000aea0       sim_mode_is_modelref_sim   000000018000bea0 f   sfc_mex:sfc_sf.obj
 0001:0000aec0       mdlInitializeSizes         000000018000bec0 f   sfc_mex:sfc_sf.obj
 0001:0000aee0       mdlInitializeSampleTimes   000000018000bee0 f   sfc_mex:sfc_sf.obj
 0001:0000af20       mdlZeroCrossings           000000018000bf20 f   sfc_mex:sfc_sf.obj
 0001:0000b000       mdlDerivatives             000000018000c000 f   sfc_mex:sfc_sf.obj
 0001:0000b0b0       mdl_initialize_conditions_processing 000000018000c0b0 f   sfc_mex:sfc_sf.obj
 0001:0000b0e0       mdlInitializeConditions    000000018000c0e0 f   sfc_mex:sfc_sf.obj
 0001:0000b190       mdlGetSimState             000000018000c190 f   sfc_mex:sfc_sf.obj
 0001:0000b1a0       mdlSetSimState             000000018000c1a0 f   sfc_mex:sfc_sf.obj
 0001:0000b1b0       mdl_ext_mode_exec_processing 000000018000c1b0 f   sfc_mex:sfc_sf.obj
 0001:0000b1d0       mdlExtModeExec             000000018000c1d0 f   sfc_mex:sfc_sf.obj
 0001:0000b360       mdlTerminate               000000018000c360 f   sfc_mex:sfc_sf.obj
 0001:0000b3d0       mdlRTW                     000000018000c3d0 f   sfc_mex:sfc_sf.obj
 0001:0000b400       mdlSetWorkWidths           000000018000c400 f   sfc_mex:sfc_sf.obj
 0001:0000b410       mdlProcessParameters       000000018000c410 f   sfc_mex:sfc_sf.obj
 0001:0000b420       mdl_start_processing       000000018000c420 f   sfc_mex:sfc_sf.obj
 0001:0000b480       mdlStart                   000000018000c480 f   sfc_mex:sfc_sf.obj
 0001:0000b590       mdlEnable                  000000018000c590 f   sfc_mex:sfc_sf.obj
 0001:0000b660       mdlDisable                 000000018000c660 f   sfc_mex:sfc_sf.obj
 0001:0000b710       sf_get_chart_instance_ptr  000000018000c710 f   sfc_mex:sfc_sf.obj
 0001:0000b730       sf_load_rtw_optimization_info 000000018000c730 f   sfc_mex:sfc_sf.obj
 0001:0000b800       sf_update_buildInfo        000000018000c800 f   sfc_mex:sfc_sf.obj
 0001:0000b900       sf_rtw_info_uint_prop      000000018000c900 f   sfc_mex:sfc_sf.obj
 0001:0000ba40       sf_is_chart_inlinable      000000018000ca40 f   sfc_mex:sfc_sf.obj
 0001:0000ba60       sf_mark_output_events_with_multiple_callers 000000018000ca60 f   sfc_mex:sfc_sf.obj
 0001:0000bbf0       sf_mark_chart_reusable_outputs 000000018000cbf0 f   sfc_mex:sfc_sf.obj
 0001:0000be50       sf_mark_chart_expressionable_inputs 000000018000ce50 f   sfc_mex:sfc_sf.obj
 0001:0000c0b0       sf_get_subchart_simstruct  000000018000d0b0 f   sfc_mex:sfc_sf.obj
 0001:0000c100       sf_get_fixpt_data_type_id  000000018000d100 f   sfc_mex:sfc_sf.obj
 0001:0000c140       sf_get_enum_data_type_id   000000018000d140 f   sfc_mex:sfc_sf.obj
 0001:0000c180       sf_get_param_data_type_id  000000018000d180 f   sfc_mex:sfc_sf.obj
 0001:0000c1b0       sf_mex_listen_for_ctrl_c_force 000000018000d1b0 f   sfc_mex:sfc_sf.obj
 0001:0000c2c0       sf_mex_draw_now            000000018000d2c0 f   sfc_mex:sfc_sf.obj
 0001:0000c300       sf_mex_set_debugger_sim_status_listener_fcn 000000018000d300 f   sfc_mex:sfc_sf.obj
 0001:0000c310       sf_mex_listen_for_ctrl_c   000000018000d310 f   sfc_mex:sfc_sf.obj
 0001:0000c3b0       sf_mex_get_sfun_param      000000018000d3b0 f   sfc_mex:sfc_sf.obj
 0001:0000c400       sf_get_runtime_param_data  000000018000d400 f   sfc_mex:sfc_sf.obj
 0001:0000c440       sf_call_output_fcn_call    000000018000d440 f   sfc_mex:sfc_sf.obj
 0001:0000c580       sf_call_output_fcn_enable  000000018000d580 f   sfc_mex:sfc_sf.obj
 0001:0000c610       sf_call_output_fcn_disable 000000018000d610 f   sfc_mex:sfc_sf.obj
 0001:0000c6a0       sf_clear_rtw_identifier    000000018000d6a0 f   sfc_mex:sfc_sf.obj
 0001:0000ce80       sf_set_encoded_dwork_info  000000018000de80 f   sfc_mex:sfc_sf.obj
 0001:0000ced0       sf_get_dwork_info_from_mat_file 000000018000ded0 f   sfc_mex:sfc_sf.obj
 0001:0000d090       sf_set_rtw_dwork_info      000000018000e090 f   sfc_mex:sfc_sf.obj
 0001:0000d200       mdlOutputs                 000000018000e200 f   sfc_mex:sfc_sf.obj
 0001:0000d3f0       sf_mex_mx_is_numeric       000000018000e3f0 f   sfc_mex:sfc_mex.obj
 0001:0000d430       strcmp_ignore_ws           000000018000e430 f   sfc_mex:sfc_mex.obj
 0001:0000d570       sf_mex_duplicatearraysafe  000000018000e570 f   sfc_mex:sfc_mex.obj
 0001:0000d6d0       sf_set_error_debugger_context_message_fcn 000000018000e6d0 f   sfc_mex:sfc_mex.obj
 0001:0000d6e0       sf_set_debugger_matlab_error_fcn 000000018000e6e0 f   sfc_mex:sfc_mex.obj
 0001:0000d720       sf_set_error_prefix_string 000000018000e720 f   sfc_mex:sfc_mex.obj
 0001:0000d750       sf_get_error_prefix_string 000000018000e750 f   sfc_mex:sfc_mex.obj
 0001:0000d760       sf_mex_enter_parallel_region 000000018000e760 f   sfc_mex:sfc_mex.obj
 0001:0000d770       sf_mex_exit_parallel_region 000000018000e770 f   sfc_mex:sfc_mex.obj
 0001:0000d780       sf_get_current_jmp_buf_ptr 000000018000e780 f   sfc_mex:sfc_mex.obj
 0001:0000d790       sf_set_current_jmp_buf_ptr 000000018000e790 f   sfc_mex:sfc_mex.obj
 0001:0000d7a0       sf_mex_set_halt_simulation 000000018000e7a0 f   sfc_mex:sfc_mex.obj
 0001:0000d7b0       sf_mex_get_halt_simulation 000000018000e7b0 f   sfc_mex:sfc_mex.obj
 0001:0000d7c0       sf_mex_clear_error_message 000000018000e7c0 f   sfc_mex:sfc_mex.obj
 0001:0000d7e0       sf_mex_get_error_message_for_read 000000018000e7e0 f   sfc_mex:sfc_mex.obj
 0001:0000d7f0       sf_mex_get_error_message_buffer_length 000000018000e7f0 f   sfc_mex:sfc_mex.obj
 0001:0000d8b0       sf_mex_warning_message     000000018000e8b0 f   sfc_mex:sfc_mex.obj
 0001:0000d900       sf_mex_v_errbuf_createf    000000018000e900 f   sfc_mex:sfc_mex.obj
 0001:0000d910       sf_mex_errbuf_createf      000000018000e910 f   sfc_mex:sfc_mex.obj
 0001:0000d940       sf_mex_v_errbuf_catf       000000018000e940 f   sfc_mex:sfc_mex.obj
 0001:0000d980       sf_mex_errbuf_catf         000000018000e980 f   sfc_mex:sfc_mex.obj
 0001:0000d9d0       sf_mex_errbuf_copy         000000018000e9d0 f   sfc_mex:sfc_mex.obj
 0001:0000d9e0       sf_mex_errbuf_clear        000000018000e9e0 f   sfc_mex:sfc_mex.obj
 0001:0000d9f0       sf_mex_errbuf_isempty      000000018000e9f0 f   sfc_mex:sfc_mex.obj
 0001:0000daf0       sf_mex_set_error_status    000000018000eaf0 f   sfc_mex:sfc_mex.obj
 0001:0000db40       sf_mex_error_direct_call   000000018000eb40 f   sfc_mex:sfc_mex.obj
 0001:0000db60       sf_mex_error_message_no_long_jump 000000018000eb60 f   sfc_mex:sfc_mex.obj
 0001:0000db80       sf_mex_long_jump_on_error  000000018000eb80 f   sfc_mex:sfc_mex.obj
 0001:0000dbb0       sf_mex_call_matlab         000000018000ebb0 f   sfc_mex:sfc_mex.obj
 0001:0000dc90       sf_mex_check_builtin       000000018000ec90 f   sfc_mex:sfc_mex.obj
 0001:0000dd30       sf_mex_check_builtin_vs    000000018000ed30 f   sfc_mex:sfc_mex.obj
 0001:0000ddf0       sf_mex_check_enum          000000018000edf0 f   sfc_mex:sfc_mex.obj
 0001:0000de70       sf_mex_create_enum         000000018000ee70 f   sfc_mex:sfc_mex.obj
 0001:0000dee0       sf_mex_get_enum_element    000000018000eee0 f   sfc_mex:sfc_mex.obj
 0001:0000def0       sf_mex_createcellarray     000000018000eef0 f   sfc_mex:sfc_mex.obj
 0001:0000df00       sf_mex_setcell             000000018000ef00 f   sfc_mex:sfc_mex.obj
 0001:0000df10       sf_mex_getcell             000000018000ef10 f   sfc_mex:sfc_mex.obj
 0001:0000df20       sf_mex_dup                 000000018000ef20 f   sfc_mex:sfc_mex.obj
 0001:0000df40       sf_mex_assign              000000018000ef40 f   sfc_mex:sfc_mex.obj
 0001:0000dfc0       sf_mex_destroy             000000018000efc0 f   sfc_mex:sfc_mex.obj
 0001:0000dff0       mx_array_has_fi_type       000000018000eff0 f   sfc_mex:sfc_mex.obj
 0001:0000e020       sf_mex_convert_from_fi     000000018000f020 f   sfc_mex:sfc_mex.obj
 0001:0000e200       sf_mex_convert_to_double   000000018000f200 f   sfc_mex:sfc_mex.obj
 0001:0000e310       sf_mex_import_fi_vs        000000018000f310 f   sfc_mex:sfc_mex.obj
 0001:0000e520       sf_matrix_matrix_index_ok  000000018000f520 f   sfc_mex:sfc_mex.obj
 0001:0000e5b0       sf_vector_vector_index_ok  000000018000f5b0 f   sfc_mex:sfc_mex.obj
 0001:0000e5e0       ssGetCurrentInputPortDimensions_wrapper 000000018000f5e0 f   sfc_mex:sfc_mex.obj
 0001:0000e600       ssGetCurrentOutputPortDimensions_wrapper 000000018000f600 f   sfc_mex:sfc_mex.obj
 0001:0000e620       sf_mex_emlrt_context_is_debug_mode 000000018000f620 f   sfc_mex:sfc_mex.obj
 0001:0000e630       sf_mex_emlrt_context_set_debug_mode 000000018000f630 f   sfc_mex:sfc_mex.obj
 0001:0000e640       sf_mex_emlrtNameCapturePostProcessR2012a 000000018000f640 f   sfc_mex:sfc_mex.obj
 0001:0000e6b0       sf_clear_error_manager_info 000000018000f6b0 f   sfc_mex:sfc_mex.obj
 0001:0000e710       sf_mex_stop_simulation_abruptly_wo_error 000000018000f710 f   sfc_mex:sfc_mex.obj
 0001:0000e750       sf_mex_error_message       000000018000f750 f   sfc_mex:sfc_mex.obj
 0001:0000e7c0       sf_react_to_error_in_matlab_call 000000018000f7c0 f   sfc_mex:sfc_mex.obj
 0001:0000e7f0       sf_mex_addfield            000000018000f7f0 f   sfc_mex:sfc_mex.obj
 0001:0000e890       sf_mex_getfield            000000018000f890 f   sfc_mex:sfc_mex.obj
 0001:0000ec00       sf_mex_check_class         000000018000fc00 f   sfc_mex:sfc_mex.obj
 0001:0000ecf0       sf_mex_is_real             000000018000fcf0 f   sfc_mex:sfc_mex.obj
 0001:0000f4a0       sf_mex_decode_encoded_mx_cell_array 00000001800104a0 f   sfc_mex:sfc_mex.obj
 0001:0000f710       sf_mex_decode_encoded_mx_struct_array 0000000180010710 f   sfc_mex:sfc_mex.obj
 0001:0000f9e0       lw_bounds_error            00000001800109e0 f   sfc_mex:sfc_mex.obj
 0001:0000f9f0       sf_mex_lw_bounds_check     00000001800109f0 f   sfc_mex:sfc_mex.obj
 0001:0000fa20       sf_mex_lw_bounds_check_int64 0000000180010a20 f   sfc_mex:sfc_mex.obj
 0001:0000fa60       sf_mex_lw_size_eq_check_1d 0000000180010a60 f   sfc_mex:sfc_mex.obj
 0001:0000fa80       sf_mex_lw_size_eq_check_nd 0000000180010a80 f   sfc_mex:sfc_mex.obj
 0001:0000fc60       sf_mex_lw_dim_size_eq_check 0000000180010c60 f   sfc_mex:sfc_mex.obj
 0001:0000fc90       sf_mex_lw_dim_size_geq_check 0000000180010c90 f   sfc_mex:sfc_mex.obj
 0001:0000fcc0       sf_mex_lw_sub_assign_size_check_nd 0000000180010cc0 f   sfc_mex:sfc_mex.obj
 0001:0000fe70       sf_mex_lw_runtime_error_msgid 0000000180010e70 f   sfc_mex:sfc_mex.obj
 0001:0000ff60       sf_mex_lw_matrix_matrix_index_check 0000000180010f60 f   sfc_mex:sfc_mex.obj
 0001:0000ff80       sf_mex_lw_vector_vector_index_check 0000000180010f80 f   sfc_mex:sfc_mex.obj
 0001:0000ffc0       sf_mex_lw_for_loop_vector_check 0000000180010fc0 f   sfc_mex:sfc_mex.obj
 0001:00010040       sf_mex_lw_non_negative_check 0000000180011040 f   sfc_mex:sfc_mex.obj
 0001:00010080       sf_mex_overflow_error      0000000180011080 f   sfc_mex:sfc_mex.obj
 0001:00010090       sf_mex_dividebyzero_error  0000000180011090 f   sfc_mex:sfc_mex.obj
 0001:000100a0       sf_mex_unsafe_enum_error   00000001800110a0 f   sfc_mex:sfc_mex.obj
 0001:000100b0       sf_emlrtErrHandler         00000001800110b0 f   sfc_mex:sfc_mex.obj
 0001:00010170       sf_mex_size_one_check      0000000180011170 f   sfc_mex:sfc_mex.obj
 0001:00010190       sf_mex_printf              0000000180011190 f   sfc_mex:sfc_mex.obj
 0001:000103e0       sf_mex_check_size          00000001800113e0 f   sfc_mex:sfc_mex.obj
 0001:00010720       sf_mex_check_struct        0000000180011720 f   sfc_mex:sfc_mex.obj
 0001:00010940       sf_mex_check_struct_vs     0000000180011940 f   sfc_mex:sfc_mex.obj
 0001:000109d0       sf_mex_check_fi            00000001800119d0 f   sfc_mex:sfc_mex.obj
 0001:00010b60       sf_mex_check_fi_vs         0000000180011b60 f   sfc_mex:sfc_mex.obj
 0001:00010c00       sf_echo_expression         0000000180011c00 f   sfc_mex:sfc_mex.obj
 0001:00010c60       sf_assertion_failed        0000000180011c60 f   sfc_mex:sfc_mex.obj
 0001:00010f30       sf_mex_evalin              0000000180011f30 f   sfc_mex:sfc_mex.obj
 0001:00011280       sf_mex_export              0000000180012280 f   sfc_mex:sfc_mex.obj
 0001:00011340       sf_mex_get_ml_var_no_error 0000000180012340 f   sfc_mex:sfc_mex.obj
 0001:00011580       sf_mex_get_ml_var          0000000180012580 f   sfc_mex:sfc_mex.obj
 0001:00011a80       ml_set_element_value_in_array 0000000180012a80 f   sfc_mex:sfc_mex.obj
 0001:000133f0       sf_mex_call_impl           00000001800143f0 f   sfc_mex:sfc_mex.obj
 0001:00013810       sf_mex_call_debug          0000000180014810 f   sfc_mex:sfc_mex.obj
 0001:00013840       sf_mex_call                0000000180014840 f   sfc_mex:sfc_mex.obj
 0001:00013f50       sf_mex_createstruct        0000000180014f50 f   sfc_mex:sfc_mex.obj
 0001:00014040       sf_mex_createstructarray   0000000180015040 f   sfc_mex:sfc_mex.obj
 0001:000140c0       sf_mex_get_mx_datatype_from_sf_datatype 00000001800150c0 f   sfc_mex:sfc_mex.obj
 0001:000143d0       sf_mex_ml_var_sub          00000001800153d0 f   sfc_mex:sfc_mex.obj
 0001:000145e0       sf_mex_ml_var_subsasgn     00000001800155e0 f   sfc_mex:sfc_mex.obj
 0001:000149a0       sf_mex_sub                 00000001800159a0 f   sfc_mex:sfc_mex.obj
 0001:00014be0       sf_mex_subsasgn            0000000180015be0 f   sfc_mex:sfc_mex.obj
 0001:00015050       sf_mex_create              0000000180016050 f   sfc_mex:sfc_mex.obj
 0001:000159c0       sf_mex_import_named        00000001800169c0 f   sfc_mex:sfc_mex.obj
 0001:00015a20       sf_mex_import              0000000180016a20 f   sfc_mex:sfc_mex.obj
 0001:00015a70       sf_mex_import_vs           0000000180016a70 f   sfc_mex:sfc_mex.obj
 0001:00015b80       sf_mex_lower_fixpt_mx_array 0000000180016b80 f   sfc_mex:sfc_mex.obj
 0001:00015eb0       sf_debug_chart_instance_initialized_quick 0000000180016eb0 f   sfc_debug:sfcdebug.obj
 0001:00015f30       sf_debug_disp              0000000180016f30 f   sfc_debug:sfcdebug.obj
 0001:000161c0       sf_debug_data_runtime_size_mismatch_error_check 00000001800171c0 f   sfc_debug:sfcdebug.obj
 0001:00016270       sf_debug_try_loading_machine 0000000180017270 f   sfc_debug:sfcdebug.obj
 0001:00016370       sf_debug_reset_current_state_configuration 0000000180017370 f   sfc_debug:sfcdebug.obj
 0001:000163f0       sf_debug_store_current_state_configuration 00000001800173f0 f   sfc_debug:sfcdebug.obj
 0001:00016470       sf_debug_restore_previous_state_configuration 0000000180017470 f   sfc_debug:sfcdebug.obj
 0001:000164f0       sf_debug_restore_previous_state_configuration2 00000001800174f0 f   sfc_debug:sfcdebug.obj
 0001:00016570       sf_debug_get_event_scope   0000000180017570 f   sfc_debug:sfcdebug.obj
 0001:000166e0       use_debugger_step_animation 00000001800176e0 f   sfc_debug:sfcdebug.obj
 0001:00016700       sf_debug_get_script_id     0000000180017700 f   sfc_debug:sfcdebug.obj
 0001:00016790       sf_debug_set_script_translation 0000000180017790 f   sfc_debug:sfcdebug.obj
 0001:00016920       sf_debug_extract_message_post_receive_info 0000000180017920 f   sfc_debug:sfcdebug.obj
 0001:00016b70       sf_debug_get_current_machine_id 0000000180017b70 f   sfc_debug:sfcdebug.obj
 0001:00016b90       sf_debug_get_current_optional_integer 0000000180017b90 f   sfc_debug:sfcdebug.obj
 0001:00016ba0       sf_debug_get_current_machine_number 0000000180017ba0 f   sfc_debug:sfcdebug.obj
 0001:00016bc0       sf_debug_get_current_machine_name 0000000180017bc0 f   sfc_debug:sfcdebug.obj
 0001:00016be0       sf_debug_get_current_chart_id 0000000180017be0 f   sfc_debug:sfcdebug.obj
 0001:00016c20       sf_debug_get_current_chart_number 0000000180017c20 f   sfc_debug:sfcdebug.obj
 0001:00016c30       sf_debug_get_current_instance_number 0000000180017c30 f   sfc_debug:sfcdebug.obj
 0001:00016c40       sf_debug_get_current_is_minor_time_step 0000000180017c40 f   sfc_debug:sfcdebug.obj
 0001:00016cc0       sf_debug_get_current_object_type 0000000180017cc0 f   sfc_debug:sfcdebug.obj
 0001:00016cd0       sf_debug_get_current_instance_handle 0000000180017cd0 f   sfc_debug:sfcdebug.obj
 0001:00016d30       sf_debug_get_current_event_type 0000000180017d30 f   sfc_debug:sfcdebug.obj
 0001:00016d40       sf_debug_get_current_object_id 0000000180017d40 f   sfc_debug:sfcdebug.obj
 0001:00016d80       sf_debug_get_current_active_event_type 0000000180017d80 f   sfc_debug:sfcdebug.obj
 0001:00016d90       sf_debug_get_current_active_event_id 0000000180017d90 f   sfc_debug:sfcdebug.obj
 0001:00016dd0       sf_debug_get_current_tag_type 0000000180017dd0 f   sfc_debug:sfcdebug.obj
 0001:00016de0       sf_debug_get_current_simulation_time 0000000180017de0 f   sfc_debug:sfcdebug.obj
 0001:00016df0       sf_debug_current_statement_context 0000000180017df0 f   sfc_debug:sfcdebug.obj
 0001:000170d0       sf_debug_assertion_failed  00000001800180d0 f   sfc_debug:sfcdebug.obj
 0001:00017280       sf_debug_create_debug_instance_struct 0000000180018280 f   sfc_debug:sfcdebug.obj
 0001:000172d0       sf_debug_set_number_of_data_with_change_event_for_machine 00000001800182d0 f   sfc_debug:sfcdebug.obj
 0001:00017320       sf_debug_set_machine_event_thresholds 0000000180018320 f   sfc_debug:sfcdebug.obj
 0001:00017340       sf_debug_set_machine_event_scope 0000000180018340 f   sfc_debug:sfcdebug.obj
 0001:00017390       sf_debug_set_machine_data_thresholds 0000000180018390 f   sfc_debug:sfcdebug.obj
 0001:000173e0       sf_debug_set_machine_data_scope 00000001800183e0 f   sfc_debug:sfcdebug.obj
 0001:00017480       sf_debug_set_machine_data_name 0000000180018480 f   sfc_debug:sfcdebug.obj
 0001:00017530       sf_debug_set_machine_data_size 0000000180018530 f   sfc_debug:sfcdebug.obj
 0001:00017680       sf_debug_set_machine_data_type 0000000180018680 f   sfc_debug:sfcdebug.obj
 0001:000177f0       sf_debug_get_chart_data_number 00000001800187f0 f   sfc_debug:sfcdebug.obj
 0001:00017810       sf_debug_get_chart_event_number 0000000180018810 f   sfc_debug:sfcdebug.obj
 0001:00017830       sf_debug_set_chart_state_info 0000000180018830 f   sfc_debug:sfcdebug.obj
 0001:000178c0       sf_debug_set_chart_decomposition 00000001800188c0 f   sfc_debug:sfcdebug.obj
 0001:00017930       sf_debug_set_chart_substate_count 0000000180018930 f   sfc_debug:sfcdebug.obj
 0001:00017a10       sf_debug_set_chart_substate_index 0000000180018a10 f   sfc_debug:sfcdebug.obj
 0001:00017a90       sf_debug_set_chart_state_substate_count 0000000180018a90 f   sfc_debug:sfcdebug.obj
 0001:00017bb0       sf_debug_set_chart_state_substate_index 0000000180018bb0 f   sfc_debug:sfcdebug.obj
 0001:00017c40       sf_debug_set_number_of_data_with_change_event_for_chart 0000000180018c40 f   sfc_debug:sfcdebug.obj
 0001:00017cd0       sf_debug_set_number_of_states_with_entry_event_for_chart 0000000180018cd0 f   sfc_debug:sfcdebug.obj
 0001:00017d50       sf_debug_set_number_of_states_with_exit_event_for_chart 0000000180018d50 f   sfc_debug:sfcdebug.obj
 0001:00017dd0       sf_debug_set_chart_disable_implicit_casting 0000000180018dd0 f   sfc_debug:sfcdebug.obj
 0001:00017e40       sf_debug_set_chart_event_thresholds 0000000180018e40 f   sfc_debug:sfcdebug.obj
 0001:00017ec0       sf_debug_set_chart_data_compiled_props 0000000180018ec0 f   sfc_debug:sfcdebug.obj
 0001:00018200       sf_debug_set_chart_data_props 0000000180019200 f   sfc_debug:sfcdebug.obj
 0001:00018520       sf_debug_check_fi_license  0000000180019520 f   sfc_debug:sfcdebug.obj
 0001:000186d0       sf_debug_symbol_scope_push 00000001800196d0 f   sfc_debug:sfcdebug.obj
 0001:00018710       sf_debug_symbol_scope_push_eml 0000000180019710 f   sfc_debug:sfcdebug.obj
 0001:00018760       sf_debug_symbol_scope_pop  0000000180019760 f   sfc_debug:sfcdebug.obj
 0001:000187a0       sf_debug_symbol_scope_add_importable 00000001800197a0 f   sfc_debug:sfcdebug.obj
 0001:00018820       sf_debug_symbol_scope_add  0000000180019820 f   sfc_debug:sfcdebug.obj
 0001:000188a0       sf_debug_symbol_scope_add_dyn_importable 00000001800198a0 f   sfc_debug:sfcdebug.obj
 0001:00018960       sf_debug_symbol_scope_add_dyn 0000000180019960 f   sfc_debug:sfcdebug.obj
 0001:000189a0       sf_debug_symbol_scope_add_eml_importable 00000001800199a0 f   sfc_debug:sfcdebug.obj
 0001:000189e0       sf_debug_symbol_scope_add_eml 00000001800199e0 f   sfc_debug:sfcdebug.obj
 0001:00018a20       sf_debug_symbol_scope_add_eml_dyn_importable 0000000180019a20 f   sfc_debug:sfcdebug.obj
 0001:00018a80       sf_debug_symbol_scope_add_eml_dyn 0000000180019a80 f   sfc_debug:sfcdebug.obj
 0001:00018ae0       sf_debug_symbol_switch     0000000180019ae0 f   sfc_debug:sfcdebug.obj
 0001:00018b00       sf_debug_symbol_scope_add_verbose 0000000180019b00 f   sfc_debug:sfcdebug.obj
 0001:00018bd0       sf_debug_set_machine_data_value_ptr 0000000180019bd0 f   sfc_debug:sfcdebug.obj
 0001:00018c10       sf_debug_set_instance_data_value_ptr 0000000180019c10 f   sfc_debug:sfcdebug.obj
 0001:00018ce0       sf_debug_unset_instance_data_value_ptr 0000000180019ce0 f   sfc_debug:sfcdebug.obj
 0001:00018d90       sf_debug_set_chart_event_scope 0000000180019d90 f   sfc_debug:sfcdebug.obj
 0001:00018fb0       sf_debug_unload_machine    0000000180019fb0 f   sfc_debug:sfcdebug.obj
 0001:00019000       sf_debug_load_machine      000000018001a000 f   sfc_debug:sfcdebug.obj
 0001:00019110       sf_debug_set_active_instance_in_data_dictionary 000000018001a110 f   sfc_debug:sfcdebug.obj
 0001:000192f0       sf_debug_set_active_instance 000000018001a2f0 f   sfc_debug:sfcdebug.obj
 0001:00019450       sf_debug_chart_visiblity_change 000000018001a450 f   sfc_debug:sfcdebug.obj
 0001:00019540       sf_debug_select_chart      000000018001a540 f   sfc_debug:sfcdebug.obj
 0001:000196a0       sf_debug_set_instance_cv_ids 000000018001a6a0 f   sfc_debug:sfcdebug.obj
 0001:00019960       sf_debug_select_charts     000000018001a960 f   sfc_debug:sfcdebug.obj
 0001:00019b10       sf_debug_initialized       000000018001ab10 f   sfc_debug:sfcdebug.obj
 0001:00019b30       sf_debug_initialize_debugger_gui 000000018001ab30 f   sfc_debug:sfcdebug.obj
 0001:00019f10       sf_debug_resume            000000018001af10 f   sfc_debug:sfcdebug.obj
 0001:00019f30       sf_debug_go                000000018001af30 f   sfc_debug:sfcdebug.obj
 0001:00019f40       sf_debug_break             000000018001af40 f   sfc_debug:sfcdebug.obj
 0001:00019f50       sf_debug_step_over         000000018001af50 f   sfc_debug:sfcdebug.obj
 0001:00019f60       sf_debug_step_out          000000018001af60 f   sfc_debug:sfcdebug.obj
 0001:00019f70       sf_debug_set_disable_all_breakpoints 000000018001af70 f   sfc_debug:sfcdebug.obj
 0001:00019f80       sf_debug_disable_all_breakpoints_and_go 000000018001af80 f   sfc_debug:sfcdebug.obj
 0001:00019f90       sf_debug_break_on_chart_entry 000000018001af90 f   sfc_debug:sfcdebug.obj
 0001:00019fa0       sf_debug_break_on_event_broadcast 000000018001afa0 f   sfc_debug:sfcdebug.obj
 0001:00019fb0       sf_debug_break_on_state_entry 000000018001afb0 f   sfc_debug:sfcdebug.obj
 0001:00019fc0       sf_debug_break_between_times 000000018001afc0 f   sfc_debug:sfcdebug.obj
 0001:00019fe0       sf_debug_browse_data       000000018001afe0 f   sfc_debug:sfcdebug.obj
 0001:00019ff0       sf_debug_watch_data        000000018001aff0 f   sfc_debug:sfcdebug.obj
 0001:0001a020       sf_debug_assign_data       000000018001b020 f   sfc_debug:sfcdebug.obj
 0001:0001a030       sf_debug_whos              000000018001b030 f   sfc_debug:sfcdebug.obj
 0001:0001a050       sf_debug_get_consistency_info 000000018001b050 f   sfc_debug:sfcdebug.obj
 0001:0001a060       sf_debug_browse_trace      000000018001b060 f   sfc_debug:sfcdebug.obj
 0001:0001a070       sf_debug_set_breakpoints   000000018001b070 f   sfc_debug:sfcdebug.obj
 0001:0001a1d0       sf_debug_set_eml_breakpoints 000000018001b1d0 f   sfc_debug:sfcdebug.obj
 0001:0001a330       sf_debug_set_script_breakpoints 000000018001b330 f   sfc_debug:sfcdebug.obj
 0001:0001a3b0       sf_debug_add_script_breakpoints 000000018001b3b0 f   sfc_debug:sfcdebug.obj
 0001:0001a420       sf_debug_clear_script_breakpoints 000000018001b420 f   sfc_debug:sfcdebug.obj
 0001:0001a490       sf_debug_query_script_breakpoints 000000018001b490 f   sfc_debug:sfcdebug.obj
 0001:0001a540       sf_debug_get_eml_script_id 000000018001b540 f   sfc_debug:sfcdebug.obj
 0001:0001a590       sf_debug_set_watch         000000018001b590 f   sfc_debug:sfcdebug.obj
 0001:0001a7b0       sf_debug_get_instance_handle 000000018001b7b0 f   sfc_debug:sfcdebug.obj
 0001:0001a840       sf_debug_get_active_states 000000018001b840 f   sfc_debug:sfcdebug.obj
 0001:0001a850       sf_debug_set_honor_breakpoints 000000018001b850 f   sfc_debug:sfcdebug.obj
 0001:0001a860       sf_debug_get_animation     000000018001b860 f   sfc_debug:sfcdebug.obj
 0001:0001a870       sf_debug_set_animation     000000018001b870 f   sfc_debug:sfcdebug.obj
 0001:0001a880       sf_debug_animate           000000018001b880 f   sfc_debug:sfcdebug.obj
 0001:0001a8a0       sf_debug_cycle_detection_check 000000018001b8a0 f   sfc_debug:sfcdebug.obj
 0001:0001a8b0       sf_debug_data_range_check  000000018001b8b0 f   sfc_debug:sfcdebug.obj
 0001:0001a8c0       sf_debug_transition_conflict_check 000000018001b8c0 f   sfc_debug:sfcdebug.obj
 0001:0001a8d0       sf_debug_state_consistency_check 000000018001b8d0 f   sfc_debug:sfcdebug.obj
 0001:0001a8e0       sf_debug_data_range_check_enabled 000000018001b8e0 f   sfc_debug:sfcdebug.obj
 0001:0001a900       sf_debug_transition_conflict_check_enabled 000000018001b900 f   sfc_debug:sfcdebug.obj
 0001:0001a920       sf_debug_transition_conflict_check_begin 000000018001b920 f   sfc_debug:sfcdebug.obj
 0001:0001a940       sf_debug_transition_conflict_check_end 000000018001b940 f   sfc_debug:sfcdebug.obj
 0001:0001a960       sf_debug_stop_debugging    000000018001b960 f   sfc_debug:sfcdebug.obj
 0001:0001a990       sf_debug_is_cycle_detected 000000018001b990 f   sfc_debug:sfcdebug.obj
 0001:0001a9a0       sf_debug_is_array_bounds_detected 000000018001b9a0 f   sfc_debug:sfcdebug.obj
 0001:0001ab40       sf_debug_get_script_index  000000018001bb40 f   sfc_debug:sfcdebug.obj
 0001:0001acd0       sf_debug_add_script        000000018001bcd0 f   sfc_debug:sfcdebug.obj
 0001:0001ae60       cv_eval_point              000000018001be60 f   sfc_debug:sfcdebug.obj
 0001:0001afc0       cv_eval_testobjective      000000018001bfc0 f   sfc_debug:sfcdebug.obj
 0001:0001b0d0       sf_debug_cv_init_state     000000018001c0d0 f   sfc_debug:sfcdebug.obj
 0001:0001b200       sf_debug_cv_init_chart     000000018001c200 f   sfc_debug:sfcdebug.obj
 0001:0001b2f0       sf_debug_cv_init_trans     000000018001c2f0 f   sfc_debug:sfcdebug.obj
 0001:0001b400       sf_debug_cv_init_saturation 000000018001c400 f   sfc_debug:sfcdebug.obj
 0001:0001b500       sf_debug_cv_init_relationalop 000000018001c500 f   sfc_debug:sfcdebug.obj
 0001:0001b620       sf_debug_cv_init_testobjectives 000000018001c620 f   sfc_debug:sfcdebug.obj
 0001:0001b800       cv_eml_init_script         000000018001c800 f   sfc_debug:sfcdebug.obj
 0001:0001b920       cv_eml_init_fcn            000000018001c920 f   sfc_debug:sfcdebug.obj
 0001:0001ba30       cv_eml_init_testobjective  000000018001ca30 f   sfc_debug:sfcdebug.obj
 0001:0001bb10       cv_eml_init_saturation     000000018001cb10 f   sfc_debug:sfcdebug.obj
 0001:0001bbe0       cv_eml_init_if             000000018001cbe0 f   sfc_debug:sfcdebug.obj
 0001:0001bcc0       cv_eml_init_for            000000018001ccc0 f   sfc_debug:sfcdebug.obj
 0001:0001bd90       cv_eml_init_while          000000018001cd90 f   sfc_debug:sfcdebug.obj
 0001:0001be60       cv_eml_init_mcdc           000000018001ce60 f   sfc_debug:sfcdebug.obj
 0001:0001bf80       cv_eml_init_relational     000000018001cf80 f   sfc_debug:sfcdebug.obj
 0001:0001c050       cv_eml_init_switch         000000018001d050 f   sfc_debug:sfcdebug.obj
 0001:0001c150       cv_eml_eval                000000018001d150 f   sfc_debug:sfcdebug.obj
 0001:0001c240       sf_debug_bm_is_a_eml_breakpoint 000000018001d240 f   sfc_debug:sfcdebug.obj
 0001:0001c390       sf_debug_temporal_threshold 000000018001d390 f   sfc_debug:sfcdebug.obj
 0001:0001c700       sf_debug_transition_conflict_error 000000018001d700 f   sfc_debug:sfcdebug.obj
 0001:0001ca60       sf_debug_state_inconsistency_error 000000018001da60 f   sfc_debug:sfcdebug.obj
 0001:0001cb80       sf_debug_check_for_state_inconsistency 000000018001db80 f   sfc_debug:sfcdebug.obj
 0001:0001cbc0       sf_debug_cycle_detecton_error 000000018001dbc0 f   sfc_debug:sfcdebug.obj
 0001:0001d2f0       sf_debug_size_eq_check_1d  000000018001e2f0 f   sfc_debug:sfcdebug.obj
 0001:0001d310       sf_debug_size_eq_check_nd  000000018001e310 f   sfc_debug:sfcdebug.obj
 0001:0001d4f0       sf_debug_dim_size_eq_check 000000018001e4f0 f   sfc_debug:sfcdebug.obj
 0001:0001d520       sf_debug_dim_size_geq_check 000000018001e520 f   sfc_debug:sfcdebug.obj
 0001:0001d550       sf_debug_sub_assign_size_check_nd 000000018001e550 f   sfc_debug:sfcdebug.obj
 0001:0001d720       sf_debug_matrix_matrix_index_check 000000018001e720 f   sfc_debug:sfcdebug.obj
 0001:0001d770       sf_debug_vector_vector_index_check 000000018001e770 f   sfc_debug:sfcdebug.obj
 0001:0001d7c0       sf_debug_for_loop_vector_check 000000018001e7c0 f   sfc_debug:sfcdebug.obj
 0001:0001d850       sf_debug_runtime_error_msgid 000000018001e850 f   sfc_debug:sfcdebug.obj
 0001:0001d8d0       sf_debug_data_array_bounds_error_check 000000018001e8d0 f   sfc_debug:sfcdebug.obj
 0001:0001da00       sf_debug_eml_data_array_bounds_error_check_int64 000000018001ea00 f   sfc_debug:sfcdebug.obj
 0001:0001db90       sf_debug_eml_data_array_bounds_error_check 000000018001eb90 f   sfc_debug:sfcdebug.obj
 0001:0001e060       sf_debug_integer_check     000000018001f060 f   sfc_debug:sfcdebug.obj
 0001:0001e150       sf_debug_not_nan_check     000000018001f150 f   sfc_debug:sfcdebug.obj
 0001:0001e220       sf_debug_non_negative_check 000000018001f220 f   sfc_debug:sfcdebug.obj
 0001:0001e2f0       sf_debug_overflow_detection 000000018001f2f0 f   sfc_debug:sfcdebug.obj
 0001:0001e950       sf_debug_cast_to_real32_T  000000018001f950 f   sfc_debug:sfcdebug.obj
 0001:0001ea20       sf_debug_cast_to_int8_T    000000018001fa20 f   sfc_debug:sfcdebug.obj
 0001:0001eaf0       sf_debug_cast_to_uint8_T   000000018001faf0 f   sfc_debug:sfcdebug.obj
 0001:0001ebc0       sf_debug_cast_to_int16_T   000000018001fbc0 f   sfc_debug:sfcdebug.obj
 0001:0001ec90       sf_debug_cast_to_uint16_T  000000018001fc90 f   sfc_debug:sfcdebug.obj
 0001:0001ed60       sf_debug_cast_to_int32_T   000000018001fd60 f   sfc_debug:sfcdebug.obj
 0001:0001ee30       sf_debug_cast_to_uint32_T  000000018001fe30 f   sfc_debug:sfcdebug.obj
 0001:0001ef00       sf_debug_data_range_error  000000018001ff00 f   sfc_debug:sfcdebug.obj
 0001:0001f210       sf_debug_read_before_write_check 0000000180020210 f   sfc_debug:sfcdebug.obj
 0001:0001f640       sf_debug_data_range_error_wrapper_min_max 0000000180020640 f   sfc_debug:sfcdebug.obj
 0001:0001f760       sf_debug_data_range_error_wrapper_min 0000000180020760 f   sfc_debug:sfcdebug.obj
 0001:0001f870       sf_debug_data_range_error_wrapper_max 0000000180020870 f   sfc_debug:sfcdebug.obj
 0001:0001f980       sf_debug_data_range_wrapper 0000000180020980 f   sfc_debug:sfcdebug.obj
 0001:0001fa40       sf_debug_set_current_status_info 0000000180020a40 f   sfc_debug:sfcdebug.obj
 0001:0001fc60       sf_debug_register_message_post_receive_info 0000000180020c60 f   sfc_debug:sfcdebug.obj
 0001:0001feb0       sf_debug_call              0000000180020eb0 f   sfc_debug:sfcdebug.obj
 0001:000207a0       sf_debug_initialize_machine 00000001800217a0 f   sfc_debug:sfcdebug.obj
 0001:00020a40       sf_debug_initialize_chart  0000000180021a40 f   sfc_debug:sfcdebug.obj
 0001:00020f80       sf_debug_ensure_script     0000000180021f80 f   sfc_debug:sfcdebug.obj
 0001:00021030       cv_eval_saturation         0000000180022030 f   sfc_debug:sfcdebug.obj
 0001:000211d0       cv_saturation_accum        00000001800221d0 f   sfc_debug:sfcdebug.obj
 0001:00021310       cv_eval_relational         0000000180022310 f   sfc_debug:sfcdebug.obj
 0001:00021480       cv_script_init_script      0000000180022480 f   sfc_debug:sfcdebug.obj
 0001:00021570       cv_script_init_fcn         0000000180022570 f   sfc_debug:sfcdebug.obj
 0001:00021630       cv_script_init_testobjective 0000000180022630 f   sfc_debug:sfcdebug.obj
 0001:000216f0       cv_script_init_saturation  00000001800226f0 f   sfc_debug:sfcdebug.obj
 0001:000217a0       cv_script_init_if          00000001800227a0 f   sfc_debug:sfcdebug.obj
 0001:00021860       cv_script_init_for         0000000180022860 f   sfc_debug:sfcdebug.obj
 0001:00021910       cv_script_init_while       0000000180022910 f   sfc_debug:sfcdebug.obj
 0001:000219c0       cv_script_init_mcdc        00000001800229c0 f   sfc_debug:sfcdebug.obj
 0001:00021ac0       cv_script_init_relational  0000000180022ac0 f   sfc_debug:sfcdebug.obj
 0001:00021b80       cv_script_init_switch      0000000180022b80 f   sfc_debug:sfcdebug.obj
 0001:00021c60       cv_script_eval             0000000180022c60 f   sfc_debug:sfcdebug.obj
 0001:00021d30       eml_debug_line_call        0000000180022d30 f   sfc_debug:sfcdebug.obj
 0001:00021f00       sf_debug_terminate         0000000180022f00 f   sfc_debug:sfcdebug.obj
 0001:00022110       sf_debug_set_script_cv_ids 0000000180023110 f   sfc_debug:sfcdebug.obj
 0001:00022240       sf_debug_api               0000000180023240 f   sfc_debug:sfc_api.obj
 0001:00023a00       sf_debug_sm_terminate      0000000180024a00 f   sfc_debug:sfdb_animation.obj
 0001:00023bb0       sf_debug_reset_path_objects 0000000180024bb0 f   sfc_debug:sfdb_animation.obj
 0001:00023c30       sf_debug_sm_reset_object_selection_status 0000000180024c30 f   sfc_debug:sfdb_animation.obj
 0001:00023cd0       sf_debug_sm_reset_state_buffer 0000000180024cd0 f   sfc_debug:sfdb_animation.obj
 0001:00023da0       sf_debug_sm_store_state_buffer 0000000180024da0 f   sfc_debug:sfdb_animation.obj
 0001:00023e20       sf_debug_sm_restore_state_buffer1 0000000180024e20 f   sfc_debug:sfdb_animation.obj
 0001:00023e90       sf_debug_sm_restore_state_buffer2 0000000180024e90 f   sfc_debug:sfdb_animation.obj
 0001:00023f00       sf_debug_sm_chart_active   0000000180024f00 f   sfc_debug:sfdb_animation.obj
 0001:00023f50       sf_debug_sm_select_active_objects 0000000180024f50 f   sfc_debug:sfdb_animation.obj
 0001:00024420       sf_debug_sm_is_chart_active 0000000180025420 f   sfc_debug:sfdb_animation.obj
 0001:00024460       sf_debug_sm_is_state_active 0000000180025460 f   sfc_debug:sfdb_animation.obj
 0001:000246a0       sf_debug_sm_get_active_states 00000001800256a0 f   sfc_debug:sfdb_animation.obj
 0001:00024c50       sf_debug_sm_initialize_instance 0000000180025c50 f   sfc_debug:sfdb_animation.obj
 0001:00024e60       sf_debug_sm_change_object_selection_status 0000000180025e60 f   sfc_debug:sfdb_animation.obj
 0001:00025130       cv_create_interface        0000000180026130 f   sfc_debug:cv_sfinterface.obj
 0001:00025440       cv_init_trans              0000000180026440 f   sfc_debug:cv_sfinterface.obj
 0001:00025490       cv_init_saturation         0000000180026490 f   sfc_debug:cv_sfinterface.obj
 0001:000254d0       cv_init_relationalop       00000001800264d0 f   sfc_debug:cv_sfinterface.obj
 0001:00025520       cv_init_testobjective      0000000180026520 f   sfc_debug:cv_sfinterface.obj
 0001:00025560       cv_init_state              0000000180026560 f   sfc_debug:cv_sfinterface.obj
 0001:000255d0       cv_init_chart              00000001800265d0 f   sfc_debug:cv_sfinterface.obj
 0001:00025620       cv_dec_update_call         0000000180026620 f   sfc_debug:cv_sfinterface.obj
 0001:00025660       cv_cond_update_call        0000000180026660 f   sfc_debug:cv_sfinterface.obj
 0001:000256a0       cv_saturation_update_call  00000001800266a0 f   sfc_debug:cv_sfinterface.obj
 0001:000256e0       cv_saturation_update_accum 00000001800266e0 f   sfc_debug:cv_sfinterface.obj
 0001:00025720       cv_testobjective_update_call 0000000180026720 f   sfc_debug:cv_sfinterface.obj
 0001:00025760       cv_sigrange_update         0000000180026760 f   sfc_debug:cv_sfinterface.obj
 0001:000257a0       cvsf_eml_eval              00000001800267a0 f   sfc_debug:cv_sfinterface.obj
 0001:00025880       cvsf_eval_relational       0000000180026880 f   sfc_debug:cv_sfinterface.obj
 0001:000258d0       cvsf_eml_init_script       00000001800268d0 f   sfc_debug:cv_sfinterface.obj
 0001:00025960       cvsf_eml_init_fcn          0000000180026960 f   sfc_debug:cv_sfinterface.obj
 0001:000259c0       cvsf_eml_init_testobjective 00000001800269c0 f   sfc_debug:cv_sfinterface.obj
 0001:00025a20       cvsf_eml_init_saturation   0000000180026a20 f   sfc_debug:cv_sfinterface.obj
 0001:00025a70       cvsf_eml_init_if           0000000180026a70 f   sfc_debug:cv_sfinterface.obj
 0001:00025ad0       cvsf_eml_init_for          0000000180026ad0 f   sfc_debug:cv_sfinterface.obj
 0001:00025b20       cvsf_eml_init_while        0000000180026b20 f   sfc_debug:cv_sfinterface.obj
 0001:00025b70       cvsf_eml_init_mcdc         0000000180026b70 f   sfc_debug:cv_sfinterface.obj
 0001:00025c00       cvsf_eml_init_relational   0000000180026c00 f   sfc_debug:cv_sfinterface.obj
 0001:00025c50       cvsf_eml_init_switch       0000000180026c50 f   sfc_debug:cv_sfinterface.obj
 0001:00025cc0       cvsf_script_eval           0000000180026cc0 f   sfc_debug:cv_sfinterface.obj
 0001:00025da0       cvsf_script_init_script    0000000180026da0 f   sfc_debug:cv_sfinterface.obj
 0001:00025e30       cvsf_script_init_fcn       0000000180026e30 f   sfc_debug:cv_sfinterface.obj
 0001:00025e90       cvsf_script_init_testobjective 0000000180026e90 f   sfc_debug:cv_sfinterface.obj
 0001:00025ef0       cvsf_script_init_saturation 0000000180026ef0 f   sfc_debug:cv_sfinterface.obj
 0001:00025f40       cvsf_script_init_if        0000000180026f40 f   sfc_debug:cv_sfinterface.obj
 0001:00025fa0       cvsf_script_init_for       0000000180026fa0 f   sfc_debug:cv_sfinterface.obj
 0001:00025ff0       cvsf_script_init_while     0000000180026ff0 f   sfc_debug:cv_sfinterface.obj
 0001:00026040       cvsf_script_init_mcdc      0000000180027040 f   sfc_debug:cv_sfinterface.obj
 0001:000260d0       cvsf_script_init_relational 00000001800270d0 f   sfc_debug:cv_sfinterface.obj
 0001:00026120       cvsf_script_init_switch    0000000180027120 f   sfc_debug:cv_sfinterface.obj
 0001:00026190       cv_destroy_interface       0000000180027190 f   sfc_debug:cv_sfinterface.obj
 0001:000261b0       cv_create_instance_objects 00000001800271b0 f   sfc_debug:cv_sfinterface.obj
 0001:00026620       cv_is_enabled              0000000180027620 f   sfc_debug:cv_sfinterface.obj
 0001:00026630       sf_debug_cv_initialize_script 0000000180027630 f   sfc_debug:cv_sfinterface.obj
 0001:000267c0       sf_debug_cv_initialize_instance 00000001800277c0 f   sfc_debug:cv_sfinterface.obj
 0001:00026b50       sf_debug_cv_terminate_chart 0000000180027b50 f   sfc_debug:cv_sfinterface.obj
 0001:00026c70       sf_debug_st_initialize_machine 0000000180027c70 f   sfc_debug:sfdb_data_browse.obj
 0001:00026d20       sf_debug_st_initialize_instance 0000000180027d20 f   sfc_debug:sfdb_data_browse.obj
 0001:00026f30       sf_debug_st_terminate      0000000180027f30 f   sfc_debug:sfdb_data_browse.obj
 0001:000272d0       sf_debug_st_set_data_value_ptr_in_machine 00000001800282d0 f   sfc_debug:sfdb_data_browse.obj
 0001:00027360       sf_debug_st_set_data_value_ptr_in_instance 0000000180028360 f   sfc_debug:sfdb_data_browse.obj
 0001:00027440       sf_debug_st_unset_data_value_ptr_in_machine 0000000180028440 f   sfc_debug:sfdb_data_browse.obj
 0001:000274b0       sf_debug_st_unset_data_value_ptr_in_instance 00000001800284b0 f   sfc_debug:sfdb_data_browse.obj
 0001:00027770       sf_debug_mx_value          0000000180028770 f   sfc_debug:sfdb_data_browse.obj
 0001:000277d0       sf_debug_mx_packed_vector  00000001800287d0 f   sfc_debug:sfdb_data_browse.obj
 0001:000278b0       sf_debug_mx_uint_vector    00000001800288b0 f   sfc_debug:sfdb_data_browse.obj
 0001:00027960       sf_debug_st_get_double_value_from_void_ptr_vector 0000000180028960 f   sfc_debug:sfdb_data_browse.obj
 0001:00028430       sf_debug_st_browse_data    0000000180029430 f   sfc_debug:sfdb_data_browse.obj
 0001:00028c50       sf_debug_hm_initialize_instance 0000000180029c50 f   sfc_debug:sfdb_handle_management.obj
 0001:00029130       sf_debug_hm_get_object_id  000000018002a130 f   sfc_debug:sfdb_handle_management.obj
 0001:00029ce0       sf_debug_hm_update_chart_visibility 000000018002ace0 f   sfc_debug:sfdb_handle_management.obj
 0001:0002ae60       sf_debug_object_is_eml_function 000000018002be60 f   sfc_debug:sfdb_handle_management.obj
 0001:0002aed0       sf_debug_hm_initialize_ids_in_machine 000000018002bed0 f   sfc_debug:sfdb_handle_management.obj
 0001:0002b040       sf_debug_hm_initialize_ids_in_chart 000000018002c040 f   sfc_debug:sfdb_handle_management.obj
 0001:0002b140       sf_debug_hm_initialize_chart 000000018002c140 f   sfc_debug:sfdb_handle_management.obj
 0001:0002b770       sf_debug_hm_terminate      000000018002c770 f   sfc_debug:sfdb_handle_management.obj
 0001:0002b7d0       sf_debug_hm_initialize_machine 000000018002c7d0 f   sfc_debug:sfdb_handle_management.obj
 0001:0002bef0       sf_debug_ss_initialize     000000018002cef0 f   sfc_debug:sfdb_symbol_scope.obj
 0001:0002bf10       sf_debug_ss_terminate      000000018002cf10 f   sfc_debug:sfdb_symbol_scope.obj
 0001:0002bfa0       sf_debug_ss_push_symbol_scope 000000018002cfa0 f   sfc_debug:sfdb_symbol_scope.obj
 0001:0002c0a0       sf_debug_ss_push_symbol_scope_eml 000000018002d0a0 f   sfc_debug:sfdb_symbol_scope.obj
 0001:0002c100       sf_debug_ss_pop_symbol_scope 000000018002d100 f   sfc_debug:sfdb_symbol_scope.obj
 0001:0002c1b0       sf_debug_ss_add_symbol     000000018002d1b0 f   sfc_debug:sfdb_symbol_scope.obj
 0001:0002c320       sf_debug_ss_add_symbol_eml 000000018002d320 f   sfc_debug:sfdb_symbol_scope.obj
 0001:0002d220       sf_debug_ss_set_data_value 000000018002e220 f   sfc_debug:sfdb_symbol_scope.obj
 0001:0002d730       sf_debug_ss_watch_data     000000018002e730 f   sfc_debug:sfdb_symbol_scope.obj
 0001:0002d910       sf_debug_ss_assign_data    000000018002e910 f   sfc_debug:sfdb_symbol_scope.obj
 0001:0002e2e0       get_data_entry_name        000000018002f2e0 f   sfc_debug:sfdb_symbol_scope.obj
 0001:0002e330       sf_debug_ss_whos           000000018002f330 f   sfc_debug:sfdb_symbol_scope.obj
 0001:0002e990       sf_debug_bm_clear_script_breakpoints 000000018002f990 f   sfc_debug:sfdb_breakpoints.obj
 0001:0002e9c0       sf_debug_bm_set_script_breakpoint 000000018002f9c0 f   sfc_debug:sfdb_breakpoints.obj
 0001:0002ea40       sf_debug_bm_clear_single_script_breakpoint 000000018002fa40 f   sfc_debug:sfdb_breakpoints.obj
 0001:0002eac0       sf_debug_bm_query_script_breakpoint 000000018002fac0 f   sfc_debug:sfdb_breakpoints.obj
 0001:0002eb10       sf_debug_bm_initialize_scripts 000000018002fb10 f   sfc_debug:sfdb_breakpoints.obj
 0001:0002f1a0       sf_debug_bm_terminate      00000001800301a0 f   sfc_debug:sfdb_breakpoints.obj
 0001:0002f480       sf_debug_bm_remove_all_breakpoints_in_machine 0000000180030480 f   sfc_debug:sfdb_breakpoints.obj
 0001:0002f4e0       sf_debug_bm_remove_all_breakpoints_in_chart 00000001800304e0 f   sfc_debug:sfdb_breakpoints.obj
 0001:0002f630       sf_debug_bm_initialize_global_breakpoints 0000000180030630 f   sfc_debug:sfdb_breakpoints.obj
 0001:0002f7b0       sf_debug_bm_set_breakpoint 00000001800307b0 f   sfc_debug:sfdb_breakpoints.obj
 0001:0002fda0       sf_debug_bm_set_eml_breakpoint 0000000180030da0 f   sfc_debug:sfdb_breakpoints.obj
 0001:0002fe30       sf_debug_bm_initialize_machine_breakpoint_map 0000000180030e30 f   sfc_debug:sfdb_breakpoints.obj
 0001:00030250       sf_debug_bm_is_a_breakpoint 0000000180031250 f   sfc_debug:sfdb_breakpoints.obj
 0001:00030780       sf_debug_bm_get_all_breakpoints_in_machine 0000000180031780 f   sfc_debug:sfdb_breakpoints.obj
 0001:00030a80       sf_debug_bm_get_all_breakpoints_in_chart 0000000180031a80 f   sfc_debug:sfdb_breakpoints.obj
 0001:00031600       sf_debug_bm_initialize_machine 0000000180032600 f   sfc_debug:sfdb_breakpoints.obj
 0001:000316d0       sf_debug_bm_initialize_chart 00000001800326d0 f   sfc_debug:sfdb_breakpoints.obj
 0001:00031ac0       sf_debug_sc_terminate      0000000180032ac0 f   sfc_debug:sfdb_state_consistency.obj
 0001:00031de0       sf_debug_sc_is_chart_consistent 0000000180032de0 f   sfc_debug:sfdb_state_consistency.obj
 0001:00032090       sf_debug_sc_get_consistency_error_info 0000000180033090 f   sfc_debug:sfdb_state_consistency.obj
 0001:000324c0       sf_debug_tm_terminate      00000001800334c0 f   sfc_debug:sfdb_call_stack.obj
 0001:00032570       sf_debug_tm_push_chart_instance 0000000180033570 f   sfc_debug:sfdb_call_stack.obj
 0001:000326b0       sf_debug_tm_pop_chart_instance 00000001800336b0 f   sfc_debug:sfdb_call_stack.obj
 0001:00032710       sf_debug_tm_push_trace_node 0000000180033710 f   sfc_debug:sfdb_call_stack.obj
 0001:00032890       sf_debug_tm_pop_trace_node 0000000180033890 f   sfc_debug:sfdb_call_stack.obj
 0001:00032910       sf_debug_tm_get_current_global_trace_index 0000000180033910 f   sfc_debug:sfdb_call_stack.obj
 0001:00032920       sf_debug_tm_get_current_local_trace_index 0000000180033920 f   sfc_debug:sfdb_call_stack.obj
 0001:00032950       sf_debug_tm_set_cycle_detected_flag 0000000180033950 f   sfc_debug:sfdb_call_stack.obj
 0001:00032990       sf_debug_tm_set_cycle_started_flag 0000000180033990 f   sfc_debug:sfdb_call_stack.obj
 0001:000329d0       sf_debug_tm_get_chart_number_from_stack 00000001800339d0 f   sfc_debug:sfdb_call_stack.obj
 0001:00032bf0       sf_debug_tm_browse_trace   0000000180033bf0 f   sfc_debug:sfdb_call_stack.obj
 0001:00032f40       sf_debug_cd_initialize_instance 0000000180033f40 f   sfc_debug:sfdb_cycle_detection.obj
 0001:000331f0       sf_debug_cd_mark_processed_transition_in_instance 00000001800341f0 f   sfc_debug:sfdb_cycle_detection.obj
 0001:00033290       sf_debug_cd_checksum_push  0000000180034290 f   sfc_debug:sfdb_cycle_detection.obj
 0001:00033540       sf_debug_cd_checksum_pop   0000000180034540 f   sfc_debug:sfdb_cycle_detection.obj
 0001:000335b0       sf_debug_cd_turn_off_cycle_detection 00000001800345b0 f   sfc_debug:sfdb_cycle_detection.obj
 0001:00033600       sf_debug_cd_terminate      0000000180034600 f   sfc_debug:sfdb_cycle_detection.obj
 0001:00033830       md5_initialize_state       0000000180034830 f   sfc_debug:ckmd5.obj
 0001:00034280       md5_update_state           0000000180035280 f   sfc_debug:ckmd5.obj
 0001:000342a0       md5_get_hash               00000001800352a0 f   sfc_debug:ckmd5.obj
 0001:000342d0       md5_get_hash_for_a_single_string 00000001800352d0 f   sfc_debug:ckmd5.obj
 0001:00034330       mxGetScalar                0000000180035330 f   libmx:libmx.dll
 0001:00034336       mxGetPr                    0000000180035336 f   libmx:libmx.dll
 0001:0003433c       mxCreateDoubleMatrix_730   000000018003533c f   libmx:libmx.dll
 0001:00034342       mxGetString_730            0000000180035342 f   libmx:libmx.dll
 0001:00034348       mxIsChar                   0000000180035348 f   libmx:libmx.dll
 0001:0003434e       mxDestroyArray             000000018003534e f   libmx:libmx.dll
 0001:00034354       mxDuplicateArray           0000000180035354 f   libmx:libmx.dll
 0001:0003435a       mxCreateDoubleScalar       000000018003535a f   libmx:libmx.dll
 0001:00034360       mxSetField_730             0000000180035360 f   libmx:libmx.dll
 0001:00034366       mxCreateString             0000000180035366 f   libmx:libmx.dll
 0001:0003436c       mxCreateStructMatrix_730   000000018003536c f   libmx:libmx.dll
 0001:00034372       mxCreateCellMatrix_730     0000000180035372 f   libmx:libmx.dll
 0001:00034378       mxGetClassID               0000000180035378 f   libmx:libmx.dll
 0001:0003437e       mxIsNumeric                000000018003537e f   libmx:libmx.dll
 0001:00034384       mxIsComplex                0000000180035384 f   libmx:libmx.dll
 0001:0003438a       mxGetN                     000000018003538a f   libmx:libmx.dll
 0001:00034390       mxGetM                     0000000180035390 f   libmx:libmx.dll
 0001:00034396       mxCalloc                   0000000180035396 f   libmx:libmx.dll
 0001:0003439c       mxGetString_700            000000018003539c f   libmx:libmx.dll
 0001:000343a2       mxFree                     00000001800353a2 f   libmx:libmx.dll
 0001:000343a8       mxArrayToString            00000001800353a8 f   libmx:libmx.dll
 0001:000343ae       mxGetNumberOfElements      00000001800353ae f   libmx:libmx.dll
 0001:000343b4       mxGetField_700             00000001800353b4 f   libmx:libmx.dll
 0001:000343ba       mxSetFieldByNumber_700     00000001800353ba f   libmx:libmx.dll
 0001:000343c0       mxCreateStructArray_700    00000001800353c0 f   libmx:libmx.dll
 0001:000343c6       mxGetData                  00000001800353c6 f   libmx:libmx.dll
 0001:000343cc       mxCreateNumericArray_700   00000001800353cc f   libmx:libmx.dll
 0001:000343d2       mxIsLogical                00000001800353d2 f   libmx:libmx.dll
 0001:000343d8       mxCreateDoubleMatrix_700   00000001800353d8 f   libmx:libmx.dll
 0001:000343de       mxGetProperty_700          00000001800353de f   libmx:libmx.dll
 0001:000343e4       mxCreateCellMatrix_700     00000001800353e4 f   libmx:libmx.dll
 0001:000343ea       mxSetCell_700              00000001800353ea f   libmx:libmx.dll
 0001:000343f0       mxGetCell_700              00000001800353f0 f   libmx:libmx.dll
 0001:000343f6       mxGetClassName             00000001800353f6 f   libmx:libmx.dll
 0001:000343fc       mxSetField_700             00000001800353fc f   libmx:libmx.dll
 0001:00034402       mxAddField                 0000000180035402 f   libmx:libmx.dll
 0001:00034408       mxIsStruct                 0000000180035408 f   libmx:libmx.dll
 0001:0003440e       mxIsA                      000000018003540e f   libmx:libmx.dll
 0001:00034414       mxIsClass                  0000000180035414 f   libmx:libmx.dll
 0001:0003441a       mxGetLogicals              000000018003541a f   libmx:libmx.dll
 0001:00034420       mxIsSparse                 0000000180035420 f   libmx:libmx.dll
 0001:00034426       mxIsCell                   0000000180035426 f   libmx:libmx.dll
 0001:0003442c       mxGetFieldByNumber_700     000000018003542c f   libmx:libmx.dll
 0001:00034432       mxGetFieldNameByNumber     0000000180035432 f   libmx:libmx.dll
 0001:00034438       mxGetNumberOfFields        0000000180035438 f   libmx:libmx.dll
 0001:0003443e       mxCreateStructMatrix_700   000000018003543e f   libmx:libmx.dll
 0001:00034444       mxGetFieldNumber           0000000180035444 f   libmx:libmx.dll
 0001:0003444a       mxIsNaN                    000000018003544a f   libmx:libmx.dll
 0001:00034450       mxIsEmpty                  0000000180035450 f   libmx:libmx.dll
 0001:00034456       mxGetImagData              0000000180035456 f   libmx:libmx.dll
 0001:0003445c       mxArrayClassIDName         000000018003545c f   libmx:libmx.dll
 0001:00034462       mxCreateNumericMatrix_700  0000000180035462 f   libmx:libmx.dll
 0001:00034468       mxCalcSingleSubscript_700  0000000180035468 f   libmx:libmx.dll
 0001:0003446e       mxGetDimensions_700        000000018003546e f   libmx:libmx.dll
 0001:00034474       mxGetNumberOfDimensions_700 0000000180035474 f   libmx:libmx.dll
 0001:0003447a       mxGetElementSize           000000018003547a f   libmx:libmx.dll
 0001:00034480       mxCreateStringFromNChars_700 0000000180035480 f   libmx:libmx.dll
 0001:00034486       mxSetFieldByNumber_730     0000000180035486 f   libmx:libmx.dll
 0001:0003448c       mxIsLogicalScalarTrue      000000018003548c f   libmx:libmx.dll
 0001:00034492       mxCreateNumericArray_730   0000000180035492 f   libmx:libmx.dll
 0001:00034498       mxCreateLogicalScalar      0000000180035498 f   libmx:libmx.dll
 0001:0003449e       mxGetDimensions_730        000000018003549e f   libmx:libmx.dll
 0001:000344a4       mxGetNumberOfDimensions_730 00000001800354a4 f   libmx:libmx.dll
 0001:000344aa       mxGetFieldByNumber_730     00000001800354aa f   libmx:libmx.dll
 0001:000344b0       mxSetCell_730              00000001800354b0 f   libmx:libmx.dll
 0001:000344b6       mxGetCell_730              00000001800354b6 f   libmx:libmx.dll
 0001:000344bc       mexMakeArrayPersistent     00000001800354bc f   libmex:libmex.dll
 0001:000344c2       mexUnlock                  00000001800354c2 f   libmex:libmex.dll
 0001:000344c8       mexIsLocked                00000001800354c8 f   libmex:libmex.dll
 0001:000344ce       mexWarnMsgTxt              00000001800354ce f   libmex:libmex.dll
 0001:000344d4       mexCallMATLAB              00000001800354d4 f   libmex:libmex.dll
 0001:000344da       mexErrMsgTxt               00000001800354da f   libmex:libmex.dll
 0001:000344e0       mexLock                    00000001800354e0 f   libmex:libmex.dll
 0001:000344e6       mexMakeMemoryPersistent    00000001800354e6 f   libmex:libmex.dll
 0001:000344ec       mexCallMATLABWithTrap      00000001800354ec f   libmex:libmex.dll
 0001:000344f2       mexPutVariable             00000001800354f2 f   libmex:libmex.dll
 0001:000344f8       mexGetVariable             00000001800354f8 f   libmex:libmex.dll
 0001:000344fe       mexFunctionName            00000001800354fe f   libmex:libmex.dll
 0001:00034504       ssRegisterDataTypeFxpFSlopeFixExpBias 0000000180035504 f   libfixedpoint:libfixedpoint.dll
 0001:0003450a       ssRegisterDataTypeFxpScaledDouble 000000018003550a f   libfixedpoint:libfixedpoint.dll
 0001:00034510       utMalloc                   0000000180035510 f   libut:libut.dll
 0001:00034516       utFree                     0000000180035516 f   libut:libut.dll
 0001:0003451c       utCPUtime                  000000018003551c f   libut:libut.dll
 0001:00034522       utVSNprintf                0000000180035522 f   libut:libut.dll
 0001:00034528       utCalloc                   0000000180035528 f   libut:libut.dll
 0001:0003452e       utRealloc                  000000018003552e f   libut:libut.dll
 0001:00034534       emlrtCreateRootTLS         0000000180035534 f   libemlrt:libemlrt.dll
 0001:0003453a       emlrtDestroyRootTLS        000000018003553a f   libemlrt:libemlrt.dll
 0001:00034540       emlrtCheckBuiltInR2012b    0000000180035540 f   libemlrt:libemlrt.dll
 0001:00034546       emlrtCheckVsBuiltInR2012b  0000000180035546 f   libemlrt:libemlrt.dll
 0001:0003454c       emlrtCheckEnumR2012b       000000018003554c f   libemlrt:libemlrt.dll
 0001:00034552       emlrtCreateEnumR2012b      0000000180035552 f   libemlrt:libemlrt.dll
 0001:00034558       emlrtGetEnumElementR2009a  0000000180035558 f   libemlrt:libemlrt.dll
 0001:0003455e       emlrtCreateReference       000000018003555e f   libemlrt:libemlrt.dll
 0001:00034564       emlrtImportVsFiArrayR2009b 0000000180035564 f   libemlrt:libemlrt.dll
 0001:0003456a       emlrtNameCapturePostProcessR2012a 000000018003556a f   libemlrt:libemlrt.dll
 0001:00034570       emlrtExtractMessageId      0000000180035570 f   libemlrt:libemlrt.dll
 0001:00034576       emlrtTranslateMessageIDtoLCPstring 0000000180035576 f   libemlrt:libemlrt.dll
 0001:0003457c       emlrtForLoopVectorIsValidR2011b 000000018003557c f   libemlrt:libemlrt.dll
 0001:00034582       emlrtTranslateUTF16MessagetoLCPstring 0000000180035582 f   libemlrt:libemlrt.dll
 0001:00034588       emlrtGetEnumUnderlyingArrayR2009a 0000000180035588 f   libemlrt:libemlrt.dll
 0001:0003458e       emlrtIsEnumR2009a          000000018003558e f   libemlrt:libemlrt.dll
 0001:00034594       emlrtInitCharArrayR2013a   0000000180035594 f   libemlrt:libemlrt.dll
 0001:0003459c       __GSHandlerCheckCommon     000000018003559c f   MSVCRT:gshandler.obj
 0001:00034600       __GSHandlerCheck           0000000180035600 f   MSVCRT:gshandler.obj
 0001:0003461e       strcmp                     000000018003561e f   MSVCRT:MSVCR100.dll
 0001:00034640       __security_check_cookie    0000000180035640 f   MSVCRT:amdsecgs.obj
 0001:00034660       memset                     0000000180035660 f   MSVCRT:MSVCR100.dll
 0001:00034666       free                       0000000180035666 f   MSVCRT:MSVCR100.dll
 0001:0003466c       sprintf                    000000018003566c f   MSVCRT:MSVCR100.dll
 0001:00034672       malloc                     0000000180035672 f   MSVCRT:MSVCR100.dll
 0001:00034678       strlen                     0000000180035678 f   MSVCRT:MSVCR100.dll
 0001:0003467e       strcat                     000000018003567e f   MSVCRT:MSVCR100.dll
 0001:00034684       memcpy                     0000000180035684 f   MSVCRT:MSVCR100.dll
 0001:0003468c       NtCurrentTeb               000000018003568c f i MSVCRT:crtdll.obj
 0001:000346f8       _CRT_INIT                  00000001800356f8 f   MSVCRT:crtdll.obj
 0001:00034a90       _DllMainCRTStartup         0000000180035a90 f   MSVCRT:crtdll.obj
 0001:00034ace       _setjmp                    0000000180035ace f   MSVCRT:MSVCR100.dll
 0001:00034ad4       strncpy                    0000000180035ad4 f   MSVCRT:MSVCR100.dll
 0001:00034af0       _alloca_probe              0000000180035af0     MSVCRT:chkstk.obj
 0001:00034af0       __chkstk                   0000000180035af0 f   MSVCRT:chkstk.obj
 0001:00034b3e       longjmp                    0000000180035b3e f   MSVCRT:MSVCR100.dll
 0001:00034b44       strncmp                    0000000180035b44 f   MSVCRT:MSVCR100.dll
 0001:00034b4a       ceil                       0000000180035b4a f   MSVCRT:MSVCR100.dll
 0001:00034b50       strrchr                    0000000180035b50 f   MSVCRT:MSVCR100.dll
 0001:00034b56       ldexp                      0000000180035b56 f   MSVCRT:MSVCR100.dll
 0001:00034b5c       __report_gsfailure         0000000180035b5c f   MSVCRT:gs_report.obj
 0001:00034ca8       __clean_type_info_names    0000000180035ca8 f   MSVCRT:tncleanup.obj
 0001:00034cb4       _onexit                    0000000180035cb4 f   MSVCRT:atonexit.obj
 0001:00034d64       atexit                     0000000180035d64 f   MSVCRT:atonexit.obj
 0001:00034d7c       _RTC_Initialize            0000000180035d7c f   MSVCRT:_initsect_.obj
 0001:00034db4       _RTC_Terminate             0000000180035db4 f   MSVCRT:_initsect_.obj
 0001:00034dec       _malloc_crt                0000000180035dec f   MSVCRT:MSVCR100.dll
 0001:00034e00       _ValidateImageBase         0000000180035e00 f   MSVCRT:pesect.obj
 0001:00034e30       _FindPESection             0000000180035e30 f   MSVCRT:pesect.obj
 0001:00034e80       _IsNonwritableInCurrentImage 0000000180035e80 f   MSVCRT:pesect.obj
 0001:00034ec2       _initterm                  0000000180035ec2 f   MSVCRT:MSVCR100.dll
 0001:00034ec8       _initterm_e                0000000180035ec8 f   MSVCRT:MSVCR100.dll
 0001:00034ece       _encoded_null              0000000180035ece f   MSVCRT:MSVCR100.dll
 0001:00034ed4       _amsg_exit                 0000000180035ed4 f   MSVCRT:MSVCR100.dll
 0001:00034eda       __C_specific_handler       0000000180035eda f   MSVCRT:MSVCR100.dll
 0001:00034ee0       __CppXcptFilter            0000000180035ee0 f   MSVCRT:MSVCR100.dll
 0001:00034ee8       DllMain                    0000000180035ee8 f   MSVCRT:dllmain.obj
 0001:00034f0c       __security_init_cookie     0000000180035f0c f   MSVCRT:gs_support.obj
 0001:00034fc0       __crt_debugger_hook        0000000180035fc0 f   MSVCRT:MSVCR100.dll
 0001:00034fc6       __clean_type_info_names_internal 0000000180035fc6 f   MSVCRT:MSVCR100.dll
 0001:00034fcc       _unlock                    0000000180035fcc f   MSVCRT:MSVCR100.dll
 0001:00034fd2       __dllonexit                0000000180035fd2 f   MSVCRT:MSVCR100.dll
 0001:00034fd8       _lock                      0000000180035fd8 f   MSVCRT:MSVCR100.dll
 0001:00034fde       EncodePointer              0000000180035fde f   kernel32:KERNEL32.dll
 0001:00034fe4       DecodePointer              0000000180035fe4 f   kernel32:KERNEL32.dll
 0001:00034fea       Sleep                      0000000180035fea f   kernel32:KERNEL32.dll
 0001:00034ff0       TerminateProcess           0000000180035ff0 f   kernel32:KERNEL32.dll
 0001:00034ff6       GetCurrentProcess          0000000180035ff6 f   kernel32:KERNEL32.dll
 0001:00034ffc       UnhandledExceptionFilter   0000000180035ffc f   kernel32:KERNEL32.dll
 0001:00035002       SetUnhandledExceptionFilter 0000000180036002 f   kernel32:KERNEL32.dll
 0001:00035008       IsDebuggerPresent          0000000180036008 f   kernel32:KERNEL32.dll
 0001:0003500e       RtlVirtualUnwind           000000018003600e f   kernel32:KERNEL32.dll
 0001:00035014       RtlLookupFunctionEntry     0000000180036014 f   kernel32:KERNEL32.dll
 0001:0003501a       RtlCaptureContext          000000018003601a f   kernel32:KERNEL32.dll
 0001:00035020       DisableThreadLibraryCalls  0000000180036020 f   kernel32:KERNEL32.dll
 0001:00035026       QueryPerformanceCounter    0000000180036026 f   kernel32:KERNEL32.dll
 0001:0003502c       GetTickCount               000000018003602c f   kernel32:KERNEL32.dll
 0001:00035032       GetCurrentThreadId         0000000180036032 f   kernel32:KERNEL32.dll
 0001:00035038       GetCurrentProcessId        0000000180036038 f   kernel32:KERNEL32.dll
 0001:0003503e       GetSystemTimeAsFileTime    000000018003603e f   kernel32:KERNEL32.dll
 0002:00000000       __imp_GetSystemTimeAsFileTime 0000000180037000     kernel32:KERNEL32.dll
 0002:00000008       __imp_GetCurrentProcessId  0000000180037008     kernel32:KERNEL32.dll
 0002:00000010       __imp_GetCurrentThreadId   0000000180037010     kernel32:KERNEL32.dll
 0002:00000018       __imp_GetTickCount         0000000180037018     kernel32:KERNEL32.dll
 0002:00000020       __imp_QueryPerformanceCounter 0000000180037020     kernel32:KERNEL32.dll
 0002:00000028       __imp_DisableThreadLibraryCalls 0000000180037028     kernel32:KERNEL32.dll
 0002:00000030       __imp_RtlCaptureContext    0000000180037030     kernel32:KERNEL32.dll
 0002:00000038       __imp_RtlLookupFunctionEntry 0000000180037038     kernel32:KERNEL32.dll
 0002:00000040       __imp_RtlVirtualUnwind     0000000180037040     kernel32:KERNEL32.dll
 0002:00000048       __imp_IsDebuggerPresent    0000000180037048     kernel32:KERNEL32.dll
 0002:00000050       __imp_SetUnhandledExceptionFilter 0000000180037050     kernel32:KERNEL32.dll
 0002:00000058       __imp_UnhandledExceptionFilter 0000000180037058     kernel32:KERNEL32.dll
 0002:00000060       __imp_GetCurrentProcess    0000000180037060     kernel32:KERNEL32.dll
 0002:00000068       __imp_TerminateProcess     0000000180037068     kernel32:KERNEL32.dll
 0002:00000070       __imp_Sleep                0000000180037070     kernel32:KERNEL32.dll
 0002:00000078       __imp_DecodePointer        0000000180037078     kernel32:KERNEL32.dll
 0002:00000080       __imp_EncodePointer        0000000180037080     kernel32:KERNEL32.dll
 0002:00000088       \177KERNEL32_NULL_THUNK_DATA 0000000180037088     kernel32:KERNEL32.dll
 0002:00000090       __imp__onexit              0000000180037090     MSVCRT:MSVCR100.dll
 0002:00000098       __imp__lock                0000000180037098     MSVCRT:MSVCR100.dll
 0002:000000a0       __imp___dllonexit          00000001800370a0     MSVCRT:MSVCR100.dll
 0002:000000a8       __imp__unlock              00000001800370a8     MSVCRT:MSVCR100.dll
 0002:000000b0       __imp___clean_type_info_names_internal 00000001800370b0     MSVCRT:MSVCR100.dll
 0002:000000b8       __imp___crt_debugger_hook  00000001800370b8     MSVCRT:MSVCR100.dll
 0002:000000c0       __imp___CppXcptFilter      00000001800370c0     MSVCRT:MSVCR100.dll
 0002:000000c8       __imp___C_specific_handler 00000001800370c8     MSVCRT:MSVCR100.dll
 0002:000000d0       __imp__amsg_exit           00000001800370d0     MSVCRT:MSVCR100.dll
 0002:000000d8       __imp__encoded_null        00000001800370d8     MSVCRT:MSVCR100.dll
 0002:000000e0       __imp__initterm_e          00000001800370e0     MSVCRT:MSVCR100.dll
 0002:000000e8       __imp__initterm            00000001800370e8     MSVCRT:MSVCR100.dll
 0002:000000f0       __imp__malloc_crt          00000001800370f0     MSVCRT:MSVCR100.dll
 0002:000000f8       __imp_ldexp                00000001800370f8     MSVCRT:MSVCR100.dll
 0002:00000100       __imp_strrchr              0000000180037100     MSVCRT:MSVCR100.dll
 0002:00000108       __imp_ceil                 0000000180037108     MSVCRT:MSVCR100.dll
 0002:00000110       __imp_strncmp              0000000180037110     MSVCRT:MSVCR100.dll
 0002:00000118       __imp_longjmp              0000000180037118     MSVCRT:MSVCR100.dll
 0002:00000120       __imp_strncpy              0000000180037120     MSVCRT:MSVCR100.dll
 0002:00000128       __imp__setjmp              0000000180037128     MSVCRT:MSVCR100.dll
 0002:00000130       __imp_memcpy               0000000180037130     MSVCRT:MSVCR100.dll
 0002:00000138       __imp_strcat               0000000180037138     MSVCRT:MSVCR100.dll
 0002:00000140       __imp_strlen               0000000180037140     MSVCRT:MSVCR100.dll
 0002:00000148       __imp_malloc               0000000180037148     MSVCRT:MSVCR100.dll
 0002:00000150       __imp_sprintf              0000000180037150     MSVCRT:MSVCR100.dll
 0002:00000158       __imp_free                 0000000180037158     MSVCRT:MSVCR100.dll
 0002:00000160       __imp_memset               0000000180037160     MSVCRT:MSVCR100.dll
 0002:00000168       __imp_strcmp               0000000180037168     MSVCRT:MSVCR100.dll
 0002:00000170       \177MSVCR100_NULL_THUNK_DATA 0000000180037170     MSVCRT:MSVCR100.dll
 0002:00000178       __imp_emlrtInitCharArrayR2013a 0000000180037178     libemlrt:libemlrt.dll
 0002:00000180       __imp_emlrtIsEnumR2009a    0000000180037180     libemlrt:libemlrt.dll
 0002:00000188       __imp_emlrtGetEnumUnderlyingArrayR2009a 0000000180037188     libemlrt:libemlrt.dll
 0002:00000190       __imp_emlrtTranslateUTF16MessagetoLCPstring 0000000180037190     libemlrt:libemlrt.dll
 0002:00000198       __imp_emlrtForLoopVectorIsValidR2011b 0000000180037198     libemlrt:libemlrt.dll
 0002:000001a0       __imp_emlrtTranslateMessageIDtoLCPstring 00000001800371a0     libemlrt:libemlrt.dll
 0002:000001a8       __imp_emlrtExtractMessageId 00000001800371a8     libemlrt:libemlrt.dll
 0002:000001b0       __imp_emlrtNameCapturePostProcessR2012a 00000001800371b0     libemlrt:libemlrt.dll
 0002:000001b8       __imp_emlrtImportVsFiArrayR2009b 00000001800371b8     libemlrt:libemlrt.dll
 0002:000001c0       __imp_emlrtCreateReference 00000001800371c0     libemlrt:libemlrt.dll
 0002:000001c8       __imp_emlrtGetEnumElementR2009a 00000001800371c8     libemlrt:libemlrt.dll
 0002:000001d0       __imp_emlrtCreateEnumR2012b 00000001800371d0     libemlrt:libemlrt.dll
 0002:000001d8       __imp_emlrtCheckEnumR2012b 00000001800371d8     libemlrt:libemlrt.dll
 0002:000001e0       __imp_emlrtCheckVsBuiltInR2012b 00000001800371e0     libemlrt:libemlrt.dll
 0002:000001e8       __imp_emlrtCheckBuiltInR2012b 00000001800371e8     libemlrt:libemlrt.dll
 0002:000001f0       __imp_emlrtDestroyRootTLS  00000001800371f0     libemlrt:libemlrt.dll
 0002:000001f8       __imp_emlrtCreateRootTLS   00000001800371f8     libemlrt:libemlrt.dll
 0002:00000200       \177libemlrt_NULL_THUNK_DATA 0000000180037200     libemlrt:libemlrt.dll
 0002:00000208       __imp_ssRegisterDataTypeFxpScaledDouble 0000000180037208     libfixedpoint:libfixedpoint.dll
 0002:00000210       __imp_ssRegisterDataTypeFxpFSlopeFixExpBias 0000000180037210     libfixedpoint:libfixedpoint.dll
 0002:00000218       \177libfixedpoint_NULL_THUNK_DATA 0000000180037218     libfixedpoint:libfixedpoint.dll
 0002:00000220       __imp_mexUnlock            0000000180037220     libmex:libmex.dll
 0002:00000228       __imp_mexIsLocked          0000000180037228     libmex:libmex.dll
 0002:00000230       __imp_mexWarnMsgTxt        0000000180037230     libmex:libmex.dll
 0002:00000238       __imp_mexCallMATLAB        0000000180037238     libmex:libmex.dll
 0002:00000240       __imp_mexErrMsgTxt         0000000180037240     libmex:libmex.dll
 0002:00000248       __imp_mexMakeArrayPersistent 0000000180037248     libmex:libmex.dll
 0002:00000250       __imp_mexMakeMemoryPersistent 0000000180037250     libmex:libmex.dll
 0002:00000258       __imp_mexCallMATLABWithTrap 0000000180037258     libmex:libmex.dll
 0002:00000260       __imp_mexPutVariable       0000000180037260     libmex:libmex.dll
 0002:00000268       __imp_mexGetVariable       0000000180037268     libmex:libmex.dll
 0002:00000270       __imp_mexFunctionName      0000000180037270     libmex:libmex.dll
 0002:00000278       __imp_mexLock              0000000180037278     libmex:libmex.dll
 0002:00000280       \177libmex_NULL_THUNK_DATA 0000000180037280     libmex:libmex.dll
[...]
 0001:0000d800       replace_single_quotes_by_doubled_quotes 000000018000e800 f   sfc_mex:sfc_mex.obj
 0001:0000da00       sf_mex_get_formatted_error_string 000000018000ea00 f   sfc_mex:sfc_mex.obj
 0001:0000df30       sf_mex_destroy_array       000000018000ef30 f   sfc_mex:sfc_mex.obj
 0001:0000e360       sfrtAddSize                000000018000f360 f   sfc_mex:sfc_mex.obj
 0001:0000e400       sfrtGenSizeString          000000018000f400 f   sfc_mex:sfc_mex.obj
 0001:0000e4e0       sfIsProperVector           000000018000f4e0 f   sfc_mex:sfc_mex.obj
 0001:0000e510       sfIsRowVector              000000018000f510 f   sfc_mex:sfc_mex.obj
 0001:0000e650       sf_ExtractMessageId        000000018000f650 f   sfc_mex:sfc_mex.obj
 0001:0000e940       sf_mex_err                 000000018000f940 f   sfc_mex:sfc_mex.obj
 0001:0000e9c0       sf_error_dimension_out_of_bound 000000018000f9c0 f   sfc_mex:sfc_mex.obj
 0001:0000ea60       sf_mex_check_and_set_actual_dimensions 000000018000fa60 f   sfc_mex:sfc_mex.obj
 0001:0000edf0       sf_mex_check_complex       000000018000fdf0 f   sfc_mex:sfc_mex.obj
 0001:0000eea0       sf_mex_check_sparse        000000018000fea0 f   sfc_mex:sfc_mex.obj
 0001:0000ef60       sf_mex_check_numerictype   000000018000ff60 f   sfc_mex:sfc_mex.obj
 0001:0000f200       sf_mex_check_fimath        0000000180010200 f   sfc_mex:sfc_mex.obj
 0001:000100e0       size_mismatch_error        00000001800110e0 f   sfc_mex:sfc_mex.obj
 0001:00010ca0       check_array_dimensions     0000000180011ca0 f   sfc_mex:sfc_mex.obj
 0001:00010d10       check_input_mxarray        0000000180011d10 f   sfc_mex:sfc_mex.obj
 0001:000115c0       sf_numeric_value_to_double 00000001800125c0 f   sfc_mex:sfc_mex.obj
 0001:00011640       ml_generic_out_of_bounds_check 0000000180012640 f   sfc_mex:sfc_mex.obj
 0001:00011820       ml_get_element_value_from_array 0000000180012820 f   sfc_mex:sfc_mex.obj
 0001:00011c30       _ml_generic_castability_check 0000000180012c30 f   sfc_mex:sfc_mex.obj
 0001:00012ab0       ml_generic_castability_check 0000000180013ab0 f   sfc_mex:sfc_mex.obj
 0001:00012b50       ml_check_mx_array_for_single_castability 0000000180013b50 f   sfc_mex:sfc_mex.obj
 0001:00012bf0       ml_check_mx_array_for_logical_castability 0000000180013bf0 f   sfc_mex:sfc_mex.obj
 0001:00012c90       ml_check_mx_array_for_int8_castability 0000000180013c90 f   sfc_mex:sfc_mex.obj
 0001:00012d40       ml_check_mx_array_for_uint8_castability 0000000180013d40 f   sfc_mex:sfc_mex.obj
 0001:00012da0       ml_check_mx_array_for_int16_castability 0000000180013da0 f   sfc_mex:sfc_mex.obj
 0001:00012e00       ml_check_mx_array_for_uint16_castability 0000000180013e00 f   sfc_mex:sfc_mex.obj
 0001:00012e60       ml_check_mx_array_for_int32_castability 0000000180013e60 f   sfc_mex:sfc_mex.obj
 0001:00012ec0       ml_check_mx_array_for_uint32_castability 0000000180013ec0 f   sfc_mex:sfc_mex.obj
 0001:00012f20       ml_check_mx_array_for_int64_castability 0000000180013f20 f   sfc_mex:sfc_mex.obj
 0001:00012f80       ml_check_mx_array_for_uint64_castability 0000000180013f80 f   sfc_mex:sfc_mex.obj
 0001:00012fd0       ml_check_mx_array_for_castability 0000000180013fd0 f   sfc_mex:sfc_mex.obj
 0001:00013870       set_data_value             0000000180014870 f   sfc_mex:sfc_mex.obj
 0001:00013dd0       get_next_element_address   0000000180014dd0 f   sfc_mex:sfc_mex.obj
 0001:00013ea0       sf_normalize_index         0000000180014ea0 f   sfc_mex:sfc_mex.obj
 0001:00014210       ml_array_index_bound_check 0000000180015210 f   sfc_mex:sfc_mex.obj
 0001:00014d80       mx_value                   0000000180015d80 f   sfc_mex:sfc_mex.obj
 0001:00014dd0       sf_create_numeric_array    0000000180015dd0 f   sfc_mex:sfc_mex.obj
 0001:00014e70       sf_mex_assign_to_mx_array  0000000180015e70 f   sfc_mex:sfc_mex.obj
 0001:00015150       assign_from_mx_array       0000000180016150 f   sfc_mex:sfc_mex.obj
 0001:000158a0       sf_mex_import_v            00000001800168a0 f   sfc_mex:sfc_mex.obj
 0001:00015e90       SNPRINTF_WRAPPER           0000000180016e90 f   sfc_debug:sfcdebug.obj
 0001:00015ec0       sf_debug_chart_instance_initialized 0000000180016ec0 f   sfc_debug:sfcdebug.obj
 0001:00016040       sfrtAddSize                0000000180017040 f   sfc_debug:sfcdebug.obj
 0001:000160e0       sfrtGenSizeString          00000001800170e0 f   sfc_debug:sfcdebug.obj
 0001:00016830       fill_single_message_info   0000000180017830 f   sfc_debug:sfcdebug.obj
 0001:00016ae0       sf_debug_cv_transition_guard 0000000180017ae0 f   sfc_debug:sfcdebug.obj
 0001:00016b50       sf_debug_sim_status_listener 0000000180017b50 f   sfc_debug:sfcdebug.obj
 0001:00016e70       sf_debug_form_mask_bits    0000000180017e70 f   sfc_debug:sfcdebug.obj
 0001:00016e90       sf_debug_form_sf_data_type_offsets 0000000180017e90 f   sfc_debug:sfcdebug.obj
 0001:00016f50       sf_debug_free_all          0000000180017f50 f   sfc_debug:sfcdebug.obj
 0001:000170e0       sf_debug_append_debugger_context 00000001800180e0 f   sfc_debug:sfcdebug.obj
 0001:00017430       local_strdup               0000000180018430 f   sfc_debug:sfcdebug.obj
 0001:000183b0       sf_debug_em_terminate      00000001800193b0 f   sfc_debug:sfcdebug.obj
 0001:000183f0       sf_debug_push_eml_function 00000001800193f0 f   sfc_debug:sfcdebug.obj
 0001:00018490       sf_debug_pop_eml_function  0000000180019490 f   sfc_debug:sfcdebug.obj
 0001:00018e10       sf_debug_get_machine_number_from_id_or_name 0000000180019e10 f   sfc_debug:sfcdebug.obj
 0001:00018f60       sf_debug_get_chart_number_from_id 0000000180019f60 f   sfc_debug:sfcdebug.obj
 0001:00019ca0       sf_debug_transfer_control_to_debugger_GUI 000000018001aca0 f   sfc_debug:sfcdebug.obj
 0001:0001a9b0       sf_debug_scripts_rehash    000000018001b9b0 f   sfc_debug:sfcdebug.obj
 0001:0001abc0       sf_debug_get_script_line_count 000000018001bbc0 f   sfc_debug:sfcdebug.obj
 0001:0001b720       cv_eml_state_cvId          000000018001c720 f   sfc_debug:sfcdebug.obj
 0001:0001b790       cv_eml_trans_cvId          000000018001c790 f   sfc_debug:sfcdebug.obj
 0001:0001cce0       sf_debug_data_array_bounds_error 000000018001dce0 f   sfc_debug:sfcdebug.obj
 0001:0001d090       eml_debug_runtime_error_doclink 000000018001e090 f   sfc_debug:sfcdebug.obj
 0001:0001d200       sf_debug_runtime_error     000000018001e200 f   sfc_debug:sfcdebug.obj
 0001:0001d250       sf_debug_matlab_error      000000018001e250 f   sfc_debug:sfcdebug.obj
 0001:0001dd20       sf_debug_data_value_error  000000018001ed20 f   sfc_debug:sfcdebug.obj
 0001:0001e5f0       sf_debug_data_loss_error   000000018001f5f0 f   sfc_debug:sfcdebug.obj
 0001:0001f510       call_cv_range_check        0000000180020510 f   sfc_debug:sfcdebug.obj
 0001:0001fbf0       sf_debug_invoke_cycle_detection_code 0000000180020bf0 f   sfc_debug:sfcdebug.obj
 0001:00020700       sf_reset_debug_info_struct 0000000180021700 f   sfc_debug:sfcdebug.obj
 0001:00020fc0       cv_script_cvId             0000000180021fc0 f   sfc_debug:sfcdebug.obj
 0001:000223d0       sfc_api_chart_visible      00000001800233d0 f   sfc_debug:sfc_api.obj
 0001:00022460       sfc_api_active_instance    0000000180023460 f   sfc_debug:sfc_api.obj
 0001:000224f0       sfc_api_machine_load       00000001800234f0 f   sfc_debug:sfc_api.obj
 0001:000225d0       sfc_api_debugger_alive     00000001800235d0 f   sfc_debug:sfc_api.obj
 0001:000225e0       sfc_api_go                 00000001800235e0 f   sfc_debug:sfc_api.obj
 0001:000225f0       sfc_api_step_over          00000001800235f0 f   sfc_debug:sfc_api.obj
 0001:00022600       sfc_api_step_out           0000000180023600 f   sfc_debug:sfc_api.obj
 0001:00022610       sfc_api_resume             0000000180023610 f   sfc_debug:sfc_api.obj
 0001:00022620       sfc_api_break              0000000180023620 f   sfc_debug:sfc_api.obj
 0001:00022630       sfc_api_stop_debugging     0000000180023630 f   sfc_debug:sfc_api.obj
 0001:00022690       sfc_api_is_cycle_detected  0000000180023690 f   sfc_debug:sfc_api.obj
 0001:000226f0       sfc_api_is_array_bounds_detected 00000001800236f0 f   sfc_debug:sfc_api.obj
 0001:00022750       sfc_api_set_disable_all_breakpoints 0000000180023750 f   sfc_debug:sfc_api.obj
 0001:000227d0       sfc_api_disable_all_breakpoints_and_go 00000001800237d0 f   sfc_debug:sfc_api.obj
 0001:000227e0       sfc_api_close              00000001800237e0 f   sfc_debug:sfc_api.obj
 0001:000227f0       sfc_api_browse_data        00000001800237f0 f   sfc_debug:sfc_api.obj
 0001:00022870       sfc_api_watch_data         0000000180023870 f   sfc_debug:sfc_api.obj
 0001:00022980       sfc_api_extract_message_post_receive_info 0000000180023980 f   sfc_debug:sfc_api.obj
 0001:000229a0       sfc_api_assign_data        00000001800239a0 f   sfc_debug:sfc_api.obj
 0001:00022a30       sfc_api_whos               0000000180023a30 f   sfc_debug:sfc_api.obj
 0001:00022ac0       sfc_api_get_consistency_info 0000000180023ac0 f   sfc_debug:sfc_api.obj
 0001:00022ad0       sfc_api_browse_trace       0000000180023ad0 f   sfc_debug:sfc_api.obj
 0001:00022ae0       sfc_api_break_on_chart_entry 0000000180023ae0 f   sfc_debug:sfc_api.obj
 0001:00022b10       sfc_api_break_on_event_broadcast 0000000180023b10 f   sfc_debug:sfc_api.obj
 0001:00022b40       sfc_api_break_on_state_entry 0000000180023b40 f   sfc_debug:sfc_api.obj
 0001:00022b70       sfc_api_set_watch          0000000180023b70 f   sfc_debug:sfc_api.obj
 0001:00022c20       sfc_api_set_breakpoints    0000000180023c20 f   sfc_debug:sfc_api.obj
 0001:00022ce0       sfc_api_set_eml_breakpoints 0000000180023ce0 f   sfc_debug:sfc_api.obj
 0001:00022d80       sfc_api_set_script_breakpoints 0000000180023d80 f   sfc_debug:sfc_api.obj
 0001:00022de0       sfc_api_add_script_breakpoints 0000000180023de0 f   sfc_debug:sfc_api.obj
 0001:00022e40       sfc_api_clear_script_breakpoints 0000000180023e40 f   sfc_debug:sfc_api.obj
 0001:00022ea0       sfc_api_query_script_breakpoints 0000000180023ea0 f   sfc_debug:sfc_api.obj
 0001:00022f10       sfc_api_get_script_id      0000000180023f10 f   sfc_debug:sfc_api.obj
 0001:00022fb0       sfc_api_get_active_states  0000000180023fb0 f   sfc_debug:sfc_api.obj
 0001:00023040       sfc_api_break_between_times 0000000180024040 f   sfc_debug:sfc_api.obj
 0001:000230b0       sfc_api_get_instance_handle 00000001800240b0 f   sfc_debug:sfc_api.obj
 0001:00023180       sfc_api_set_animation      0000000180024180 f   sfc_debug:sfc_api.obj
 0001:000231d0       sfc_api_select_chart       00000001800241d0 f   sfc_debug:sfc_api.obj
 0001:00023240       sfc_api_select_charts      0000000180024240 f   sfc_debug:sfc_api.obj
 0001:00023270       sfc_api_cycle_detection_check 0000000180024270 f   sfc_debug:sfc_api.obj
 0001:000232c0       sfc_api_data_range_check   00000001800242c0 f   sfc_debug:sfc_api.obj
 0001:00023310       sfc_api_transition_conflict_check 0000000180024310 f   sfc_debug:sfc_api.obj
 0001:00023360       sfc_api_state_consistency_check 0000000180024360 f   sfc_debug:sfc_api.obj
 0001:000233b0       sfc_api_set_instance_cv_ids 00000001800243b0 f   sfc_debug:sfc_api.obj
 0001:000234e0       sfc_api_set_script_cv_ids  00000001800244e0 f   sfc_debug:sfc_api.obj
 0001:000235b0       sfc_api_get_current_machine_id 00000001800245b0 f   sfc_debug:sfc_api.obj
 0001:000235e0       sfc_api_get_current_machine_number 00000001800245e0 f   sfc_debug:sfc_api.obj
 0001:00023610       sfc_api_get_current_chart_number 0000000180024610 f   sfc_debug:sfc_api.obj
 0001:00023640       sfc_api_get_current_instance_number 0000000180024640 f   sfc_debug:sfc_api.obj
 0001:00023670       sfc_api_get_current_instance_handle 0000000180024670 f   sfc_debug:sfc_api.obj
 0001:00023690       sfc_api_get_current_is_minor_time_step 0000000180024690 f   sfc_debug:sfc_api.obj
 0001:000236c0       sfc_api_get_current_machine_name 00000001800246c0 f   sfc_debug:sfc_api.obj
 0001:000236e0       sfc_api_get_current_chart_id 00000001800246e0 f   sfc_debug:sfc_api.obj
 0001:00023710       sfc_api_get_current_object_type 0000000180024710 f   sfc_debug:sfc_api.obj
 0001:00023740       sfc_api_get_current_event_type 0000000180024740 f   sfc_debug:sfc_api.obj
 0001:00023770       sfc_api_get_current_object_id 0000000180024770 f   sfc_debug:sfc_api.obj
 0001:000237a0       sfc_get_current_active_event_type 00000001800247a0 f   sfc_debug:sfc_api.obj
 0001:000237d0       sfc_api_get_current_active_event_id 00000001800247d0 f   sfc_debug:sfc_api.obj
 0001:00023800       sfc_api_get_current_simulation_time 0000000180024800 f   sfc_debug:sfc_api.obj
 0001:00023820       sfc_get_current_tag_type   0000000180024820 f   sfc_debug:sfc_api.obj
 0001:00023850       sfc_get_current_statement_context 0000000180024850 f   sfc_debug:sfc_api.obj
 0001:00023870       sfc_get_current_optional_integer 0000000180024870 f   sfc_debug:sfc_api.obj
 0001:000238a0       sfc_api_get                00000001800248a0 f   sfc_debug:sfc_api.obj
 0001:000244e0       sf_debug_sm_fill_state_activity_data 00000001800254e0 f   sfc_debug:sfdb_animation.obj
 0001:00026e10       void_ptr_stack_vector_free_total 0000000180027e10 f   sfc_debug:sfdb_data_browse.obj
 0001:00026e90       sf_debug_st_terminate_machine 0000000180027e90 f   sfc_debug:sfdb_data_browse.obj
 0001:00026ed0       sf_debug_st_terminate_instance 0000000180027ed0 f   sfc_debug:sfdb_data_browse.obj
 0001:00027280       push_on_to_void_ptr_stack  0000000180028280 f   sfc_debug:sfdb_data_browse.obj
 0001:00027410       pop_from_void_ptr_stack    0000000180028410 f   sfc_debug:sfdb_data_browse.obj
 0001:00027540       sf_debug_st_get_data_value 0000000180028540 f   sfc_debug:sfdb_data_browse.obj
 0001:00027a70       mx_value                   0000000180028a70 f   sfc_debug:sfdb_data_browse.obj
 0001:00027ab0       sf_debug_st_fill_data_struct 0000000180028ab0 f   sfc_debug:sfdb_data_browse.obj
 0001:00027df0       data_type_format_strings   0000000180028df0 f   sfc_debug:sfdb_data_browse.obj
 0001:00027ea0       sf_debug_st_fill_data      0000000180028ea0 f   sfc_debug:sfdb_data_browse.obj
 0001:00028b60       sf_debug_hm_get_simulink_handle 0000000180029b60 f   sfc_debug:sfdb_handle_management.obj
 0001:00029610       sf_debug_hm_initialize_globals 000000018002a610 f   sfc_debug:sfdb_handle_management.obj
 0001:00029710       sf_debug_hm_get_machine_debug_flag 000000018002a710 f   sfc_debug:sfdb_handle_management.obj
 0001:00029880       sf_debug_hm_get_machine_id 000000018002a880 f   sfc_debug:sfdb_handle_management.obj
 0001:000299a0       sf_debug_hm_get_chart_id   000000018002a9a0 f   sfc_debug:sfdb_handle_management.obj
 0001:00029b40       sf_debug_hm_register_executing_SFunction 000000018002ab40 f   sfc_debug:sfdb_handle_management.obj
 0001:00029ed0       sf_debug_hm_form_object_boolean_properties 000000018002aed0 f   sfc_debug:sfdb_handle_management.obj
 0001:0002a1a0       sf_debug_hm_form_object_properties 000000018002b1a0 f   sfc_debug:sfdb_handle_management.obj
 0001:0002a3e0       sf_debug_hm_terminate_charts 000000018002b3e0 f   sfc_debug:sfdb_handle_management.obj
 0001:0002aa50       sf_debug_hm_terminate_machines 000000018002ba50 f   sfc_debug:sfdb_handle_management.obj
 0001:0002c3f0       sf_debug_ss_copy_dimension 000000018002d3f0 f   sfc_debug:sfdb_symbol_scope.obj
 0001:0002c4b0       sf_debug_ss_get_number_elements 000000018002d4b0 f   sfc_debug:sfdb_symbol_scope.obj
 0001:0002c4d0       sf_debug_ss_fill_data_struct 000000018002d4d0 f   sfc_debug:sfdb_symbol_scope.obj
 0001:0002c820       sf_debug_ss_reset_data_info 000000018002d820 f   sfc_debug:sfdb_symbol_scope.obj
 0001:0002c880       sf_debug_fill_data_info_by_symbol_scope_entry 000000018002d880 f   sfc_debug:sfdb_symbol_scope.obj
 0001:0002c940       sf_debug_fill_data_info_by_data_vector 000000018002d940 f   sfc_debug:sfdb_symbol_scope.obj
 0001:0002cb90       get_data_info_helper       000000018002db90 f   sfc_debug:sfdb_symbol_scope.obj
 0001:0002ce80       sf_debug_ss_get_data_info  000000018002de80 f   sfc_debug:sfdb_symbol_scope.obj
 0001:0002d0a0       sf_debug_select_mex_function 000000018002e0a0 f   sfc_debug:sfdb_symbol_scope.obj
 0001:0002d0d0       sf_debug_is_dyn_matrix_initialized 000000018002e0d0 f   sfc_debug:sfdb_symbol_scope.obj
 0001:0002d0f0       sf_debug_ss_set_data_value_try 000000018002e0f0 f   sfc_debug:sfdb_symbol_scope.obj
 0001:0002d2c0       sf_debug_ss_get_data_value 000000018002e2c0 f   sfc_debug:sfdb_symbol_scope.obj
 0001:0002d650       getInstanceNumber          000000018002e650 f   sfc_debug:sfdb_symbol_scope.obj
 0001:0002da20       sf_debug_ss_data_bytes_string 000000018002ea20 f   sfc_debug:sfdb_symbol_scope.obj
 0001:0002dab0       sf_debug_ss_data_class_string 000000018002eab0 f   sfc_debug:sfdb_symbol_scope.obj
 0001:0002de20       sf_debug_ss_data_size_string 000000018002ee20 f   sfc_debug:sfdb_symbol_scope.obj
 0001:0002df00       sf_debug_ss_data_create_data_info_struct 000000018002ef00 f   sfc_debug:sfdb_symbol_scope.obj
 0001:0002e190       sf_debug_ss_data_create_name_value_pair 000000018002f190 f   sfc_debug:sfdb_symbol_scope.obj
 0001:0002e230       sf_debug_ss_data_get_whos_info 000000018002f230 f   sfc_debug:sfdb_symbol_scope.obj
 0001:0002e240       same_named_data_in_data_array 000000018002f240 f   sfc_debug:sfdb_symbol_scope.obj
 0001:0002ee50       sf_debug_bm_initialize_eml 000000018002fe50 f   sfc_debug:sfdb_breakpoints.obj
 0001:0002ff40       sf_debug_bm_map_debug_tag_to_breakpoint_tag 0000000180030f40 f   sfc_debug:sfdb_breakpoints.obj
 0001:00030020       sf_debug_bm_is_a_eml_breakpoint_impl 0000000180031020 f   sfc_debug:sfdb_breakpoints.obj
 0001:00031950       sf_debug_sc_push_on_error_stack 0000000180032950 f   sfc_debug:sfdb_state_consistency.obj
 0001:00031a70       sf_debug_sc_reset_error_stack 0000000180032a70 f   sfc_debug:sfdb_state_consistency.obj
 0001:00031c00       sf_debug_sc_is_state_inconsistent 0000000180032c00 f   sfc_debug:sfdb_state_consistency.obj
 0001:00031ef0       sf_debug_sc_fill_consistency_info 0000000180032ef0 f   sfc_debug:sfdb_state_consistency.obj
 0001:000324b0       void_assertion_fcn         00000001800334b0 f   sfc_debug:sfdb_call_stack.obj
 0001:00032a00       sf_debug_tm_fill_local_trace 0000000180033a00 f   sfc_debug:sfdb_call_stack.obj
 0001:00033000       sf_debug_cd_terminate_instance 0000000180034000 f   sfc_debug:sfdb_cycle_detection.obj
 0001:00033060       sf_debug_cd_free_checksum_stack 0000000180034060 f   sfc_debug:sfdb_cycle_detection.obj
 0001:000330b0       sf_debug_cd_reset_pack_strings 00000001800340b0 f   sfc_debug:sfdb_cycle_detection.obj
 0001:00033750       md5file_clear              0000000180034750 f   sfc_debug:ckmd5.obj
 0001:00033780       Encode                     0000000180034780 f   sfc_debug:ckmd5.obj
 0001:000337d0       Decode                     00000001800347d0 f   sfc_debug:ckmd5.obj
 0001:00033870       MD5Transform               0000000180034870 f   sfc_debug:ckmd5.obj
 0001:000340b0       md5file_addn               00000001800350b0 f   sfc_debug:ckmd5.obj
 0001:00034180       md5file_hash               0000000180035180 f   sfc_debug:ckmd5.obj
 0001:00034698       pre_c_init                 0000000180035698 f   MSVCRT:crtdll.obj
 0001:00034954       __DllMainCRTStartup        0000000180035954 f   MSVCRT:crtdll.obj
 0001:00035050       __DllMainCRTStartup$filt$0 0000000180036050 f   MSVCRT:crtdll.obj
 0001:00035080       __DllMainCRTStartup$fin$1  0000000180036080 f   MSVCRT:crtdll.obj
 0001:0003509a       _onexit$fin$0              000000018003609a f   MSVCRT:atonexit.obj
 0001:000350c0       _IsNonwritableInCurrentImage$filt$0 00000001800360c0 f   MSVCRT:pesect.obj
